Component: ARM Compiler 6.13.1 Tool: armlink [5d895400]

==============================================================================

Section Cross References

    startup_stm32f446xx.o(STACK) refers (Special) to heapauxi.o(.text) for __use_two_region_memory
    startup_stm32f446xx.o(HEAP) refers (Special) to heapauxi.o(.text) for __use_two_region_memory
    startup_stm32f446xx.o(RESET) refers (Special) to heapauxi.o(.text) for __use_two_region_memory
    startup_stm32f446xx.o(RESET) refers to startup_stm32f446xx.o(STACK) for __initial_sp
    startup_stm32f446xx.o(RESET) refers to startup_stm32f446xx.o(.text) for Reset_Handler
    startup_stm32f446xx.o(RESET) refers to stm32f4xx_it.o(.text.NMI_Handler) for NMI_Handler
    startup_stm32f446xx.o(RESET) refers to stm32f4xx_it.o(.text.HardFault_Handler) for HardFault_Handler
    startup_stm32f446xx.o(RESET) refers to stm32f4xx_it.o(.text.MemManage_Handler) for MemManage_Handler
    startup_stm32f446xx.o(RESET) refers to stm32f4xx_it.o(.text.BusFault_Handler) for BusFault_Handler
    startup_stm32f446xx.o(RESET) refers to stm32f4xx_it.o(.text.UsageFault_Handler) for UsageFault_Handler
    startup_stm32f446xx.o(RESET) refers to stm32f4xx_it.o(.text.SVC_Handler) for SVC_Handler
    startup_stm32f446xx.o(RESET) refers to stm32f4xx_it.o(.text.DebugMon_Handler) for DebugMon_Handler
    startup_stm32f446xx.o(RESET) refers to stm32f4xx_it.o(.text.PendSV_Handler) for PendSV_Handler
    startup_stm32f446xx.o(RESET) refers to stm32f4xx_it.o(.text.SysTick_Handler) for SysTick_Handler
    startup_stm32f446xx.o(RESET) refers to stm32f4xx_it.o(.text.CAN1_RX0_IRQHandler) for CAN1_RX0_IRQHandler
    startup_stm32f446xx.o(RESET) refers to stm32f4xx_it.o(.text.CAN1_RX1_IRQHandler) for CAN1_RX1_IRQHandler
    startup_stm32f446xx.o(RESET) refers to stm32f4xx_it.o(.text.DMA2_Stream0_IRQHandler) for DMA2_Stream0_IRQHandler
    startup_stm32f446xx.o(RESET) refers to stm32f4xx_it.o(.text.CAN2_RX0_IRQHandler) for CAN2_RX0_IRQHandler
    startup_stm32f446xx.o(RESET) refers to stm32f4xx_it.o(.text.CAN2_RX1_IRQHandler) for CAN2_RX1_IRQHandler
    startup_stm32f446xx.o(.text) refers (Special) to heapauxi.o(.text) for __use_two_region_memory
    startup_stm32f446xx.o(.text) refers to system_stm32f4xx.o(.text.SystemInit) for SystemInit
    startup_stm32f446xx.o(.text) refers to __main.o(!!!main) for __main
    startup_stm32f446xx.o(.text) refers to startup_stm32f446xx.o(HEAP) for Heap_Mem
    startup_stm32f446xx.o(.text) refers to startup_stm32f446xx.o(STACK) for Stack_Mem
    main.o(.text.main) refers to stm32f4xx_hal.o(.text.HAL_Init) for HAL_Init
    main.o(.text.main) refers to main.o(.text.SystemClock_Config) for SystemClock_Config
    main.o(.text.main) refers to gpio.o(.text.MX_GPIO_Init) for MX_GPIO_Init
    main.o(.text.main) refers to dma.o(.text.MX_DMA_Init) for MX_DMA_Init
    main.o(.text.main) refers to can.o(.text.MX_CAN1_Init) for MX_CAN1_Init
    main.o(.text.main) refers to can.o(.text.MX_CAN2_Init) for MX_CAN2_Init
    main.o(.text.main) refers to adc.o(.text.MX_ADC1_Init) for MX_ADC1_Init
    main.o(.text.main) refers to spi.o(.text.MX_SPI1_Init) for MX_SPI1_Init
    main.o(.text.main) refers to tim.o(.text.MX_TIM1_Init) for MX_TIM1_Init
    main.o(.text.main) refers to stm32f4xx_hal_gpio.o(.text.HAL_GPIO_WritePin) for HAL_GPIO_WritePin
    main.o(.text.main) refers to mcu_config.o(.text.MCU_Init) for MCU_Init
    main.o(.ARM.exidx.text.main) refers to main.o(.text.main) for [Anonymous Symbol]
    main.o(.text.SystemClock_Config) refers to stm32f4xx_hal_rcc_ex.o(.text.HAL_RCC_OscConfig) for HAL_RCC_OscConfig
    main.o(.text.SystemClock_Config) refers to stm32f4xx_hal_rcc.o(.text.HAL_RCC_ClockConfig) for HAL_RCC_ClockConfig
    main.o(.ARM.exidx.text.SystemClock_Config) refers to main.o(.text.SystemClock_Config) for [Anonymous Symbol]
    main.o(.ARM.exidx.text.Error_Handler) refers to main.o(.text.Error_Handler) for [Anonymous Symbol]
    gpio.o(.text.MX_GPIO_Init) refers to stm32f4xx_hal_gpio.o(.text.HAL_GPIO_WritePin) for HAL_GPIO_WritePin
    gpio.o(.text.MX_GPIO_Init) refers to stm32f4xx_hal_gpio.o(.text.HAL_GPIO_Init) for HAL_GPIO_Init
    gpio.o(.ARM.exidx.text.MX_GPIO_Init) refers to gpio.o(.text.MX_GPIO_Init) for [Anonymous Symbol]
    adc.o(.text.MX_ADC1_Init) refers to stm32f4xx_hal_adc.o(.text.HAL_ADC_Init) for HAL_ADC_Init
    adc.o(.text.MX_ADC1_Init) refers to main.o(.text.Error_Handler) for Error_Handler
    adc.o(.text.MX_ADC1_Init) refers to stm32f4xx_hal_adc.o(.text.HAL_ADC_ConfigChannel) for HAL_ADC_ConfigChannel
    adc.o(.text.MX_ADC1_Init) refers to adc.o(.bss.hadc1) for hadc1
    adc.o(.ARM.exidx.text.MX_ADC1_Init) refers to adc.o(.text.MX_ADC1_Init) for [Anonymous Symbol]
    adc.o(.text.HAL_ADC_MspInit) refers to rt_memclr_w.o(.text) for __aeabi_memclr4
    adc.o(.text.HAL_ADC_MspInit) refers to stm32f4xx_hal_gpio.o(.text.HAL_GPIO_Init) for HAL_GPIO_Init
[...]
    __arm_cp.4_4                             0x08003940   Number         4  key_driver.o(.text.key_array_init)
    __arm_cp.4_5                             0x08003944   Number         4  key_driver.o(.text.key_array_init)
    __arm_cp.4_6                             0x08003948   Number         4  key_driver.o(.text.key_array_init)
    __arm_cp.4_7                             0x0800394c   Number         4  key_driver.o(.text.key_array_init)
    __arm_cp.4_8                             0x08003950   Number         4  key_driver.o(.text.key_array_init)
    __arm_cp.4_9                             0x08003954   Number         4  key_driver.o(.text.key_array_init)
    __arm_cp.4_10                            0x08003958   Number         4  key_driver.o(.text.key_array_init)
    __arm_cp.4_11                            0x0800395c   Number         4  key_driver.o(.text.key_array_init)
    [Anonymous Symbol]                       0x08003960   Section        0  key_bsp.o(.text.key_bsp_init)
    [Anonymous Symbol]                       0x08003962   Section        0  key_bsp.o(.text.key_bsp_read_pin)
    [Anonymous Symbol]                       0x08003966   Section        0  key_driver.o(.text.key_callback)
    [Anonymous Symbol]                       0x08003984   Section        0  key_driver.o(.text.key_check)
    __arm_cp.5_0                             0x080039d4   Number         4  key_driver.o(.text.key_check)
    __arm_cp.5_2                             0x080039d8   Number         4  key_driver.o(.text.key_check)
    __arm_cp.5_3                             0x080039dc   Number         4  key_driver.o(.text.key_check)
    __arm_cp.5_4                             0x080039e0   Number         4  key_driver.o(.text.key_check)
    __arm_cp.5_5                             0x080039e4   Number         4  key_driver.o(.text.key_check)
    __arm_cp.5_6                             0x080039e8   Number         4  key_driver.o(.text.key_check)
    __arm_cp.5_7                             0x080039ec   Number         4  key_driver.o(.text.key_check)
    [Anonymous Symbol]                       0x080039f0   Section        0  key_driver.o(.text.key_click_double_fun)
    __arm_cp.1_0                             0x080039fc   Number         4  key_driver.o(.text.key_click_double_fun)
    [Anonymous Symbol]                       0x08003a00   Section        0  key_driver.o(.text.key_click_one_fun)
    __arm_cp.0_0                             0x08003a0c   Number         4  key_driver.o(.text.key_click_one_fun)
    [Anonymous Symbol]                       0x08003a10   Section        0  key_driver.o(.text.key_driver_init)
    [Anonymous Symbol]                       0x08003a20   Section        0  key_driver.o(.text.key_long_press_fun)
    __arm_cp.2_0                             0x08003a2c   Number         4  key_driver.o(.text.key_long_press_fun)
    [Anonymous Symbol]                       0x08003a30   Section        0  key_driver.o(.text.key_process)
    __arm_cp.8_0                             0x08003b1c   Number         4  key_driver.o(.text.key_process)
    [Anonymous Symbol]                       0x08003b20   Section        0  led_bsp.o(.text.led_bsp_init)
    __arm_cp.0_0                             0x08003b54   Number         4  led_bsp.o(.text.led_bsp_init)
    [Anonymous Symbol]                       0x08003b58   Section        0  led_bsp.o(.text.led_bsp_off)
    [Anonymous Symbol]                       0x08003b5e   Section        0  led_bsp.o(.text.led_bsp_toggle)
    [Anonymous Symbol]                       0x08003b62   Section        0  led_driver.o(.text.led_driver_init)
    [Anonymous Symbol]                       0x08003b74   Section        0  led_driver.o(.text.led_off)
    [Anonymous Symbol]                       0x08003bb8   Section        0  led_driver.o(.text.led_toggle)
    __arm_cp.4_0                             0x08003bfc   Number         4  led_driver.o(.text.led_toggle)
    [Anonymous Symbol]                       0x08003c00   Section        0  main.o(.text.main)
    __arm_cp.0_0                             0x08003c44   Number         4  main.o(.text.main)
    [Anonymous Symbol]                       0x08003c48   Section        0  key_modlue.o(.text.minus_key)
    [Anonymous Symbol]                       0x08003c64   Section        0  dm4310_drv.o(.text.mit_ctrl)
    [Anonymous Symbol]                       0x08003d38   Section        0  key_modlue.o(.text.motor_clear_err)
    [Anonymous Symbol]                       0x08003d3c   Section        0  key_modlue.o(.text.motor_clear_para)
    [Anonymous Symbol]                       0x08003d40   Section        0  key_modlue.o(.text.motor_enter_set)
    __arm_cp.2_0                             0x08003d50   Number         4  key_modlue.o(.text.motor_enter_set)
    [Anonymous Symbol]                       0x08003d54   Section        0  display.o(.text.motor_id_display)
    __arm_cp.2_0                             0x08003d98   Number         4  display.o(.text.motor_id_display)
    __arm_cp.2_1                             0x08003d9c   Number         4  display.o(.text.motor_id_display)
    [Anonymous Symbol]                       0x08003dac   Section        0  dm4310_ctrl.o(.text.motor_para_add)
    [Anonymous Symbol]                       0x08003e44   Section        0  display.o(.text.motor_para_display)
    __arm_cp.4_1                             0x08003fb0   Number         4  display.o(.text.motor_para_display)
    __arm_cp.4_3                             0x08003fbc   Number         4  display.o(.text.motor_para_display)
    __arm_cp.4_4                             0x08003fc0   Number         4  display.o(.text.motor_para_display)
    [Anonymous Symbol]                       0x08003fd0   Section        0  dm4310_ctrl.o(.text.motor_para_minus)
    __arm_cp.2_0                             0x08004068   Number         4  dm4310_ctrl.o(.text.motor_para_minus)
    __arm_cp.2_1                             0x0800406c   Number         4  dm4310_ctrl.o(.text.motor_para_minus)
    [Anonymous Symbol]                       0x08004070   Section        0  key_modlue.o(.text.motor_set)
    [Anonymous Symbol]                       0x08004074   Section        0  display.o(.text.motor_start_display)
    [Anonymous Symbol]                       0x080040d4   Section        0  key_modlue.o(.text.motor_start_keyfun)
    [Anonymous Symbol]                       0x080040d8   Section        0  key_modlue.o(.text.motor_stop_keyfun)
    [Anonymous Symbol]                       0x080040dc   Section        0  lcd.o(.text.mypow)
    [Anonymous Symbol]                       0x080040ec   Section        0  dm4310_drv.o(.text.pos_speed_ctrl)
    [Anonymous Symbol]                       0x08004132   Section        0  dm4310_drv.o(.text.speed_ctrl)
    [Anonymous Symbol]                       0x0800414a   Section        0  task.o(.text.task_100ms)
    [Anonymous Symbol]                       0x0800414c   Section        0  task.o(.text.task_10ms)
    [Anonymous Symbol]                       0x0800414e   Section        0  task.o(.text.task_1ms)
    [Anonymous Symbol]                       0x0800415c   Section        0  task.o(.text.task_2ms)
    [Anonymous Symbol]                       0x0800415e   Section        0  task.o(.text.task_500ms)
    [Anonymous Symbol]                       0x08004170   Section        0  task.o(.text.task_5ms)
    [Anonymous Symbol]                       0x08004174   Section        0  task.o(.text.task_init)
    __arm_cp.0_0                             0x080041a4   Number         4  task.o(.text.task_init)
    __arm_cp.0_1                             0x080041a8   Number         4  task.o(.text.task_init)
    __arm_cp.0_2                             0x080041ac   Number         4  task.o(.text.task_init)
    __arm_cp.0_3                             0x080041b0   Number         4  task.o(.text.task_init)
    __arm_cp.0_4                             0x080041b4   Number         4  task.o(.text.task_init)
    __arm_cp.0_5                             0x080041b8   Number         4  task.o(.text.task_init)
    __arm_cp.0_6                             0x080041bc   Number         4  task.o(.text.task_init)
    $v0                                      0x080041c0   Number         0  fpinit.o(x$fpl$fpinit)
    x$fpl$fpinit                             0x080041c0   Section       26  fpinit.o(x$fpl$fpinit)
    [Anonymous Symbol]                       0x080041dc   Section        0  dm4310_ctrl.o(.rodata..Lswitch.table.ctrl_minus)
    [Anonymous Symbol]                       0x080041e8   Section        0  display.o(.rodata..Lswitch.table.motor_id_display.20)
    .L.str.3                                 0x080075f8   Data           7  display.o(.rodata.str1.1)
    [Anonymous Symbol]                       0x080075f8   Section        0  display.o(.rodata.str1.1)
    .L.str.4                                 0x080075ff   Data           7  display.o(.rodata.str1.1)
    .L.str.5                                 0x08007606   Data           7  display.o(.rodata.str1.1)
    .L.str.17                                0x0800760d   Data           6  display.o(.rodata.str1.1)
    .L.str.15                                0x08007613   Data           6  display.o(.rodata.str1.1)
    .L.str.16                                0x08007619   Data           6  display.o(.rodata.str1.1)
    .L.str.14                                0x0800761f   Data           6  display.o(.rodata.str1.1)
    .L.str.12                                0x08007625   Data           4  display.o(.rodata.str1.1)
    .L.str.13                                0x08007629   Data           6  display.o(.rodata.str1.1)
    .L.str.8                                 0x0800762f   Data           3  display.o(.rodata.str1.1)
    .L.str.9                                 0x08007632   Data           7  display.o(.rodata.str1.1)
    .L.str.11                                0x08007639   Data           7  display.o(.rodata.str1.1)
    .L.str.10                                0x08007640   Data           7  display.o(.rodata.str1.1)
    [Anonymous Symbol]                       0x20000000   Section        0  stm32f4xx_hal.o(.data..L_MergedGlobals)
    .bss                                     0x20000010   Section       96  libspace.o(.bss)
    [Anonymous Symbol]                       0x20000070   Section        0  adc_modlue.o(.bss..L_MergedGlobals)
    [Anonymous Symbol]                       0x2000007c   Section        0  key_modlue.o(.bss..L_MergedGlobals)
    [Anonymous Symbol]                       0x20000080   Section        0  scheduler.o(.bss..L_MergedGlobals)
    HAL_RCC_CAN1_CLK_ENABLED                 0x2000008c   Data           4  can.o(.bss.HAL_RCC_CAN1_CLK_ENABLED)
    [Anonymous Symbol]                       0x2000008c   Section        0  can.o(.bss.HAL_RCC_CAN1_CLK_ENABLED)
    led_get_color.ret                        0x20000410   Data           8  led_driver.o(.bss.led_get_color.ret)
    [Anonymous Symbol]                       0x20000410   Section        0  led_driver.o(.bss.led_get_color.ret)
    Heap_Mem                                 0x20000888   Data        1024  startup_stm32f446xx.o(HEAP)
    HEAP                                     0x20000888   Section     1024  startup_stm32f446xx.o(HEAP)
    Stack_Mem                                0x20000c88   Data        2048  startup_stm32f446xx.o(STACK)
    STACK                                    0x20000c88   Section     2048  startup_stm32f446xx.o(STACK)
    __initial_sp                             0x20001488   Data           0  startup_stm32f446xx.o(STACK)

    Global Symbols

    Symbol Name                              Value     Ov Type        Size  Object(Section)

    BuildAttributes$$THM_ISAv4$E$P$D$K$B$S$7EM$VFPi3$EXTD16$VFPS$VFMA$PE$A:L22UL41UL21$X:L11$S22US41US21$IEEE1$IW$~IW$USESV6$~STKCKD$USESV7$~SHL$OSPACE$ROPI$EBA8$UX$STANDARDLIB$REQ8$PRES8$EABIv2 0x00000000   Number         0  anon$$obj.o ABSOLUTE
    __ARM_exceptions_init                     - Undefined Weak Reference
    __alloca_initialize                       - Undefined Weak Reference
    __arm_preinit_                            - Undefined Weak Reference
    __cpp_initialize__aeabi_                  - Undefined Weak Reference
    __cxa_finalize                            - Undefined Weak Reference
    __rt_locale                               - Undefined Weak Reference
    __sigvec_lookup                           - Undefined Weak Reference
    _atexit_init                              - Undefined Weak Reference
    _call_atexit_fns                          - Undefined Weak Reference
    _clock_init                               - Undefined Weak Reference
    _fp_trap_init                             - Undefined Weak Reference
    _fp_trap_shutdown                         - Undefined Weak Reference
    _get_lc_collate                           - Undefined Weak Reference
    _get_lc_ctype                             - Undefined Weak Reference
    _get_lc_monetary                          - Undefined Weak Reference
    _get_lc_numeric                           - Undefined Weak Reference
    _get_lc_time                              - Undefined Weak Reference
    _getenv_init                              - Undefined Weak Reference
    _handle_redirection                       - Undefined Weak Reference
    _init_alloc                               - Undefined Weak Reference
    _init_user_alloc                          - Undefined Weak Reference
    _initio                                   - Undefined Weak Reference
    _rand_init                                - Undefined Weak Reference
    _signal_finish                            - Undefined Weak Reference
    _signal_init                              - Undefined Weak Reference
    _terminate_alloc                          - Undefined Weak Reference
    _terminate_user_alloc                     - Undefined Weak Reference
    _terminateio                              - Undefined Weak Reference
    __Vectors_Size                           0x000001c4   Number         0  startup_stm32f446xx.o ABSOLUTE
    __Vectors                                0x08000000   Data           4  startup_stm32f446xx.o(RESET)
    __Vectors_End                            0x080001c4   Data           0  startup_stm32f446xx.o(RESET)
    __main                                   0x080001c5   Thumb Code     8  __main.o(!!!main)
    __scatterload                            0x080001cd   Thumb Code     0  __scatter.o(!!!scatter)
    __scatterload_rt2                        0x080001cd   Thumb Code    44  __scatter.o(!!!scatter)
    __scatterload_rt2_thumb_only             0x080001cd   Thumb Code     0  __scatter.o(!!!scatter)
    __scatterload_null                       0x080001db   Thumb Code     0  __scatter.o(!!!scatter)
    __scatterload_copy                       0x08000201   Thumb Code    26  __scatter_copy.o(!!handler_copy)
    __scatterload_zeroinit                   0x0800021d   Thumb Code    28  __scatter_zi.o(!!handler_zi)
    __rt_lib_init                            0x08000239   Thumb Code     0  libinit.o(.ARM.Collect$$libinit$$00000000)
    __rt_lib_init_fp_1                       0x0800023b   Thumb Code     0  libinit2.o(.ARM.Collect$$libinit$$00000001)
    __rt_lib_init_alloca_1                   0x0800023f   Thumb Code     0  libinit2.o(.ARM.Collect$$libinit$$0000002E)
    __rt_lib_init_argv_1                     0x0800023f   Thumb Code     0  libinit2.o(.ARM.Collect$$libinit$$0000002C)
    __rt_lib_init_atexit_1                   0x0800023f   Thumb Code     0  libinit2.o(.ARM.Collect$$libinit$$0000001B)
    __rt_lib_init_clock_1                    0x0800023f   Thumb Code     0  libinit2.o(.ARM.Collect$$libinit$$00000021)
    __rt_lib_init_cpp_1                      0x0800023f   Thumb Code     0  libinit2.o(.ARM.Collect$$libinit$$00000032)
    __rt_lib_init_exceptions_1               0x0800023f   Thumb Code     0  libinit2.o(.ARM.Collect$$libinit$$00000030)
    __rt_lib_init_fp_trap_1                  0x0800023f   Thumb Code     0  libinit2.o(.ARM.Collect$$libinit$$0000001F)
    __rt_lib_init_getenv_1                   0x0800023f   Thumb Code     0  libinit2.o(.ARM.Collect$$libinit$$00000023)
    __rt_lib_init_heap_1                     0x0800023f   Thumb Code     0  libinit2.o(.ARM.Collect$$libinit$$0000000A)
    __rt_lib_init_lc_collate_1               0x0800023f   Thumb Code     0  libinit2.o(.ARM.Collect$$libinit$$00000011)
    __rt_lib_init_lc_ctype_1                 0x0800023f   Thumb Code     0  libinit2.o(.ARM.Collect$$libinit$$00000013)
    __rt_lib_init_lc_monetary_1              0x0800023f   Thumb Code     0  libinit2.o(.ARM.Collect$$libinit$$00000015)
    __rt_lib_init_lc_numeric_1               0x0800023f   Thumb Code     0  libinit2.o(.ARM.Collect$$libinit$$00000017)
    __rt_lib_init_lc_time_1                  0x0800023f   Thumb Code     0  libinit2.o(.ARM.Collect$$libinit$$00000019)
    __rt_lib_init_preinit_1                  0x0800023f   Thumb Code     0  libinit2.o(.ARM.Collect$$libinit$$00000004)
    __rt_lib_init_rand_1                     0x0800023f   Thumb Code     0  libinit2.o(.ARM.Collect$$libinit$$0000000E)
    __rt_lib_init_return                     0x0800023f   Thumb Code     0  libinit2.o(.ARM.Collect$$libinit$$00000033)
    __rt_lib_init_signal_1                   0x0800023f   Thumb Code     0  libinit2.o(.ARM.Collect$$libinit$$0000001D)
    __rt_lib_init_stdio_1                    0x0800023f   Thumb Code     0  libinit2.o(.ARM.Collect$$libinit$$00000025)
    __rt_lib_init_user_alloc_1               0x0800023f   Thumb Code     0  libinit2.o(.ARM.Collect$$libinit$$0000000C)
    __rt_lib_shutdown                        0x08000241   Thumb Code     0  libshutdown.o(.ARM.Collect$$libshutdown$$00000000)
    __rt_lib_shutdown_cpp_1                  0x08000243   Thumb Code     0  libshutdown2.o(.ARM.Collect$$libshutdown$$00000002)
    __rt_lib_shutdown_fp_trap_1              0x08000243   Thumb Code     0  libshutdown2.o(.ARM.Collect$$libshutdown$$00000007)
    __rt_lib_shutdown_heap_1                 0x08000243   Thumb Code     0  libshutdown2.o(.ARM.Collect$$libshutdown$$0000000F)
    __rt_lib_shutdown_return                 0x08000243   Thumb Code     0  libshutdown2.o(.ARM.Collect$$libshutdown$$00000010)
    __rt_lib_shutdown_signal_1               0x08000243   Thumb Code     0  libshutdown2.o(.ARM.Collect$$libshutdown$$0000000A)
    __rt_lib_shutdown_stdio_1                0x08000243   Thumb Code     0  libshutdown2.o(.ARM.Collect$$libshutdown$$00000004)
    __rt_lib_shutdown_user_alloc_1           0x08000243   Thumb Code     0  libshutdown2.o(.ARM.Collect$$libshutdown$$0000000C)
    __rt_entry                               0x08000245   Thumb Code     0  __rtentry.o(.ARM.Collect$$rtentry$$00000000)
    __rt_entry_presh_1                       0x08000245   Thumb Code     0  __rtentry2.o(.ARM.Collect$$rtentry$$00000002)
    __rt_entry_sh                            0x08000245   Thumb Code     0  __rtentry4.o(.ARM.Collect$$rtentry$$00000004)
    __rt_entry_li                            0x0800024b   Thumb Code     0  __rtentry2.o(.ARM.Collect$$rtentry$$0000000A)
    __rt_entry_postsh_1                      0x0800024b   Thumb Code     0  __rtentry2.o(.ARM.Collect$$rtentry$$00000009)
    __rt_entry_main                          0x0800024f   Thumb Code     0  __rtentry2.o(.ARM.Collect$$rtentry$$0000000D)
    __rt_entry_postli_1                      0x0800024f   Thumb Code     0  __rtentry2.o(.ARM.Collect$$rtentry$$0000000C)
    __rt_exit                                0x08000257   Thumb Code     0  rtexit.o(.ARM.Collect$$rtexit$$00000000)
    __rt_exit_ls                             0x08000259   Thumb Code     0  rtexit2.o(.ARM.Collect$$rtexit$$00000003)
    __rt_exit_prels_1                        0x08000259   Thumb Code     0  rtexit2.o(.ARM.Collect$$rtexit$$00000002)
    __rt_exit_exit                           0x0800025d   Thumb Code     0  rtexit2.o(.ARM.Collect$$rtexit$$00000004)
    Reset_Handler                            0x08000265   Thumb Code     8  startup_stm32f446xx.o(.text)
    ADC_IRQHandler                           0x0800027f   Thumb Code     0  startup_stm32f446xx.o(.text)
    CAN1_SCE_IRQHandler                      0x0800027f   Thumb Code     0  startup_stm32f446xx.o(.text)
    CAN1_TX_IRQHandler                       0x0800027f   Thumb Code     0  startup_stm32f446xx.o(.text)
    CAN2_SCE_IRQHandler                      0x0800027f   Thumb Code     0  startup_stm32f446xx.o(.text)
    CAN2_TX_IRQHandler                       0x0800027f   Thumb Code     0  startup_stm32f446xx.o(.text)
    CEC_IRQHandler                           0x0800027f   Thumb Code     0  startup_stm32f446xx.o(.text)
    DCMI_IRQHandler                          0x0800027f   Thumb Code     0  startup_stm32f446xx.o(.text)
    DMA1_Stream0_IRQHandler                  0x0800027f   Thumb Code     0  startup_stm32f446xx.o(.text)
    DMA1_Stream1_IRQHandler                  0x0800027f   Thumb Code     0  startup_stm32f446xx.o(.text)
    DMA1_Stream2_IRQHandler                  0x0800027f   Thumb Code     0  startup_stm32f446xx.o(.text)
    DMA1_Stream3_IRQHandler                  0x0800027f   Thumb Code     0  startup_stm32f446xx.o(.text)
    DMA1_Stream4_IRQHandler                  0x0800027f   Thumb Code     0  startup_stm32f446xx.o(.text)
    DMA1_Stream5_IRQHandler                  0x0800027f   Thumb Code     0  startup_stm32f446xx.o(.text)
    DMA1_Stream6_IRQHandler                  0x0800027f   Thumb Code     0  startup_stm32f446xx.o(.text)
    DMA1_Stream7_IRQHandler                  0x0800027f   Thumb Code     0  startup_stm32f446xx.o(.text)
    DMA2_Stream1_IRQHandler                  0x0800027f   Thumb Code     0  startup_stm32f446xx.o(.text)
    DMA2_Stream2_IRQHandler                  0x0800027f   Thumb Code     0  startup_stm32f446xx.o(.text)
    DMA2_Stream3_IRQHandler                  0x0800027f   Thumb Code     0  startup_stm32f446xx.o(.text)
    DMA2_Stream4_IRQHandler                  0x0800027f   Thumb Code     0  startup_stm32f446xx.o(.text)
    DMA2_Stream5_IRQHandler                  0x0800027f   Thumb Code     0  startup_stm32f446xx.o(.text)
    DMA2_Stream6_IRQHandler                  0x0800027f   Thumb Code     0  startup_stm32f446xx.o(.text)
    DMA2_Stream7_IRQHandler                  0x0800027f   Thumb Code     0  startup_stm32f446xx.o(.text)
    EXTI0_IRQHandler                         0x0800027f   Thumb Code     0  startup_stm32f446xx.o(.text)
    EXTI15_10_IRQHandler                     0x0800027f   Thumb Code     0  startup_stm32f446xx.o(.text)
    EXTI1_IRQHandler                         0x0800027f   Thumb Code     0  startup_stm32f446xx.o(.text)
    EXTI2_IRQHandler                         0x0800027f   Thumb Code     0  startup_stm32f446xx.o(.text)
    EXTI3_IRQHandler                         0x0800027f   Thumb Code     0  startup_stm32f446xx.o(.text)
    EXTI4_IRQHandler                         0x0800027f   Thumb Code     0  startup_stm32f446xx.o(.text)
    EXTI9_5_IRQHandler                       0x0800027f   Thumb Code     0  startup_stm32f446xx.o(.text)
    FLASH_IRQHandler                         0x0800027f   Thumb Code     0  startup_stm32f446xx.o(.text)
    FMC_IRQHandler                           0x0800027f   Thumb Code     0  startup_stm32f446xx.o(.text)
    FMPI2C1_ER_IRQHandler                    0x0800027f   Thumb Code     0  startup_stm32f446xx.o(.text)
    FMPI2C1_EV_IRQHandler                    0x0800027f   Thumb Code     0  startup_stm32f446xx.o(.text)
    FPU_IRQHandler                           0x0800027f   Thumb Code     0  startup_stm32f446xx.o(.text)
    I2C1_ER_IRQHandler                       0x0800027f   Thumb Code     0  startup_stm32f446xx.o(.text)
    I2C1_EV_IRQHandler                       0x0800027f   Thumb Code     0  startup_stm32f446xx.o(.text)
    I2C2_ER_IRQHandler                       0x0800027f   Thumb Code     0  startup_stm32f446xx.o(.text)
    I2C2_EV_IRQHandler                       0x0800027f   Thumb Code     0  startup_stm32f446xx.o(.text)
    I2C3_ER_IRQHandler                       0x0800027f   Thumb Code     0  startup_stm32f446xx.o(.text)
    I2C3_EV_IRQHandler                       0x0800027f   Thumb Code     0  startup_stm32f446xx.o(.text)
    OTG_FS_IRQHandler                        0x0800027f   Thumb Code     0  startup_stm32f446xx.o(.text)
    OTG_FS_WKUP_IRQHandler                   0x0800027f   Thumb Code     0  startup_stm32f446xx.o(.text)
    OTG_HS_EP1_IN_IRQHandler                 0x0800027f   Thumb Code     0  startup_stm32f446xx.o(.text)
    OTG_HS_EP1_OUT_IRQHandler                0x0800027f   Thumb Code     0  startup_stm32f446xx.o(.text)
    OTG_HS_IRQHandler                        0x0800027f   Thumb Code     0  startup_stm32f446xx.o(.text)
    OTG_HS_WKUP_IRQHandler                   0x0800027f   Thumb Code     0  startup_stm32f446xx.o(.text)
    PVD_IRQHandler                           0x0800027f   Thumb Code     0  startup_stm32f446xx.o(.text)
    QUADSPI_IRQHandler                       0x0800027f   Thumb Code     0  startup_stm32f446xx.o(.text)
    RCC_IRQHandler                           0x0800027f   Thumb Code     0  startup_stm32f446xx.o(.text)
    RTC_Alarm_IRQHandler                     0x0800027f   Thumb Code     0  startup_stm32f446xx.o(.text)
    RTC_WKUP_IRQHandler                      0x0800027f   Thumb Code     0  startup_stm32f446xx.o(.text)
    SAI1_IRQHandler                          0x0800027f   Thumb Code     0  startup_stm32f446xx.o(.text)
    SAI2_IRQHandler                          0x0800027f   Thumb Code     0  startup_stm32f446xx.o(.text)
    SDIO_IRQHandler                          0x0800027f   Thumb Code     0  startup_stm32f446xx.o(.text)
    SPDIF_RX_IRQHandler                      0x0800027f   Thumb Code     0  startup_stm32f446xx.o(.text)
    SPI1_IRQHandler                          0x0800027f   Thumb Code     0  startup_stm32f446xx.o(.text)
    SPI2_IRQHandler                          0x0800027f   Thumb Code     0  startup_stm32f446xx.o(.text)
    SPI3_IRQHandler                          0x0800027f   Thumb Code     0  startup_stm32f446xx.o(.text)
    SPI4_IRQHandler                          0x0800027f   Thumb Code     0  startup_stm32f446xx.o(.text)
    TAMP_STAMP_IRQHandler                    0x0800027f   Thumb Code     0  startup_stm32f446xx.o(.text)
    TIM1_BRK_TIM9_IRQHandler                 0x0800027f   Thumb Code     0  startup_stm32f446xx.o(.text)
    TIM1_CC_IRQHandler                       0x0800027f   Thumb Code     0  startup_stm32f446xx.o(.text)
    TIM1_TRG_COM_TIM11_IRQHandler            0x0800027f   Thumb Code     0  startup_stm32f446xx.o(.text)
    TIM1_UP_TIM10_IRQHandler                 0x0800027f   Thumb Code     0  startup_stm32f446xx.o(.text)
    TIM2_IRQHandler                          0x0800027f   Thumb Code     0  startup_stm32f446xx.o(.text)
    TIM3_IRQHandler                          0x0800027f   Thumb Code     0  startup_stm32f446xx.o(.text)
    TIM4_IRQHandler                          0x0800027f   Thumb Code     0  startup_stm32f446xx.o(.text)
    TIM5_IRQHandler                          0x0800027f   Thumb Code     0  startup_stm32f446xx.o(.text)
    TIM6_DAC_IRQHandler                      0x0800027f   Thumb Code     0  startup_stm32f446xx.o(.text)
    TIM7_IRQHandler                          0x0800027f   Thumb Code     0  startup_stm32f446xx.o(.text)
    TIM8_BRK_TIM12_IRQHandler                0x0800027f   Thumb Code     0  startup_stm32f446xx.o(.text)
    TIM8_CC_IRQHandler                       0x0800027f   Thumb Code     0  startup_stm32f446xx.o(.text)
    TIM8_TRG_COM_TIM14_IRQHandler            0x0800027f   Thumb Code     0  startup_stm32f446xx.o(.text)
    TIM8_UP_TIM13_IRQHandler                 0x0800027f   Thumb Code     0  startup_stm32f446xx.o(.text)
    UART4_IRQHandler                         0x0800027f   Thumb Code     0  startup_stm32f446xx.o(.text)
    UART5_IRQHandler                         0x0800027f   Thumb Code     0  startup_stm32f446xx.o(.text)
    USART1_IRQHandler                        0x0800027f   Thumb Code     0  startup_stm32f446xx.o(.text)
    USART2_IRQHandler                        0x0800027f   Thumb Code     0  startup_stm32f446xx.o(.text)
    USART3_IRQHandler                        0x0800027f   Thumb Code     0  startup_stm32f446xx.o(.text)
    USART6_IRQHandler                        0x0800027f   Thumb Code     0  startup_stm32f446xx.o(.text)
    WWDG_IRQHandler                          0x0800027f   Thumb Code     0  startup_stm32f446xx.o(.text)
    __user_initial_stackheap                 0x08000281   Thumb Code     0  startup_stm32f446xx.o(.text)
    __aeabi_uldivmod                         0x080002a5   Thumb Code     0  lludivv7m.o(.text)
    _ll_udiv                                 0x080002a5   Thumb Code   240  lludivv7m.o(.text)
    __aeabi_memclr4                          0x08000395   Thumb Code     0  rt_memclr_w.o(.text)
    __aeabi_memclr8                          0x08000395   Thumb Code     0  rt_memclr_w.o(.text)
    __rt_memclr_w                            0x08000395   Thumb Code    78  rt_memclr_w.o(.text)
    _memset_w                                0x08000399   Thumb Code     0  rt_memclr_w.o(.text)
    __use_two_region_memory                  0x080003e3   Thumb Code     2  heapauxi.o(.text)
    __rt_heap_escrow$2region                 0x080003e5   Thumb Code     2  heapauxi.o(.text)
    __rt_heap_expand$2region                 0x080003e7   Thumb Code     2  heapauxi.o(.text)
    __user_setup_stackheap                   0x080003e9   Thumb Code    74  sys_stackheap_outer.o(.text)
    exit                                     0x08000433   Thumb Code    18  exit.o(.text)
    __user_libspace                          0x08000445   Thumb Code     8  libspace.o(.text)
    __user_perproc_libspace                  0x08000445   Thumb Code     0  libspace.o(.text)
    __user_perthread_libspace                0x08000445   Thumb Code     0  libspace.o(.text)
    _sys_exit                                0x0800044d   Thumb Code     8  sys_exit.o(.text)
    __I$use$semihosting                      0x08000459   Thumb Code     0  use_no_semi.o(.text)
    __use_no_semihosting_swi                 0x08000459   Thumb Code     2  use_no_semi.o(.text)
    __semihosting_library_function           0x0800045b   Thumb Code     0  indicate_semi.o(.text)
    BusFault_Handler                         0x080004d9   Thumb Code     2  stm32f4xx_it.o(.text.BusFault_Handler)
    CAN1_RX0_IRQHandler                      0x080004dd   Thumb Code     8  stm32f4xx_it.o(.text.CAN1_RX0_IRQHandler)
    CAN1_RX1_IRQHandler                      0x080004e5   Thumb Code    12  stm32f4xx_it.o(.text.CAN1_RX1_IRQHandler)
    CAN2_RX0_IRQHandler                      0x080004f1   Thumb Code     8  stm32f4xx_it.o(.text.CAN2_RX0_IRQHandler)
    CAN2_RX1_IRQHandler                      0x080004f9   Thumb Code    12  stm32f4xx_it.o(.text.CAN2_RX1_IRQHandler)
    DMA2_Stream0_IRQHandler                  0x08000505   Thumb Code     8  stm32f4xx_it.o(.text.DMA2_Stream0_IRQHandler)
    DebugMon_Handler                         0x08000563   Thumb Code     2  stm32f4xx_it.o(.text.DebugMon_Handler)
    Error_Handler                            0x08000565   Thumb Code     2  main.o(.text.Error_Handler)
    HAL_ADC_ConfigChannel                    0x08000569   Thumb Code   252  stm32f4xx_hal_adc.o(.text.HAL_ADC_ConfigChannel)
    HAL_ADC_ConvCpltCallback                 0x08000665   Thumb Code     2  stm32f4xx_hal_adc.o(.text.HAL_ADC_ConvCpltCallback)
    HAL_ADC_ConvHalfCpltCallback             0x08000667   Thumb Code     2  stm32f4xx_hal_adc.o(.text.HAL_ADC_ConvHalfCpltCallback)
    HAL_ADC_ErrorCallback                    0x08000669   Thumb Code     2  stm32f4xx_hal_adc.o(.text.HAL_ADC_ErrorCallback)
    HAL_ADC_Init                             0x0800066d   Thumb Code   324  stm32f4xx_hal_adc.o(.text.HAL_ADC_Init)
    HAL_ADC_MspInit                          0x080007b1   Thumb Code   160  adc.o(.text.HAL_ADC_MspInit)
    HAL_ADC_Start_DMA                        0x08000851   Thumb Code   292  stm32f4xx_hal_adc.o(.text.HAL_ADC_Start_DMA)
    HAL_CAN_ActivateNotification             0x08000975   Thumb Code    38  stm32f4xx_hal_can.o(.text.HAL_CAN_ActivateNotification)
    HAL_CAN_AddTxMessage                     0x0800099b   Thumb Code   152  stm32f4xx_hal_can.o(.text.HAL_CAN_AddTxMessage)
    HAL_CAN_ConfigFilter                     0x08000a35   Thumb Code   212  stm32f4xx_hal_can.o(.text.HAL_CAN_ConfigFilter)
    HAL_CAN_ErrorCallback                    0x08000b09   Thumb Code     2  stm32f4xx_hal_can.o(.text.HAL_CAN_ErrorCallback)
    HAL_CAN_GetRxMessage                     0x08000b0b   Thumb Code   260  stm32f4xx_hal_can.o(.text.HAL_CAN_GetRxMessage)
    HAL_CAN_IRQHandler                       0x08000c11   Thumb Code   504  stm32f4xx_hal_can.o(.text.HAL_CAN_IRQHandler)
    HAL_CAN_Init                             0x08000e09   Thumb Code   240  stm32f4xx_hal_can.o(.text.HAL_CAN_Init)
    HAL_CAN_MspInit                          0x08000ef9   Thumb Code   256  can.o(.text.HAL_CAN_MspInit)
    HAL_CAN_RxFifo0FullCallback              0x08000ff9   Thumb Code     2  stm32f4xx_hal_can.o(.text.HAL_CAN_RxFifo0FullCallback)
    HAL_CAN_RxFifo0MsgPendingCallback        0x08000ffd   Thumb Code    32  can_bsp.o(.text.HAL_CAN_RxFifo0MsgPendingCallback)
    HAL_CAN_RxFifo1FullCallback              0x0800101d   Thumb Code     2  stm32f4xx_hal_can.o(.text.HAL_CAN_RxFifo1FullCallback)
    HAL_CAN_RxFifo1MsgPendingCallback        0x0800101f   Thumb Code     2  stm32f4xx_hal_can.o(.text.HAL_CAN_RxFifo1MsgPendingCallback)
    HAL_CAN_SleepCallback                    0x08001021   Thumb Code     2  stm32f4xx_hal_can.o(.text.HAL_CAN_SleepCallback)
    HAL_CAN_Start                            0x08001023   Thumb Code    86  stm32f4xx_hal_can.o(.text.HAL_CAN_Start)
    HAL_CAN_TxMailbox0AbortCallback          0x08001079   Thumb Code     2  stm32f4xx_hal_can.o(.text.HAL_CAN_TxMailbox0AbortCallback)
    HAL_CAN_TxMailbox0CompleteCallback       0x0800107b   Thumb Code     2  stm32f4xx_hal_can.o(.text.HAL_CAN_TxMailbox0CompleteCallback)
    HAL_CAN_TxMailbox1AbortCallback          0x0800107d   Thumb Code     2  stm32f4xx_hal_can.o(.text.HAL_CAN_TxMailbox1AbortCallback)
    HAL_CAN_TxMailbox1CompleteCallback       0x0800107f   Thumb Code     2  stm32f4xx_hal_can.o(.text.HAL_CAN_TxMailbox1CompleteCallback)
    HAL_CAN_TxMailbox2AbortCallback          0x08001081   Thumb Code     2  stm32f4xx_hal_can.o(.text.HAL_CAN_TxMailbox2AbortCallback)
    HAL_CAN_TxMailbox2CompleteCallback       0x08001083   Thumb Code     2  stm32f4xx_hal_can.o(.text.HAL_CAN_TxMailbox2CompleteCallback)
    HAL_CAN_WakeUpFromRxMsgCallback          0x08001085   Thumb Code     2  stm32f4xx_hal_can.o(.text.HAL_CAN_WakeUpFromRxMsgCallback)
    HAL_DMA_IRQHandler                       0x08001089   Thumb Code   368  stm32f4xx_hal_dma.o(.text.HAL_DMA_IRQHandler)
    HAL_DMA_Init                             0x080011f9   Thumb Code   280  stm32f4xx_hal_dma.o(.text.HAL_DMA_Init)
    HAL_DMA_Start_IT                         0x08001311   Thumb Code    98  stm32f4xx_hal_dma.o(.text.HAL_DMA_Start_IT)
    HAL_Delay                                0x08001375   Thumb Code    32  stm32f4xx_hal.o(.text.HAL_Delay)
    HAL_GPIO_Init                            0x08001395   Thumb Code   412  stm32f4xx_hal_gpio.o(.text.HAL_GPIO_Init)
    HAL_GPIO_ReadPin                         0x08001531   Thumb Code    10  stm32f4xx_hal_gpio.o(.text.HAL_GPIO_ReadPin)
    HAL_GPIO_TogglePin                       0x0800153b   Thumb Code    14  stm32f4xx_hal_gpio.o(.text.HAL_GPIO_TogglePin)
    HAL_GPIO_WritePin                        0x08001549   Thumb Code    10  stm32f4xx_hal_gpio.o(.text.HAL_GPIO_WritePin)
    HAL_GetTick                              0x08001555   Thumb Code     8  stm32f4xx_hal.o(.text.HAL_GetTick)
    HAL_IncTick                              0x0800155d   Thumb Code    20  stm32f4xx_hal.o(.text.HAL_IncTick)
    HAL_Init                                 0x08001571   Thumb Code    52  stm32f4xx_hal.o(.text.HAL_Init)
    HAL_InitTick                             0x080015a5   Thumb Code    60  stm32f4xx_hal.o(.text.HAL_InitTick)
    HAL_MspInit                              0x080015e1   Thumb Code    56  stm32f4xx_hal_msp.o(.text.HAL_MspInit)
    HAL_NVIC_EnableIRQ                       0x08001619   Thumb Code    28  stm32f4xx_hal_cortex.o(.text.HAL_NVIC_EnableIRQ)
    HAL_NVIC_SetPriority                     0x08001635   Thumb Code    56  stm32f4xx_hal_cortex.o(.text.HAL_NVIC_SetPriority)
    HAL_NVIC_SetPriorityGrouping             0x0800166d   Thumb Code    32  stm32f4xx_hal_cortex.o(.text.HAL_NVIC_SetPriorityGrouping)
    HAL_RCC_ClockConfig                      0x0800168d   Thumb Code   300  stm32f4xx_hal_rcc.o(.text.HAL_RCC_ClockConfig)
    HAL_RCC_GetSysClockFreq                  0x080017b9   Thumb Code   140  stm32f4xx_hal_rcc_ex.o(.text.HAL_RCC_GetSysClockFreq)
    HAL_RCC_OscConfig                        0x08001845   Thumb Code   772  stm32f4xx_hal_rcc_ex.o(.text.HAL_RCC_OscConfig)
    HAL_SPI_Init                             0x08001b49   Thumb Code   120  stm32f4xx_hal_spi.o(.text.HAL_SPI_Init)
    HAL_SPI_MspInit                          0x08001bc1   Thumb Code   104  spi.o(.text.HAL_SPI_MspInit)
    HAL_SPI_Transmit                         0x08001c29   Thumb Code   348  stm32f4xx_hal_spi.o(.text.HAL_SPI_Transmit)
    HAL_SYSTICK_Config                       0x08001d85   Thumb Code    40  stm32f4xx_hal_cortex.o(.text.HAL_SYSTICK_Config)
    HAL_TIMEx_ConfigBreakDeadTime            0x08001dad   Thumb Code    78  stm32f4xx_hal_tim_ex.o(.text.HAL_TIMEx_ConfigBreakDeadTime)
    HAL_TIMEx_MasterConfigSynchronization    0x08001dfd   Thumb Code   136  stm32f4xx_hal_tim_ex.o(.text.HAL_TIMEx_MasterConfigSynchronization)
    HAL_TIM_MspPostInit                      0x08001e85   Thumb Code    84  tim.o(.text.HAL_TIM_MspPostInit)
    HAL_TIM_PWM_ConfigChannel                0x08001ed9   Thumb Code   156  stm32f4xx_hal_tim.o(.text.HAL_TIM_PWM_ConfigChannel)
    HAL_TIM_PWM_Init                         0x08001f75   Thumb Code    52  stm32f4xx_hal_tim.o(.text.HAL_TIM_PWM_Init)
    HAL_TIM_PWM_MspInit                      0x08001fa9   Thumb Code    48  tim.o(.text.HAL_TIM_PWM_MspInit)
    HAL_TIM_PWM_Start                        0x08001fd9   Thumb Code    60  stm32f4xx_hal_tim.o(.text.HAL_TIM_PWM_Start)
    HardFault_Handler                        0x08002015   Thumb Code     2  stm32f4xx_it.o(.text.HardFault_Handler)
    LCD_Address_Set                          0x08002019   Thumb Code    64  lcd.o(.text.LCD_Address_Set)
    LCD_DrawLine                             0x08002059   Thumb Code   158  lcd.o(.text.LCD_DrawLine)
    LCD_DrawPoint                            0x080020f7   Thumb Code    22  lcd.o(.text.LCD_DrawPoint)
    LCD_Fill                                 0x0800210d   Thumb Code    60  lcd.o(.text.LCD_Fill)
    LCD_Init                                 0x08002149   Thumb Code   312  lcd.o(.text.LCD_Init)
    LCD_ShowChar                             0x08002281   Thumb Code   300  lcd.o(.text.LCD_ShowChar)
    LCD_ShowFloatNum                         0x080023ad   Thumb Code   326  lcd.o(.text.LCD_ShowFloatNum)
    LCD_ShowFloatNum1                        0x080024f3   Thumb Code   246  lcd.o(.text.LCD_ShowFloatNum1)
    LCD_ShowString                           0x080025e9   Thumb Code    60  lcd.o(.text.LCD_ShowString)
    LCD_WR_DATA                              0x08002625   Thumb Code    20  lcd.o(.text.LCD_WR_DATA)
    LCD_WR_REG                               0x08002639   Thumb Code    40  lcd.o(.text.LCD_WR_REG)
    LCD_Writ_Bus                             0x08002661   Thumb Code    48  lcd.o(.text.LCD_Writ_Bus)
    MCU_Init                                 0x08002691   Thumb Code    60  mcu_config.o(.text.MCU_Init)
    MX_ADC1_Init                             0x080026cd   Thumb Code   100  adc.o(.text.MX_ADC1_Init)
    MX_CAN1_Init                             0x08002731   Thumb Code    60  can.o(.text.MX_CAN1_Init)
    MX_CAN2_Init                             0x0800276d   Thumb Code    60  can.o(.text.MX_CAN2_Init)
    MX_DMA_Init                              0x080027a9   Thumb Code    48  dma.o(.text.MX_DMA_Init)
    MX_GPIO_Init                             0x080027d9   Thumb Code   232  gpio.o(.text.MX_GPIO_Init)
    MX_SPI1_Init                             0x080028c1   Thumb Code    72  spi.o(.text.MX_SPI1_Init)
    MX_TIM1_Init                             0x08002909   Thumb Code   156  tim.o(.text.MX_TIM1_Init)
    MemManage_Handler                        0x080029a5   Thumb Code     2  stm32f4xx_it.o(.text.MemManage_Handler)
    NMI_Handler                              0x080029a7   Thumb Code     2  stm32f4xx_it.o(.text.NMI_Handler)
    PendSV_Handler                           0x080029a9   Thumb Code     2  stm32f4xx_it.o(.text.PendSV_Handler)
    SVC_Handler                              0x08002a85   Thumb Code     2  stm32f4xx_it.o(.text.SVC_Handler)
    SysTick_Handler                          0x08002a89   Thumb Code    20  stm32f4xx_it.o(.text.SysTick_Handler)
    SystemClock_Config                       0x08002a9d   Thumb Code   140  main.o(.text.SystemClock_Config)
    SystemInit                               0x08002b29   Thumb Code    28  system_stm32f4xx.o(.text.SystemInit)
    TIM_Base_SetConfig                       0x08002b45   Thumb Code   208  stm32f4xx_hal_tim.o(.text.TIM_Base_SetConfig)
    TIM_CCxChannelCmd                        0x08002c15   Thumb Code    30  stm32f4xx_hal_tim.o(.text.TIM_CCxChannelCmd)
    TIM_OC2_SetConfig                        0x08002c89   Thumb Code    96  stm32f4xx_hal_tim.o(.text.TIM_OC2_SetConfig)
    UsageFault_Handler                       0x08002d95   Thumb Code     2  stm32f4xx_it.o(.text.UsageFault_Handler)
    adc1_median_filter                       0x08002dbd   Thumb Code    72  adc_driver.o(.text.adc1_median_filter)
    adc_bsp_init                             0x08002e05   Thumb Code    20  adc_bsp.o(.text.adc_bsp_init)
    adc_driver_init                          0x08002e19   Thumb Code     4  adc_driver.o(.text.adc_driver_init)
    add_key                                  0x08002e1d   Thumb Code    32  key_modlue.o(.text.add_key)
    antijamming_filter                       0x08002e3d   Thumb Code    68  adc_modlue.o(.text.antijamming_filter)
    can1_rx_callback                         0x08002e81   Thumb Code    60  dm4310_ctrl.o(.text.can1_rx_callback)
    can2_rx_callback                         0x08002ebd   Thumb Code    48  dm4310_ctrl.o(.text.can2_rx_callback)
    can_bsp_init                             0x08002eed   Thumb Code    44  can_bsp.o(.text.can_bsp_init)
    can_driver_init                          0x08002f19   Thumb Code     4  can_driver.o(.text.can_driver_init)
    can_filter_init                          0x08002f1d   Thumb Code    92  can_bsp.o(.text.can_filter_init)
    canx_bsp_receive                         0x08002f79   Thumb Code    32  can_bsp.o(.text.canx_bsp_receive)
    canx_bsp_send_data                       0x08002f99   Thumb Code    64  can_bsp.o(.text.canx_bsp_send_data)
    canx_receive_data                        0x08002fd9   Thumb Code     4  can_driver.o(.text.canx_receive_data)
    canx_send_data                           0x08002fdd   Thumb Code     4  can_driver.o(.text.canx_send_data)
    clear_err                                0x08002fe1   Thumb Code    32  dm4310_drv.o(.text.clear_err)
    cmd_selection                            0x08003001   Thumb Code   856  display.o(.text.cmd_selection)
    create_task                              0x08003359   Thumb Code    48  scheduler.o(.text.create_task)
    ctrl_add                                 0x08003389   Thumb Code    24  dm4310_ctrl.o(.text.ctrl_add)
    ctrl_clear_err                           0x080033a1   Thumb Code    52  dm4310_ctrl.o(.text.ctrl_clear_err)
    ctrl_clear_para                          0x080033d5   Thumb Code    24  dm4310_ctrl.o(.text.ctrl_clear_para)
    ctrl_disable                             0x080033ed   Thumb Code    64  dm4310_ctrl.o(.text.ctrl_disable)
    ctrl_enable                              0x0800342d   Thumb Code    64  dm4310_ctrl.o(.text.ctrl_enable)
    ctrl_minus                               0x0800346d   Thumb Code    24  dm4310_ctrl.o(.text.ctrl_minus)
    ctrl_send                                0x08003485   Thumb Code    60  dm4310_ctrl.o(.text.ctrl_send)
    ctrl_set                                 0x080034c1   Thumb Code    32  dm4310_ctrl.o(.text.ctrl_set)
    disable_motor_mode                       0x080034e1   Thumb Code    32  dm4310_drv.o(.text.disable_motor_mode)
    display                                  0x08003501   Thumb Code    48  display.o(.text.display)
    dm4310_clear_err                         0x08003531   Thumb Code    40  dm4310_drv.o(.text.dm4310_clear_err)
    dm4310_clear_para                        0x08003559   Thumb Code    24  dm4310_drv.o(.text.dm4310_clear_para)
    dm4310_ctrl_send                         0x08003571   Thumb Code    78  dm4310_drv.o(.text.dm4310_ctrl_send)
    dm4310_disable                           0x080035bf   Thumb Code    64  dm4310_drv.o(.text.dm4310_disable)
    dm4310_enable                            0x080035ff   Thumb Code    40  dm4310_drv.o(.text.dm4310_enable)
    dm4310_fbdata                            0x08003629   Thumb Code   200  dm4310_drv.o(.text.dm4310_fbdata)
    dm4310_motor_init                        0x080036f1   Thumb Code    60  dm4310_ctrl.o(.text.dm4310_motor_init)
    dm4310_set                               0x0800372d   Thumb Code    14  dm4310_drv.o(.text.dm4310_set)
    enable_motor_mode                        0x0800373b   Thumb Code    32  dm4310_drv.o(.text.enable_motor_mode)
    get_key_adc                              0x0800375d   Thumb Code   128  adc_modlue.o(.text.get_key_adc)
    get_key_bsptick                          0x080037dd   Thumb Code     4  key_bsp.o(.text.get_key_bsptick)
    hold_filter                              0x080037e1   Thumb Code    94  key_driver.o(.text.hold_filter)
    key_array_init                           0x08003841   Thumb Code   288  key_driver.o(.text.key_array_init)
    key_bsp_init                             0x08003961   Thumb Code     2  key_bsp.o(.text.key_bsp_init)
    key_bsp_read_pin                         0x08003963   Thumb Code     4  key_bsp.o(.text.key_bsp_read_pin)
    key_callback                             0x08003967   Thumb Code    30  key_driver.o(.text.key_callback)
    key_check                                0x08003985   Thumb Code   108  key_driver.o(.text.key_check)
    key_click_double_fun                     0x080039f1   Thumb Code    16  key_driver.o(.text.key_click_double_fun)
    key_click_one_fun                        0x08003a01   Thumb Code    16  key_driver.o(.text.key_click_one_fun)
    key_driver_init                          0x08003a11   Thumb Code    14  key_driver.o(.text.key_driver_init)
    key_long_press_fun                       0x08003a21   Thumb Code    16  key_driver.o(.text.key_long_press_fun)
    key_process                              0x08003a31   Thumb Code   240  key_driver.o(.text.key_process)
    led_bsp_init                             0x08003b21   Thumb Code    56  led_bsp.o(.text.led_bsp_init)
    led_bsp_off                              0x08003b59   Thumb Code     6  led_bsp.o(.text.led_bsp_off)
    led_bsp_toggle                           0x08003b5f   Thumb Code     4  led_bsp.o(.text.led_bsp_toggle)
    led_driver_init                          0x08003b63   Thumb Code    18  led_driver.o(.text.led_driver_init)
    led_off                                  0x08003b75   Thumb Code    68  led_driver.o(.text.led_off)
    led_toggle                               0x08003bb9   Thumb Code    72  led_driver.o(.text.led_toggle)
    main                                     0x08003c01   Thumb Code    72  main.o(.text.main)
    minus_key                                0x08003c49   Thumb Code    28  key_modlue.o(.text.minus_key)
    mit_ctrl                                 0x08003c65   Thumb Code   212  dm4310_drv.o(.text.mit_ctrl)
    motor_clear_err                          0x08003d39   Thumb Code     4  key_modlue.o(.text.motor_clear_err)
    motor_clear_para                         0x08003d3d   Thumb Code     4  key_modlue.o(.text.motor_clear_para)
    motor_enter_set                          0x08003d41   Thumb Code    20  key_modlue.o(.text.motor_enter_set)
    motor_id_display                         0x08003d55   Thumb Code    88  display.o(.text.motor_id_display)
    motor_para_add                           0x08003dad   Thumb Code   152  dm4310_ctrl.o(.text.motor_para_add)
    motor_para_display                       0x08003e45   Thumb Code   396  display.o(.text.motor_para_display)
    motor_para_minus                         0x08003fd1   Thumb Code   160  dm4310_ctrl.o(.text.motor_para_minus)
    motor_set                                0x08004071   Thumb Code     4  key_modlue.o(.text.motor_set)
    motor_start_display                      0x08004075   Thumb Code    96  display.o(.text.motor_start_display)
    motor_start_keyfun                       0x080040d5   Thumb Code     4  key_modlue.o(.text.motor_start_keyfun)
    motor_stop_keyfun                        0x080040d9   Thumb Code     4  key_modlue.o(.text.motor_stop_keyfun)
    mypow                                    0x080040dd   Thumb Code    16  lcd.o(.text.mypow)
    pos_speed_ctrl                           0x080040ed   Thumb Code    70  dm4310_drv.o(.text.pos_speed_ctrl)
    speed_ctrl                               0x08004133   Thumb Code    24  dm4310_drv.o(.text.speed_ctrl)
    task_100ms                               0x0800414b   Thumb Code     2  task.o(.text.task_100ms)
    task_10ms                                0x0800414d   Thumb Code     2  task.o(.text.task_10ms)
    task_1ms                                 0x0800414f   Thumb Code    14  task.o(.text.task_1ms)
    task_2ms                                 0x0800415d   Thumb Code     2  task.o(.text.task_2ms)
    task_500ms                               0x0800415f   Thumb Code    18  task.o(.text.task_500ms)
    task_5ms                                 0x08004171   Thumb Code     4  task.o(.text.task_5ms)
    task_init                                0x08004175   Thumb Code    76  task.o(.text.task_init)
    _fp_init                                 0x080041c1   Thumb Code    26  fpinit.o(x$fpl$fpinit)
    __fplib_config_fpu_vfp                   0x080041d9   Thumb Code     0  fpinit.o(x$fpl$fpinit)
    __fplib_config_pureend_doubles           0x080041d9   Thumb Code     0  fpinit.o(x$fpl$fpinit)
    AHBPrescTable                            0x080041f4   Data          16  system_stm32f4xx.o(.rodata.AHBPrescTable)
    ascii_1206                               0x08004204   Data        1140  lcd.o(.rodata.ascii_1206)
    ascii_1608                               0x08004678   Data        1520  lcd.o(.rodata.ascii_1608)
    ascii_2412                               0x08004c68   Data        4560  lcd.o(.rodata.ascii_2412)
    ascii_3216                               0x08005e38   Data        6080  lcd.o(.rodata.ascii_3216)
    Region$$Table$$Base                      0x08007648   Number         0  anon$$obj.o(Region$$Table)
    Region$$Table$$Limit                     0x08007668   Number         0  anon$$obj.o(Region$$Table)
    uwTickFreq                               0x20000000   Data           1  stm32f4xx_hal.o(.data..L_MergedGlobals)
    uwTickPrio                               0x20000004   Data           4  stm32f4xx_hal.o(.data..L_MergedGlobals)
    SystemCoreClock                          0x20000008   Data           4  system_stm32f4xx.o(.data.SystemCoreClock)
    motor_id                                 0x2000000c   Data           1  dm4310_ctrl.o(.data.motor_id)
    __libspace_start                         0x20000010   Data          96  libspace.o(.bss)
    __temporary_stack_top$libspace           0x20000070   Data           0  libspace.o(.bss)
    key_mid                                  0x20000070   Data           1  adc_modlue.o(.bss..L_MergedGlobals)
    key_up                                   0x20000071   Data           1  adc_modlue.o(.bss..L_MergedGlobals)
    key_down                                 0x20000072   Data           1  adc_modlue.o(.bss..L_MergedGlobals)
    key_left                                 0x20000073   Data           1  adc_modlue.o(.bss..L_MergedGlobals)
    key_right                                0x20000074   Data           1  adc_modlue.o(.bss..L_MergedGlobals)
    key_value                                0x20000076   Data           2  adc_modlue.o(.bss..L_MergedGlobals)
    key_filter_val                           0x20000078   Data           4  adc_modlue.o(.bss..L_MergedGlobals)
    enter_flag                               0x2000007c   Data           1  key_modlue.o(.bss..L_MergedGlobals)
    lcd_flag                                 0x2000007d   Data           1  key_modlue.o(.bss..L_MergedGlobals)
    task_num                                 0x20000080   Data           1  scheduler.o(.bss..L_MergedGlobals)
    time                                     0x20000084   Data           4  scheduler.o(.bss..L_MergedGlobals)
    sys_time                                 0x20000088   Data           4  scheduler.o(.bss..L_MergedGlobals)
    adc1_dma_value                           0x20000090   Data          10  adc_bsp.o(.bss.adc1_dma_value)
    hadc1                                    0x2000009c   Data          72  adc.o(.bss.hadc1)
    hcan1                                    0x200000e4   Data          40  can.o(.bss.hcan1)
    hcan2                                    0x2000010c   Data          40  can.o(.bss.hcan2)
    hdma_adc1                                0x20000134   Data          96  adc.o(.bss.hdma_adc1)
    hspi1                                    0x20000194   Data          88  spi.o(.bss.hspi1)
    htim1                                    0x200001ec   Data          64  tim.o(.bss.htim1)
    key_array                                0x20000230   Data         480  key_driver.o(.bss.key_array)
    motor                                    0x20000418   Data         324  dm4310_ctrl.o(.bss.motor)
    rec_id                                   0x2000055c   Data           2  dm4310_ctrl.o(.bss.rec_id)
    run_queue                                0x20000560   Data         800  scheduler.o(.bss.run_queue)
    ssy1                                     0x20000880   Data           1  key_driver.o(.bss.ssy1)
    ssy2                                     0x20000881   Data           1  key_driver.o(.bss.ssy2)
    ssy3                                     0x20000882   Data           1  key_driver.o(.bss.ssy3)
    uwTick                                   0x20000884   Data           4  stm32f4xx_hal.o(.bss.uwTick)



==============================================================================

Memory Map of the image

  Image Entry point : 0x080001c5

  Load Region LR_IROM1 (Base: 0x08000000, Size: 0x00007678, Max: 0x00040000, ABSOLUTE)

    Execution Region ER_IROM1 (Exec base: 0x08000000, Load base: 0x08000000, Size: 0x00007668, Max: 0x00040000, ABSOLUTE)

    Exec Addr    Load Addr    Size         Type   Attr      Idx    E Section Name        Object

    0x08000000   0x08000000   0x000001c4   Data   RO            3    RESET               startup_stm32f446xx.o
    0x080001c4   0x080001c4   0x00000008   Code   RO         1677  * !!!main             c_w.l(__main.o)
    0x080001cc   0x080001cc   0x00000034   Code   RO         1852    !!!scatter          c_w.l(__scatter.o)
    0x08000200   0x08000200   0x0000001a   Code   RO         1854    !!handler_copy      c_w.l(__scatter_copy.o)
    0x0800021a   0x0800021a   0x00000002   PAD
    0x0800021c   0x0800021c   0x0000001c   Code   RO         1856    !!handler_zi        c_w.l(__scatter_zi.o)
    0x08000238   0x08000238   0x00000002   Code   RO         1716    .ARM.Collect$$libinit$$00000000  c_w.l(libinit.o)
    0x0800023a   0x0800023a   0x00000004   Code   RO         1728    .ARM.Collect$$libinit$$00000001  c_w.l(libinit2.o)
    0x0800023e   0x0800023e   0x00000000   Code   RO         1731    .ARM.Collect$$libinit$$00000004  c_w.l(libinit2.o)
    0x0800023e   0x0800023e   0x00000000   Code   RO         1734    .ARM.Collect$$libinit$$0000000A  c_w.l(libinit2.o)
    0x0800023e   0x0800023e   0x00000000   Code   RO         1736    .ARM.Collect$$libinit$$0000000C  c_w.l(libinit2.o)
    0x0800023e   0x0800023e   0x00000000   Code   RO         1738    .ARM.Collect$$libinit$$0000000E  c_w.l(libinit2.o)
    0x0800023e   0x0800023e   0x00000000   Code   RO         1741    .ARM.Collect$$libinit$$00000011  c_w.l(libinit2.o)
    0x0800023e   0x0800023e   0x00000000   Code   RO         1743    .ARM.Collect$$libinit$$00000013  c_w.l(libinit2.o)
    0x0800023e   0x0800023e   0x00000000   Code   RO         1745    .ARM.Collect$$libinit$$00000015  c_w.l(libinit2.o)
    0x0800023e   0x0800023e   0x00000000   Code   RO         1747    .ARM.Collect$$libinit$$00000017  c_w.l(libinit2.o)
    0x0800023e   0x0800023e   0x00000000   Code   RO         1749    .ARM.Collect$$libinit$$00000019  c_w.l(libinit2.o)
    0x0800023e   0x0800023e   0x00000000   Code   RO         1751    .ARM.Collect$$libinit$$0000001B  c_w.l(libinit2.o)
    0x0800023e   0x0800023e   0x00000000   Code   RO         1753    .ARM.Collect$$libinit$$0000001D  c_w.l(libinit2.o)
    0x0800023e   0x0800023e   0x00000000   Code   RO         1755    .ARM.Collect$$libinit$$0000001F  c_w.l(libinit2.o)
    0x0800023e   0x0800023e   0x00000000   Code   RO         1757    .ARM.Collect$$libinit$$00000021  c_w.l(libinit2.o)
    0x0800023e   0x0800023e   0x00000000   Code   RO         1759    .ARM.Collect$$libinit$$00000023  c_w.l(libinit2.o)
    0x0800023e   0x0800023e   0x00000000   Code   RO         1761    .ARM.Collect$$libinit$$00000025  c_w.l(libinit2.o)
    0x0800023e   0x0800023e   0x00000000   Code   RO         1765    .ARM.Collect$$libinit$$0000002C  c_w.l(libinit2.o)
    0x0800023e   0x0800023e   0x00000000   Code   RO         1767    .ARM.Collect$$libinit$$0000002E  c_w.l(libinit2.o)
    0x0800023e   0x0800023e   0x00000000   Code   RO         1769    .ARM.Collect$$libinit$$00000030  c_w.l(libinit2.o)
    0x0800023e   0x0800023e   0x00000000   Code   RO         1771    .ARM.Collect$$libinit$$00000032  c_w.l(libinit2.o)
    0x0800023e   0x0800023e   0x00000002   Code   RO         1772    .ARM.Collect$$libinit$$00000033  c_w.l(libinit2.o)
    0x08000240   0x08000240   0x00000002   Code   RO         1807    .ARM.Collect$$libshutdown$$00000000  c_w.l(libshutdown.o)
    0x08000242   0x08000242   0x00000000   Code   RO         1835    .ARM.Collect$$libshutdown$$00000002  c_w.l(libshutdown2.o)
    0x08000242   0x08000242   0x00000000   Code   RO         1837    .ARM.Collect$$libshutdown$$00000004  c_w.l(libshutdown2.o)
    0x08000242   0x08000242   0x00000000   Code   RO         1840    .ARM.Collect$$libshutdown$$00000007  c_w.l(libshutdown2.o)
    0x08000242   0x08000242   0x00000000   Code   RO         1843    .ARM.Collect$$libshutdown$$0000000A  c_w.l(libshutdown2.o)
    0x08000242   0x08000242   0x00000000   Code   RO         1845    .ARM.Collect$$libshutdown$$0000000C  c_w.l(libshutdown2.o)
    0x08000242   0x08000242   0x00000000   Code   RO         1848    .ARM.Collect$$libshutdown$$0000000F  c_w.l(libshutdown2.o)
    0x08000242   0x08000242   0x00000002   Code   RO         1849    .ARM.Collect$$libshutdown$$00000010  c_w.l(libshutdown2.o)
    0x08000244   0x08000244   0x00000000   Code   RO         1679    .ARM.Collect$$rtentry$$00000000  c_w.l(__rtentry.o)
    0x08000244   0x08000244   0x00000000   Code   RO         1687    .ARM.Collect$$rtentry$$00000002  c_w.l(__rtentry2.o)
    0x08000244   0x08000244   0x00000006   Code   RO         1699    .ARM.Collect$$rtentry$$00000004  c_w.l(__rtentry4.o)
    0x0800024a   0x0800024a   0x00000000   Code   RO         1689    .ARM.Collect$$rtentry$$00000009  c_w.l(__rtentry2.o)
    0x0800024a   0x0800024a   0x00000004   Code   RO         1690    .ARM.Collect$$rtentry$$0000000A  c_w.l(__rtentry2.o)
    0x0800024e   0x0800024e   0x00000000   Code   RO         1692    .ARM.Collect$$rtentry$$0000000C  c_w.l(__rtentry2.o)
    0x0800024e   0x0800024e   0x00000008   Code   RO         1693    .ARM.Collect$$rtentry$$0000000D  c_w.l(__rtentry2.o)
    0x08000256   0x08000256   0x00000002   Code   RO         1720    .ARM.Collect$$rtexit$$00000000  c_w.l(rtexit.o)
    0x08000258   0x08000258   0x00000000   Code   RO         1778    .ARM.Collect$$rtexit$$00000002  c_w.l(rtexit2.o)
    0x08000258   0x08000258   0x00000004   Code   RO         1779    .ARM.Collect$$rtexit$$00000003  c_w.l(rtexit2.o)
    0x0800025c   0x0800025c   0x00000006   Code   RO         1780    .ARM.Collect$$rtexit$$00000004  c_w.l(rtexit2.o)
    0x08000262   0x08000262   0x00000002   PAD
    0x08000264   0x08000264   0x00000040   Code   RO            4    .text               startup_stm32f446xx.o
    0x080002a4   0x080002a4   0x000000f0   Code   RO         1669    .text               c_w.l(lludivv7m.o)
    0x08000394   0x08000394   0x0000004e   Code   RO         1673    .text               c_w.l(rt_memclr_w.o)
    0x080003e2   0x080003e2   0x00000006   Code   RO         1675    .text               c_w.l(heapauxi.o)
    0x080003e8   0x080003e8   0x0000004a   Code   RO         1703    .text               c_w.l(sys_stackheap_outer.o)
    0x08000432   0x08000432   0x00000012   Code   RO         1705    .text               c_w.l(exit.o)
    0x08000444   0x08000444   0x00000008   Code   RO         1717    .text               c_w.l(libspace.o)
    0x0800044c   0x0800044c   0x0000000c   Code   RO         1773    .text               c_w.l(sys_exit.o)
    0x08000458   0x08000458   0x00000002   Code   RO         1796    .text               c_w.l(use_no_semi.o)
    0x0800045a   0x0800045a   0x00000000   Code   RO         1798    .text               c_w.l(indicate_semi.o)
    0x0800045a   0x0800045a   0x00000066   Code   RO          192    .text.ADC_DMAConvCplt  stm32f4xx_hal_adc.o
    0x080004c0   0x080004c0   0x00000012   Code   RO          196    .text.ADC_DMAError  stm32f4xx_hal_adc.o
    0x080004d2   0x080004d2   0x00000006   Code   RO          194    .text.ADC_DMAHalfConvCplt  stm32f4xx_hal_adc.o
    0x080004d8   0x080004d8   0x00000002   Code   RO          123    .text.BusFault_Handler  stm32f4xx_it.o
    0x080004da   0x080004da   0x00000002   PAD
    0x080004dc   0x080004dc   0x00000008   Code   RO          135    .text.CAN1_RX0_IRQHandler  stm32f4xx_it.o
    0x080004e4   0x080004e4   0x0000000c   Code   RO          137    .text.CAN1_RX1_IRQHandler  stm32f4xx_it.o
    0x080004f0   0x080004f0   0x00000008   Code   RO          141    .text.CAN2_RX0_IRQHandler  stm32f4xx_it.o
    0x080004f8   0x080004f8   0x0000000c   Code   RO          143    .text.CAN2_RX1_IRQHandler  stm32f4xx_it.o
    0x08000504   0x08000504   0x00000008   Code   RO          139    .text.DMA2_Stream0_IRQHandler  stm32f4xx_it.o
    0x0800050c   0x0800050c   0x00000034   Code   RO          457    .text.DMA_CalcBaseAndBitshift  stm32f4xx_hal_dma.o
    0x08000540   0x08000540   0x00000022   Code   RO          463    .text.DMA_SetConfig  stm32f4xx_hal_dma.o
    0x08000562   0x08000562   0x00000002   Code   RO          129    .text.DebugMon_Handler  stm32f4xx_it.o
    0x08000564   0x08000564   0x00000002   Code   RO           15    .text.Error_Handler  main.o
    0x08000566   0x08000566   0x00000002   PAD
    0x08000568   0x08000568   0x000000fc   Code   RO          204    .text.HAL_ADC_ConfigChannel  stm32f4xx_hal_adc.o
    0x08000664   0x08000664   0x00000002   Code   RO          184    .text.HAL_ADC_ConvCpltCallback  stm32f4xx_hal_adc.o
    0x08000666   0x08000666   0x00000002   Code   RO          202    .text.HAL_ADC_ConvHalfCpltCallback  stm32f4xx_hal_adc.o
    0x08000668   0x08000668   0x00000002   Code   RO          188    .text.HAL_ADC_ErrorCallback  stm32f4xx_hal_adc.o
    0x0800066a   0x0800066a   0x00000002   PAD
    0x0800066c   0x0800066c   0x00000144   Code   RO          162    .text.HAL_ADC_Init  stm32f4xx_hal_adc.o
    0x080007b0   0x080007b0   0x000000a0   Code   RO           38    .text.HAL_ADC_MspInit  adc.o
    0x08000850   0x08000850   0x00000124   Code   RO          190    .text.HAL_ADC_Start_DMA  stm32f4xx_hal_adc.o
    0x08000974   0x08000974   0x00000026   Code   RO          737    .text.HAL_CAN_ActivateNotification  stm32f4xx_hal_can.o
    0x0800099a   0x0800099a   0x00000098   Code   RO          723    .text.HAL_CAN_AddTxMessage  stm32f4xx_hal_can.o
    0x08000a32   0x08000a32   0x00000002   PAD
    0x08000a34   0x08000a34   0x000000d4   Code   RO          713    .text.HAL_CAN_ConfigFilter  stm32f4xx_hal_can.o
    0x08000b08   0x08000b08   0x00000002   Code   RO          767    .text.HAL_CAN_ErrorCallback  stm32f4xx_hal_can.o
    0x08000b0a   0x08000b0a   0x00000104   Code   RO          733    .text.HAL_CAN_GetRxMessage  stm32f4xx_hal_can.o
    0x08000c0e   0x08000c0e   0x00000002   PAD
    0x08000c10   0x08000c10   0x000001f8   Code   RO          741    .text.HAL_CAN_IRQHandler  stm32f4xx_hal_can.o
    0x08000e08   0x08000e08   0x000000f0   Code   RO          703    .text.HAL_CAN_Init  stm32f4xx_hal_can.o
    0x08000ef8   0x08000ef8   0x00000100   Code   RO           57    .text.HAL_CAN_MspInit  can.o
    0x08000ff8   0x08000ff8   0x00000002   Code   RO          755    .text.HAL_CAN_RxFifo0FullCallback  stm32f4xx_hal_can.o
    0x08000ffa   0x08000ffa   0x00000002   PAD
    0x08000ffc   0x08000ffc   0x00000020   Code   RO         1245    .text.HAL_CAN_RxFifo0MsgPendingCallback  can_bsp.o
    0x0800101c   0x0800101c   0x00000002   Code   RO          759    .text.HAL_CAN_RxFifo1FullCallback  stm32f4xx_hal_can.o
    0x0800101e   0x0800101e   0x00000002   Code   RO          761    .text.HAL_CAN_RxFifo1MsgPendingCallback  stm32f4xx_hal_can.o
    0x08001020   0x08001020   0x00000002   Code   RO          763    .text.HAL_CAN_SleepCallback  stm32f4xx_hal_can.o
    0x08001022   0x08001022   0x00000056   Code   RO          715    .text.HAL_CAN_Start  stm32f4xx_hal_can.o
    0x08001078   0x08001078   0x00000002   Code   RO          745    .text.HAL_CAN_TxMailbox0AbortCallback  stm32f4xx_hal_can.o
    0x0800107a   0x0800107a   0x00000002   Code   RO          743    .text.HAL_CAN_TxMailbox0CompleteCallback  stm32f4xx_hal_can.o
    0x0800107c   0x0800107c   0x00000002   Code   RO          749    .text.HAL_CAN_TxMailbox1AbortCallback  stm32f4xx_hal_can.o
    0x0800107e   0x0800107e   0x00000002   Code   RO          747    .text.HAL_CAN_TxMailbox1CompleteCallback  stm32f4xx_hal_can.o
    0x08001080   0x08001080   0x00000002   Code   RO          753    .text.HAL_CAN_TxMailbox2AbortCallback  stm32f4xx_hal_can.o
    0x08001082   0x08001082   0x00000002   Code   RO          751    .text.HAL_CAN_TxMailbox2CompleteCallback  stm32f4xx_hal_can.o
    0x08001084   0x08001084   0x00000002   Code   RO          765    .text.HAL_CAN_WakeUpFromRxMsgCallback  stm32f4xx_hal_can.o
    0x08001086   0x08001086   0x00000002   PAD
    0x08001088   0x08001088   0x00000170   Code   RO          473    .text.HAL_DMA_IRQHandler  stm32f4xx_hal_dma.o
    0x080011f8   0x080011f8   0x00000118   Code   RO          455    .text.HAL_DMA_Init  stm32f4xx_hal_dma.o
    0x08001310   0x08001310   0x00000062   Code   RO          465    .text.HAL_DMA_Start_IT  stm32f4xx_hal_dma.o
    0x08001372   0x08001372   0x00000002   PAD
    0x08001374   0x08001374   0x00000020   Code   RO          631    .text.HAL_Delay     stm32f4xx_hal.o
    0x08001394   0x08001394   0x0000019c   Code   RO          415    .text.HAL_GPIO_Init  stm32f4xx_hal_gpio.o
    0x08001530   0x08001530   0x0000000a   Code   RO          419    .text.HAL_GPIO_ReadPin  stm32f4xx_hal_gpio.o
    0x0800153a   0x0800153a   0x0000000e   Code   RO          423    .text.HAL_GPIO_TogglePin  stm32f4xx_hal_gpio.o
    0x08001548   0x08001548   0x0000000a   Code   RO          421    .text.HAL_GPIO_WritePin  stm32f4xx_hal_gpio.o
    0x08001552   0x08001552   0x00000002   PAD
    0x08001554   0x08001554   0x00000008   Code   RO          623    .text.HAL_GetTick   stm32f4xx_hal.o
    0x0800155c   0x0800155c   0x00000014   Code   RO          621    .text.HAL_IncTick   stm32f4xx_hal.o
    0x08001570   0x08001570   0x00000034   Code   RO          611    .text.HAL_Init      stm32f4xx_hal.o
    0x080015a4   0x080015a4   0x0000003c   Code   RO          613    .text.HAL_InitTick  stm32f4xx_hal.o
    0x080015e0   0x080015e0   0x00000038   Code   RO          153    .text.HAL_MspInit   stm32f4xx_hal_msp.o
    0x08001618   0x08001618   0x0000001c   Code   RO          568    .text.HAL_NVIC_EnableIRQ  stm32f4xx_hal_cortex.o
    0x08001634   0x08001634   0x00000038   Code   RO          564    .text.HAL_NVIC_SetPriority  stm32f4xx_hal_cortex.o
    0x0800166c   0x0800166c   0x00000020   Code   RO          562    .text.HAL_NVIC_SetPriorityGrouping  stm32f4xx_hal_cortex.o
    0x0800168c   0x0800168c   0x0000012c   Code   RO          265    .text.HAL_RCC_ClockConfig  stm32f4xx_hal_rcc.o
    0x080017b8   0x080017b8   0x0000008c   Code   RO          314    .text.HAL_RCC_GetSysClockFreq  stm32f4xx_hal_rcc_ex.o
    0x08001844   0x08001844   0x00000304   Code   RO          318    .text.HAL_RCC_OscConfig  stm32f4xx_hal_rcc_ex.o
    0x08001b48   0x08001b48   0x00000078   Code   RO          784    .text.HAL_SPI_Init  stm32f4xx_hal_spi.o
    0x08001bc0   0x08001bc0   0x00000068   Code   RO           85    .text.HAL_SPI_MspInit  spi.o
    0x08001c28   0x08001c28   0x0000015c   Code   RO          792    .text.HAL_SPI_Transmit  stm32f4xx_hal_spi.o
    0x08001d84   0x08001d84   0x00000028   Code   RO          576    .text.HAL_SYSTICK_Config  stm32f4xx_hal_cortex.o
    0x08001dac   0x08001dac   0x0000004e   Code   RO         1200    .text.HAL_TIMEx_ConfigBreakDeadTime  stm32f4xx_hal_tim_ex.o
    0x08001dfa   0x08001dfa   0x00000002   PAD
    0x08001dfc   0x08001dfc   0x00000088   Code   RO         1198    .text.HAL_TIMEx_MasterConfigSynchronization  stm32f4xx_hal_tim_ex.o
    0x08001e84   0x08001e84   0x00000054   Code   RO          101    .text.HAL_TIM_MspPostInit  tim.o
    0x08001ed8   0x08001ed8   0x0000009c   Code   RO         1065    .text.HAL_TIM_PWM_ConfigChannel  stm32f4xx_hal_tim.o
    0x08001f74   0x08001f74   0x00000034   Code   RO          957    .text.HAL_TIM_PWM_Init  stm32f4xx_hal_tim.o
    0x08001fa8   0x08001fa8   0x00000030   Code   RO          103    .text.HAL_TIM_PWM_MspInit  tim.o
    0x08001fd8   0x08001fd8   0x0000003c   Code   RO          965    .text.HAL_TIM_PWM_Start  stm32f4xx_hal_tim.o
    0x08002014   0x08002014   0x00000002   Code   RO          119    .text.HardFault_Handler  stm32f4xx_it.o
    0x08002016   0x08002016   0x00000002   PAD
    0x08002018   0x08002018   0x00000040   Code   RO         1613    .text.LCD_Address_Set  lcd.o
    0x08002058   0x08002058   0x0000009e   Code   RO         1619    .text.LCD_DrawLine  lcd.o
    0x080020f6   0x080020f6   0x00000016   Code   RO         1617    .text.LCD_DrawPoint  lcd.o
    0x0800210c   0x0800210c   0x0000003c   Code   RO         1615    .text.LCD_Fill      lcd.o
    0x08002148   0x08002148   0x00000138   Code   RO         1649    .text.LCD_Init      lcd.o
    0x08002280   0x08002280   0x0000012c   Code   RO         1635    .text.LCD_ShowChar  lcd.o
    0x080023ac   0x080023ac   0x00000146   Code   RO         1643    .text.LCD_ShowFloatNum  lcd.o
    0x080024f2   0x080024f2   0x000000f6   Code   RO         1645    .text.LCD_ShowFloatNum1  lcd.o
    0x080025e8   0x080025e8   0x0000003c   Code   RO         1637    .text.LCD_ShowString  lcd.o
    0x08002624   0x08002624   0x00000014   Code   RO         1609    .text.LCD_WR_DATA   lcd.o
    0x08002638   0x08002638   0x00000028   Code   RO         1611    .text.LCD_WR_REG    lcd.o
    0x08002660   0x08002660   0x00000030   Code   RO         1605    .text.LCD_Writ_Bus  lcd.o
    0x08002690   0x08002690   0x0000003c   Code   RO         1537    .text.MCU_Init      mcu_config.o
    0x080026cc   0x080026cc   0x00000064   Code   RO           36    .text.MX_ADC1_Init  adc.o
    0x08002730   0x08002730   0x0000003c   Code   RO           53    .text.MX_CAN1_Init  can.o
    0x0800276c   0x0800276c   0x0000003c   Code   RO           55    .text.MX_CAN2_Init  can.o
    0x080027a8   0x080027a8   0x00000030   Code   RO           73    .text.MX_DMA_Init   dma.o
    0x080027d8   0x080027d8   0x000000e8   Code   RO           26    .text.MX_GPIO_Init  gpio.o
    0x080028c0   0x080028c0   0x00000048   Code   RO           83    .text.MX_SPI1_Init  spi.o
    0x08002908   0x08002908   0x0000009c   Code   RO           99    .text.MX_TIM1_Init  tim.o
    0x080029a4   0x080029a4   0x00000002   Code   RO          121    .text.MemManage_Handler  stm32f4xx_it.o
    0x080029a6   0x080029a6   0x00000002   Code   RO          117    .text.NMI_Handler   stm32f4xx_it.o
    0x080029a8   0x080029a8   0x00000002   Code   RO          131    .text.PendSV_Handler  stm32f4xx_it.o
    0x080029aa   0x080029aa   0x00000002   PAD
    0x080029ac   0x080029ac   0x00000058   Code   RO          794    .text.SPI_EndRxTxTransaction  stm32f4xx_hal_spi.o
    0x08002a04   0x08002a04   0x00000080   Code   RO          892    .text.SPI_WaitFlagStateUntilTimeout  stm32f4xx_hal_spi.o
    0x08002a84   0x08002a84   0x00000002   Code   RO          127    .text.SVC_Handler   stm32f4xx_it.o
    0x08002a86   0x08002a86   0x00000002   PAD
    0x08002a88   0x08002a88   0x00000014   Code   RO          133    .text.SysTick_Handler  stm32f4xx_it.o
    0x08002a9c   0x08002a9c   0x0000008c   Code   RO           13    .text.SystemClock_Config  main.o
    0x08002b28   0x08002b28   0x0000001c   Code   RO         1221    .text.SystemInit    system_stm32f4xx.o
    0x08002b44   0x08002b44   0x000000d0   Code   RO          907    .text.TIM_Base_SetConfig  stm32f4xx_hal_tim.o
    0x08002c14   0x08002c14   0x0000001e   Code   RO          941    .text.TIM_CCxChannelCmd  stm32f4xx_hal_tim.o
    0x08002c32   0x08002c32   0x00000002   PAD
    0x08002c34   0x08002c34   0x00000054   Code   RO         1051    .text.TIM_OC1_SetConfig  stm32f4xx_hal_tim.o
    0x08002c88   0x08002c88   0x00000060   Code   RO         1053    .text.TIM_OC2_SetConfig  stm32f4xx_hal_tim.o
    0x08002ce8   0x08002ce8   0x00000064   Code   RO         1055    .text.TIM_OC3_SetConfig  stm32f4xx_hal_tim.o
    0x08002d4c   0x08002d4c   0x00000048   Code   RO         1057    .text.TIM_OC4_SetConfig  stm32f4xx_hal_tim.o
    0x08002d94   0x08002d94   0x00000002   Code   RO          125    .text.UsageFault_Handler  stm32f4xx_it.o
    0x08002d96   0x08002d96   0x00000002   PAD
    0x08002d98   0x08002d98   0x00000024   Code   RO          566    .text.__NVIC_SetPriority  stm32f4xx_hal_cortex.o
    0x08002dbc   0x08002dbc   0x00000048   Code   RO         1348    .text.adc1_median_filter  adc_driver.o
    0x08002e04   0x08002e04   0x00000014   Code   RO         1260    .text.adc_bsp_init  adc_bsp.o
    0x08002e18   0x08002e18   0x00000004   Code   RO         1346    .text.adc_driver_init  adc_driver.o
    0x08002e1c   0x08002e1c   0x00000020   Code   RO         1524    .text.add_key       key_modlue.o
    0x08002e3c   0x08002e3c   0x00000044   Code   RO         1498    .text.antijamming_filter  adc_modlue.o
    0x08002e80   0x08002e80   0x0000003c   Code   RO         1440    .text.can1_rx_callback  dm4310_ctrl.o
    0x08002ebc   0x08002ebc   0x00000030   Code   RO         1442    .text.can2_rx_callback  dm4310_ctrl.o
    0x08002eec   0x08002eec   0x0000002c   Code   RO         1237    .text.can_bsp_init  can_bsp.o
    0x08002f18   0x08002f18   0x00000004   Code   RO         1311    .text.can_driver_init  can_driver.o
    0x08002f1c   0x08002f1c   0x0000005c   Code   RO         1239    .text.can_filter_init  can_bsp.o
    0x08002f78   0x08002f78   0x00000020   Code   RO         1243    .text.canx_bsp_receive  can_bsp.o
    0x08002f98   0x08002f98   0x00000040   Code   RO         1241    .text.canx_bsp_send_data  can_bsp.o
    0x08002fd8   0x08002fd8   0x00000004   Code   RO         1315    .text.canx_receive_data  can_driver.o
    0x08002fdc   0x08002fdc   0x00000004   Code   RO         1313    .text.canx_send_data  can_driver.o
    0x08002fe0   0x08002fe0   0x00000020   Code   RO         1479    .text.clear_err     dm4310_drv.o
    0x08003000   0x08003000   0x00000358   Code   RO         1585    .text.cmd_selection  display.o
    0x08003358   0x08003358   0x00000030   Code   RO         1546    .text.create_task   scheduler.o
    0x08003388   0x08003388   0x00000018   Code   RO         1434    .text.ctrl_add      dm4310_ctrl.o
    0x080033a0   0x080033a0   0x00000034   Code   RO         1432    .text.ctrl_clear_err  dm4310_ctrl.o
    0x080033d4   0x080033d4   0x00000018   Code   RO         1430    .text.ctrl_clear_para  dm4310_ctrl.o
    0x080033ec   0x080033ec   0x00000040   Code   RO         1426    .text.ctrl_disable  dm4310_ctrl.o
    0x0800342c   0x0800342c   0x00000040   Code   RO         1424    .text.ctrl_enable   dm4310_ctrl.o
    0x0800346c   0x0800346c   0x00000018   Code   RO         1436    .text.ctrl_minus    dm4310_ctrl.o
    0x08003484   0x08003484   0x0000003c   Code   RO         1438    .text.ctrl_send     dm4310_ctrl.o
    0x080034c0   0x080034c0   0x00000020   Code   RO         1428    .text.ctrl_set      dm4310_ctrl.o
    0x080034e0   0x080034e0   0x00000020   Code   RO         1463    .text.disable_motor_mode  dm4310_drv.o
    0x08003500   0x08003500   0x00000030   Code   RO         1583    .text.display       display.o
    0x08003530   0x08003530   0x00000028   Code   RO         1477    .text.dm4310_clear_err  dm4310_drv.o
    0x08003558   0x08003558   0x00000018   Code   RO         1465    .text.dm4310_clear_para  dm4310_drv.o
    0x08003570   0x08003570   0x0000004e   Code   RO         1467    .text.dm4310_ctrl_send  dm4310_drv.o
    0x080035be   0x080035be   0x00000040   Code   RO         1461    .text.dm4310_disable  dm4310_drv.o
    0x080035fe   0x080035fe   0x00000028   Code   RO         1457    .text.dm4310_enable  dm4310_drv.o
    0x08003626   0x08003626   0x00000002   PAD
    0x08003628   0x08003628   0x000000c8   Code   RO         1481    .text.dm4310_fbdata  dm4310_drv.o
    0x080036f0   0x080036f0   0x0000003c   Code   RO         1418    .text.dm4310_motor_init  dm4310_ctrl.o
    0x0800372c   0x0800372c   0x0000000e   Code   RO         1475    .text.dm4310_set    dm4310_drv.o
    0x0800373a   0x0800373a   0x00000020   Code   RO         1459    .text.enable_motor_mode  dm4310_drv.o
    0x0800375a   0x0800375a   0x00000002   PAD
    0x0800375c   0x0800375c   0x00000080   Code   RO         1500    .text.get_key_adc   adc_modlue.o
    0x080037dc   0x080037dc   0x00000004   Code   RO         1282    .text.get_key_bsptick  key_bsp.o
    0x080037e0   0x080037e0   0x0000005e   Code   RO         1377    .text.hold_filter   key_driver.o
    0x0800383e   0x0800383e   0x00000002   PAD
    0x08003840   0x08003840   0x00000120   Code   RO         1373    .text.key_array_init  key_driver.o
    0x08003960   0x08003960   0x00000002   Code   RO         1278    .text.key_bsp_init  key_bsp.o
    0x08003962   0x08003962   0x00000004   Code   RO         1280    .text.key_bsp_read_pin  key_bsp.o
    0x08003966   0x08003966   0x0000001e   Code   RO         1383    .text.key_callback  key_driver.o
    0x08003984   0x08003984   0x0000006c   Code   RO         1375    .text.key_check     key_driver.o
    0x080039f0   0x080039f0   0x00000010   Code   RO         1367    .text.key_click_double_fun  key_driver.o
    0x08003a00   0x08003a00   0x00000010   Code   RO         1365    .text.key_click_one_fun  key_driver.o
    0x08003a10   0x08003a10   0x0000000e   Code   RO         1371    .text.key_driver_init  key_driver.o
    0x08003a1e   0x08003a1e   0x00000002   PAD
    0x08003a20   0x08003a20   0x00000010   Code   RO         1369    .text.key_long_press_fun  key_driver.o
    0x08003a30   0x08003a30   0x000000f0   Code   RO         1381    .text.key_process   key_driver.o
    0x08003b20   0x08003b20   0x00000038   Code   RO         1293    .text.led_bsp_init  led_bsp.o
    0x08003b58   0x08003b58   0x00000006   Code   RO         1297    .text.led_bsp_off   led_bsp.o
    0x08003b5e   0x08003b5e   0x00000004   Code   RO         1299    .text.led_bsp_toggle  led_bsp.o
    0x08003b62   0x08003b62   0x00000012   Code   RO         1398    .text.led_driver_init  led_driver.o
    0x08003b74   0x08003b74   0x00000044   Code   RO         1400    .text.led_off       led_driver.o
    0x08003bb8   0x08003bb8   0x00000048   Code   RO         1406    .text.led_toggle    led_driver.o
    0x08003c00   0x08003c00   0x00000048   Code   RO           11    .text.main          main.o
    0x08003c48   0x08003c48   0x0000001c   Code   RO         1526    .text.minus_key     key_modlue.o
    0x08003c64   0x08003c64   0x000000d4   Code   RO         1469    .text.mit_ctrl      dm4310_drv.o
    0x08003d38   0x08003d38   0x00000004   Code   RO         1522    .text.motor_clear_err  key_modlue.o
    0x08003d3c   0x08003d3c   0x00000004   Code   RO         1520    .text.motor_clear_para  key_modlue.o
    0x08003d40   0x08003d40   0x00000014   Code   RO         1516    .text.motor_enter_set  key_modlue.o
    0x08003d54   0x08003d54   0x00000058   Code   RO         1587    .text.motor_id_display  display.o
    0x08003dac   0x08003dac   0x00000098   Code   RO         1420    .text.motor_para_add  dm4310_ctrl.o
    0x08003e44   0x08003e44   0x0000018c   Code   RO         1591    .text.motor_para_display  display.o
    0x08003fd0   0x08003fd0   0x000000a0   Code   RO         1422    .text.motor_para_minus  dm4310_ctrl.o
    0x08004070   0x08004070   0x00000004   Code   RO         1518    .text.motor_set     key_modlue.o
    0x08004074   0x08004074   0x00000060   Code   RO         1589    .text.motor_start_display  display.o
    0x080040d4   0x080040d4   0x00000004   Code   RO         1512    .text.motor_start_keyfun  key_modlue.o
    0x080040d8   0x080040d8   0x00000004   Code   RO         1514    .text.motor_stop_keyfun  key_modlue.o
    0x080040dc   0x080040dc   0x00000010   Code   RO         1639    .text.mypow         lcd.o
    0x080040ec   0x080040ec   0x00000046   Code   RO         1471    .text.pos_speed_ctrl  dm4310_drv.o
    0x08004132   0x08004132   0x00000018   Code   RO         1473    .text.speed_ctrl    dm4310_drv.o
    0x0800414a   0x0800414a   0x00000002   Code   RO         1571    .text.task_100ms    task.o
    0x0800414c   0x0800414c   0x00000002   Code   RO         1569    .text.task_10ms     task.o
    0x0800414e   0x0800414e   0x0000000e   Code   RO         1563    .text.task_1ms      task.o
    0x0800415c   0x0800415c   0x00000002   Code   RO         1565    .text.task_2ms      task.o
    0x0800415e   0x0800415e   0x00000012   Code   RO         1573    .text.task_500ms    task.o
    0x08004170   0x08004170   0x00000004   Code   RO         1567    .text.task_5ms      task.o
    0x08004174   0x08004174   0x0000004c   Code   RO         1561    .text.task_init     task.o
    0x080041c0   0x080041c0   0x0000001a   Code   RO         1790    x$fpl$fpinit        fz_wm.l(fpinit.o)
    0x080041da   0x080041da   0x00000002   PAD
    0x080041dc   0x080041dc   0x0000000c   Data   RO         1447    .rodata..Lswitch.table.ctrl_minus  dm4310_ctrl.o
    0x080041e8   0x080041e8   0x0000000c   Data   RO         1595    .rodata..Lswitch.table.motor_id_display.20  display.o
    0x080041f4   0x080041f4   0x00000010   Data   RO         1226    .rodata.AHBPrescTable  system_stm32f4xx.o
    0x08004204   0x08004204   0x00000474   Data   RO         1651    .rodata.ascii_1206  lcd.o
    0x08004678   0x08004678   0x000005f0   Data   RO         1652    .rodata.ascii_1608  lcd.o
    0x08004c68   0x08004c68   0x000011d0   Data   RO         1653    .rodata.ascii_2412  lcd.o
    0x08005e38   0x08005e38   0x000017c0   Data   RO         1654    .rodata.ascii_3216  lcd.o
    0x080075f8   0x080075f8   0x0000004f   Data   RO         1594    .rodata.str1.1      display.o
    0x08007647   0x08007647   0x00000001   PAD
    0x08007648   0x08007648   0x00000020   Data   RO         1851    Region$$Table       anon$$obj.o


    Execution Region RW_IRAM1 (Exec base: 0x20000000, Load base: 0x08007668, Size: 0x00001488, Max: 0x00020000, ABSOLUTE)

    Exec Addr    Load Addr    Size         Type   Attr      Idx    E Section Name        Object

    0x20000000   0x08007668   0x00000008   Data   RW          666    .data..L_MergedGlobals  stm32f4xx_hal.o
    0x20000008   0x08007670   0x00000004   Data   RW         1225    .data.SystemCoreClock  system_stm32f4xx.o
    0x2000000c   0x08007674   0x00000001   Data   RW         1444    .data.motor_id      dm4310_ctrl.o
    0x2000000d   0x08007675   0x00000003   PAD
    0x20000010        -       0x00000060   Zero   RW         1718    .bss                c_w.l(libspace.o)
    0x20000070        -       0x0000000c   Zero   RW         1502    .bss..L_MergedGlobals  adc_modlue.o
    0x2000007c        -       0x00000002   Zero   RW         1528    .bss..L_MergedGlobals  key_modlue.o
    0x2000007e   0x08007675   0x00000002   PAD
    0x20000080        -       0x0000000c   Zero   RW         1551    .bss..L_MergedGlobals  scheduler.o
    0x2000008c        -       0x00000004   Zero   RW           63    .bss.HAL_RCC_CAN1_CLK_ENABLED  can.o
    0x20000090        -       0x0000000a   Zero   RW         1268    .bss.adc1_dma_value  adc_bsp.o
    0x2000009a   0x08007675   0x00000002   PAD
    0x2000009c        -       0x00000048   Zero   RW           42    .bss.hadc1          adc.o
    0x200000e4        -       0x00000028   Zero   RW           61    .bss.hcan1          can.o
    0x2000010c        -       0x00000028   Zero   RW           62    .bss.hcan2          can.o
    0x20000134        -       0x00000060   Zero   RW           43    .bss.hdma_adc1      adc.o
    0x20000194        -       0x00000058   Zero   RW           89    .bss.hspi1          spi.o
    0x200001ec        -       0x00000040   Zero   RW          107    .bss.htim1          tim.o
    0x2000022c   0x08007675   0x00000004   PAD
    0x20000230        -       0x000001e0   Zero   RW         1388    .bss.key_array      key_driver.o
    0x20000410        -       0x00000008   Zero   RW         1408    .bss.led_get_color.ret  led_driver.o
    0x20000418        -       0x00000144   Zero   RW         1445    .bss.motor          dm4310_ctrl.o
    0x2000055c        -       0x00000002   Zero   RW         1446    .bss.rec_id         dm4310_ctrl.o
    0x2000055e   0x08007675   0x00000002   PAD
    0x20000560        -       0x00000320   Zero   RW         1550    .bss.run_queue      scheduler.o
    0x20000880        -       0x00000001   Zero   RW         1385    .bss.ssy1           key_driver.o
    0x20000881        -       0x00000001   Zero   RW         1386    .bss.ssy2           key_driver.o
    0x20000882        -       0x00000001   Zero   RW         1387    .bss.ssy3           key_driver.o
    0x20000883   0x08007675   0x00000001   PAD
    0x20000884        -       0x00000004   Zero   RW          665    .bss.uwTick         stm32f4xx_hal.o
    0x20000888        -       0x00000400   Zero   RW            2    HEAP                startup_stm32f446xx.o
    0x20000c88        -       0x00000800   Zero   RW            1    STACK               startup_stm32f446xx.o


==============================================================================

Image component sizes


      Code (inc. data)   RO Data    RW Data    ZI Data      Debug   Object Name

       260         24          0          0        168       5113   adc.o
        20          8          0          0         10       3517   adc_bsp.o
        76          0          0          0          0       1710   adc_driver.o
       196          8          0          0         12       1316   adc_modlue.o
       376         36          0          0         84       6612   can.o
       264         16          0          0          0       4435   can_bsp.o
        12          0          0          0          0       5549   can_driver.o
      1484        142         91          0          0       2410   display.o
       824         52         12          1        326       3289   dm4310_ctrl.o
       862         28          0          0          0       9771   dm4310_drv.o
        48          0          0          0          0       3477   dma.o
       232         16          0          0          0       2276   gpio.o
        10          0          0          0          0       1527   key_bsp.o
       822         94          0          0        483       4182   key_driver.o
       100          8          0          0          2       1253   key_modlue.o
      1672         50      13300          0          0      16912   lcd.o
        66          4          0          0          0       2742   led_bsp.o
       158          4          0          0          8       2733   led_driver.o
       214         12          0          0          0       3054   main.o
        60          0          0          0          0        372   mcu_config.o
        48          8          0          0        812       1288   scheduler.o
       176         12          0          0         88       4989   spi.o
        64         26        452          0       3072        828   startup_stm32f446xx.o
       172         12          0          8          4       7526   stm32f4xx_hal.o
      1000         52          0          0          0       9967   stm32f4xx_hal_adc.o
      1516         10          0          0          0      11887   stm32f4xx_hal_can.o
       192         28          0          0          0      10029   stm32f4xx_hal_cortex.o
       832         20          0          0          0       8497   stm32f4xx_hal_dma.o
       446         24          0          0          0       5102   stm32f4xx_hal_gpio.o
        56          4          0          0          0       1536   stm32f4xx_hal_msp.o
       300         16          0          0          0       7258   stm32f4xx_hal_rcc.o
       912         28          0          0          0       9954   stm32f4xx_hal_rcc_ex.o
       684          8          0          0          0      19569   stm32f4xx_hal_spi.o
       858         52          0          0          0      35544   stm32f4xx_hal_tim.o
       214         20          0          0          0      13737   stm32f4xx_hal_tim_ex.o
        84         12          0          0          0       1491   stm32f4xx_it.o
        28          4         16          4          0       2663   system_stm32f4xx.o
       118         28          0          0          0       1221   task.o
       288         16          0          0         64       5900   tim.o

    ----------------------------------------------------------------------
     15782        882      13904         16       5144     241236   Object Totals
         0          0         32          0          0          0   (incl. Generated)
        38          0          1          3         11          0   (incl. Padding)

    ----------------------------------------------------------------------

      Code (inc. data)   RO Data    RW Data    ZI Data      Debug   Library Member Name

         8          0          0          0          0         68   __main.o
         0          0          0          0          0          0   __rtentry.o
        12          0          0          0          0          0   __rtentry2.o
         6          0          0          0          0          0   __rtentry4.o
        52          8          0          0          0          0   __scatter.o
        26          0          0          0          0          0   __scatter_copy.o
        28          0          0          0          0          0   __scatter_zi.o
        18          0          0          0          0         80   exit.o
         6          0          0          0          0        152   heapauxi.o
         0          0          0          0          0          0   indicate_semi.o
         2          0          0          0          0          0   libinit.o
         6          0          0          0          0          0   libinit2.o
         2          0          0          0          0          0   libshutdown.o
         2          0          0          0          0          0   libshutdown2.o
         8          4          0          0         96         68   libspace.o
       240          0          0          0          0        100   lludivv7m.o
        78          0          0          0          0         80   rt_memclr_w.o
         2          0          0          0          0          0   rtexit.o
        10          0          0          0          0          0   rtexit2.o
        12          4          0          0          0         68   sys_exit.o
        74          0          0          0          0         80   sys_stackheap_outer.o
         2          0          0          0          0         68   use_no_semi.o
        26          0          0          0          0        116   fpinit.o

    ----------------------------------------------------------------------
       626         16          0          0         96        880   Library Totals
         6          0          0          0          0          0   (incl. Padding)

    ----------------------------------------------------------------------

      Code (inc. data)   RO Data    RW Data    ZI Data      Debug   Library Name

       594         16          0          0         96        764   c_w.l
        26          0          0          0          0        116   fz_wm.l

    ----------------------------------------------------------------------
       626         16          0          0         96        880   Library Totals

    ----------------------------------------------------------------------

==============================================================================


      Code (inc. data)   RO Data    RW Data    ZI Data      Debug   

     16408        898      13904         16       5240     241264   Grand Totals
     16408        898      13904         16       5240     241264   ELF Image Totals
     16408        898      13904         16          0          0   ROM Totals

==============================================================================

    Total RO  Size (Code + RO Data)                30312 (  29.60kB)
    Total RW  Size (RW Data + ZI Data)              5256 (   5.13kB)
    Total ROM Size (Code + RO Data + RW Data)      30328 (  29.62kB)

==============================================================================

