Component: ARM Compiler 5.06 update 7 (build 960) Tool: armlink [4d3601]

==============================================================================

Section Cross References

    startup_stm32f446xx.o(STACK) refers (Special) to heapauxi.o(.text) for __use_two_region_memory
    startup_stm32f446xx.o(HEAP) refers (Special) to heapauxi.o(.text) for __use_two_region_memory
    startup_stm32f446xx.o(RESET) refers (Special) to heapauxi.o(.text) for __use_two_region_memory
    startup_stm32f446xx.o(RESET) refers to startup_stm32f446xx.o(STACK) for __initial_sp
    startup_stm32f446xx.o(RESET) refers to startup_stm32f446xx.o(.text) for Reset_Handler
    startup_stm32f446xx.o(RESET) refers to stm32f4xx_it.o(i.NMI_Handler) for NMI_Handler
    startup_stm32f446xx.o(RESET) refers to stm32f4xx_it.o(i.HardFault_Handler) for HardFault_Handler
    startup_stm32f446xx.o(RESET) refers to stm32f4xx_it.o(i.MemManage_Handler) for MemManage_Handler
    startup_stm32f446xx.o(RESET) refers to stm32f4xx_it.o(i.BusFault_Handler) for BusFault_Handler
    startup_stm32f446xx.o(RESET) refers to stm32f4xx_it.o(i.UsageFault_Handler) for UsageFault_Handler
    startup_stm32f446xx.o(RESET) refers to stm32f4xx_it.o(i.SVC_Handler) for SVC_Handler
    startup_stm32f446xx.o(RESET) refers to stm32f4xx_it.o(i.DebugMon_Handler) for DebugMon_Handler
    startup_stm32f446xx.o(RESET) refers to stm32f4xx_it.o(i.PendSV_Handler) for PendSV_Handler
    startup_stm32f446xx.o(RESET) refers to stm32f4xx_it.o(i.SysTick_Handler) for SysTick_Handler
    startup_stm32f446xx.o(RESET) refers to stm32f4xx_it.o(i.CAN1_RX0_IRQHandler) for CAN1_RX0_IRQHandler
    startup_stm32f446xx.o(RESET) refers to stm32f4xx_it.o(i.CAN1_RX1_IRQHandler) for CAN1_RX1_IRQHandler
    startup_stm32f446xx.o(RESET) refers to stm32f4xx_it.o(i.TIM1_UP_TIM10_IRQHandler) for TIM1_UP_TIM10_IRQHandler
    startup_stm32f446xx.o(RESET) refers to stm32f4xx_it.o(i.CAN2_RX0_IRQHandler) for CAN2_RX0_IRQHandler
    startup_stm32f446xx.o(RESET) refers to stm32f4xx_it.o(i.CAN2_RX1_IRQHandler) for CAN2_RX1_IRQHandler
    startup_stm32f446xx.o(RESET) refers to stm32f4xx_it.o(i.OTG_FS_IRQHandler) for OTG_FS_IRQHandler
    startup_stm32f446xx.o(.text) refers (Special) to heapauxi.o(.text) for __use_two_region_memory
    startup_stm32f446xx.o(.text) refers to system_stm32f4xx.o(i.SystemInit) for SystemInit
    startup_stm32f446xx.o(.text) refers to __main.o(!!!main) for __main
    startup_stm32f446xx.o(.text) refers to startup_stm32f446xx.o(HEAP) for Heap_Mem
    startup_stm32f446xx.o(.text) refers to startup_stm32f446xx.o(STACK) for Stack_Mem
    main.o(i.SystemClock_Config) refers to rt_memclr_w.o(.text) for __aeabi_memclr4
    main.o(i.SystemClock_Config) refers to stm32f4xx_hal_rcc_ex.o(i.HAL_RCC_OscConfig) for HAL_RCC_OscConfig
    main.o(i.SystemClock_Config) refers to main.o(i.Error_Handler) for Error_Handler
    main.o(i.SystemClock_Config) refers to stm32f4xx_hal_rcc.o(i.HAL_RCC_ClockConfig) for HAL_RCC_ClockConfig
    main.o(i.main) refers to stm32f4xx_hal.o(i.HAL_Init) for HAL_Init
    main.o(i.main) refers to main.o(i.SystemClock_Config) for SystemClock_Config
    main.o(i.main) refers to gpio.o(i.MX_GPIO_Init) for MX_GPIO_Init
    main.o(i.main) refers to can.o(i.MX_CAN1_Init) for MX_CAN1_Init
    main.o(i.main) refers to tim.o(i.MX_TIM1_Init) for MX_TIM1_Init
    main.o(i.main) refers to usb_device.o(i.MX_USB_DEVICE_Init) for MX_USB_DEVICE_Init
    main.o(i.main) refers to can.o(i.MX_CAN2_Init) for MX_CAN2_Init
    main.o(i.main) refers to can.o(i.CAN_FilterInit) for CAN_FilterInit
    main.o(i.main) refers to stm32f4xx_hal_can.o(i.HAL_CAN_Start) for HAL_CAN_Start
    main.o(i.main) refers to can.o(.bss) for hcan1
    gpio.o(i.MX_GPIO_Init) refers to rt_memclr_w.o(.text) for __aeabi_memclr4
    gpio.o(i.MX_GPIO_Init) refers to stm32f4xx_hal_gpio.o(i.HAL_GPIO_Init) for HAL_GPIO_Init
    gpio.o(i.MX_GPIO_Init) refers to stm32f4xx_hal_gpio.o(i.HAL_GPIO_WritePin) for HAL_GPIO_WritePin
    can.o(i.CAN_FilterInit) refers to stm32f4xx_hal_can.o(i.HAL_CAN_ConfigFilter) for HAL_CAN_ConfigFilter
    can.o(i.CAN_FilterInit) refers to can.o(.bss) for hcan1
    can.o(i.HAL_CAN_MspDeInit) refers to stm32f4xx_hal_gpio.o(i.HAL_GPIO_DeInit) for HAL_GPIO_DeInit
    can.o(i.HAL_CAN_MspDeInit) refers to stm32f4xx_hal_cortex.o(i.HAL_NVIC_DisableIRQ) for HAL_NVIC_DisableIRQ
    can.o(i.HAL_CAN_MspDeInit) refers to can.o(.data) for HAL_RCC_CAN1_CLK_ENABLED
    can.o(i.HAL_CAN_MspInit) refers to rt_memclr_w.o(.text) for __aeabi_memclr4
    can.o(i.HAL_CAN_MspInit) refers to stm32f4xx_hal_gpio.o(i.HAL_GPIO_Init) for HAL_GPIO_Init
    can.o(i.HAL_CAN_MspInit) refers to stm32f4xx_hal_cortex.o(i.HAL_NVIC_SetPriority) for HAL_NVIC_SetPriority
    can.o(i.HAL_CAN_MspInit) refers to stm32f4xx_hal_cortex.o(i.HAL_NVIC_EnableIRQ) for HAL_NVIC_EnableIRQ
    can.o(i.HAL_CAN_MspInit) refers to can.o(.data) for HAL_RCC_CAN1_CLK_ENABLED
[...]
    i.USB_ReadDevAllOutEpInterrupt           0x0800654a   Section        0  stm32f4xx_ll_usb.o(i.USB_ReadDevAllOutEpInterrupt)
    i.USB_ReadDevInEPInterrupt               0x0800655e   Section        0  stm32f4xx_ll_usb.o(i.USB_ReadDevInEPInterrupt)
    i.USB_ReadDevOutEPInterrupt              0x08006590   Section        0  stm32f4xx_ll_usb.o(i.USB_ReadDevOutEPInterrupt)
    i.USB_ReadInterrupts                     0x080065aa   Section        0  stm32f4xx_ll_usb.o(i.USB_ReadInterrupts)
    i.USB_ReadPacket                         0x080065b4   Section        0  stm32f4xx_ll_usb.o(i.USB_ReadPacket)
    i.USB_SetCurrentMode                     0x08006614   Section        0  stm32f4xx_ll_usb.o(i.USB_SetCurrentMode)
    i.USB_SetDevAddress                      0x0800667c   Section        0  stm32f4xx_ll_usb.o(i.USB_SetDevAddress)
    i.USB_SetDevSpeed                        0x080066a6   Section        0  stm32f4xx_ll_usb.o(i.USB_SetDevSpeed)
    i.USB_SetTurnaroundTime                  0x080066b8   Section        0  stm32f4xx_ll_usb.o(i.USB_SetTurnaroundTime)
    i.USB_WritePacket                        0x080067a0   Section        0  stm32f4xx_ll_usb.o(i.USB_WritePacket)
    i.UsageFault_Handler                     0x080067e4   Section        0  stm32f4xx_it.o(i.UsageFault_Handler)
    i.__NVIC_GetPriorityGrouping             0x080067e8   Section        0  stm32f4xx_hal_cortex.o(i.__NVIC_GetPriorityGrouping)
    __NVIC_GetPriorityGrouping               0x080067e9   Thumb Code    10  stm32f4xx_hal_cortex.o(i.__NVIC_GetPriorityGrouping)
    i.__NVIC_SetPriority                     0x080067f8   Section        0  stm32f4xx_hal_cortex.o(i.__NVIC_SetPriority)
    __NVIC_SetPriority                       0x080067f9   Thumb Code    32  stm32f4xx_hal_cortex.o(i.__NVIC_SetPriority)
    i.main                                   0x08006820   Section        0  main.o(i.main)
    i.uint_to_float                          0x08006858   Section        0  dm_imu.o(i.uint_to_float)
    x$fpl$fpinit                             0x0800688c   Section       10  fpinit.o(x$fpl$fpinit)
    $v0                                      0x0800688c   Number         0  fpinit.o(x$fpl$fpinit)
    .constdata                               0x08006896   Section       24  system_stm32f4xx.o(.constdata)
    .data                                    0x20000000   Section        4  can.o(.data)
    HAL_RCC_CAN1_CLK_ENABLED                 0x20000000   Data           4  can.o(.data)
    .data                                    0x20000004   Section        4  tim.o(.data)
    ticks                                    0x20000004   Data           4  tim.o(.data)
    .data                                    0x20000008   Section       94  usbd_desc.o(.data)
    .data                                    0x20000068   Section       20  usbd_cdc_if.o(.data)
    .data                                    0x2000007c   Section        9  stm32f4xx_hal.o(.data)
    .data                                    0x20000088   Section        4  system_stm32f4xx.o(.data)
    .data                                    0x2000008c   Section        1  usbd_ctlreq.o(.data)
    cfgidx                                   0x2000008c   Data           1  usbd_ctlreq.o(.data)
    .data                                    0x20000090   Section      138  usbd_cdc.o(.data)
    USBD_CDC_DeviceQualifierDesc             0x20000090   Data          10  usbd_cdc.o(.data)
    USBD_CDC_CfgDesc                         0x200000d4   Data          67  usbd_cdc.o(.data)
    CDCInEpAdd                               0x20000117   Data           1  usbd_cdc.o(.data)
    CDCOutEpAdd                              0x20000118   Data           1  usbd_cdc.o(.data)
    CDCCmdEpAdd                              0x20000119   Data           1  usbd_cdc.o(.data)
    .bss                                     0x2000011c   Section      200  can.o(.bss)
    .bss                                     0x200001e4   Section      180  tim.o(.bss)
    .bss                                     0x20000298   Section      732  usb_device.o(.bss)
    .bss                                     0x20000574   Section      512  usbd_desc.o(.bss)
    .bss                                     0x20000774   Section     4096  usbd_cdc_if.o(.bss)
    .bss                                     0x20001774   Section     1796  usbd_conf.o(.bss)
    mem                                      0x20001c58   Data         544  usbd_conf.o(.bss)
    .bss                                     0x20001e78   Section       56  dm_imu.o(.bss)
    .bss                                     0x20001eb0   Section       96  libspace.o(.bss)
    HEAP                                     0x20001f10   Section      512  startup_stm32f446xx.o(HEAP)
    Heap_Mem                                 0x20001f10   Data         512  startup_stm32f446xx.o(HEAP)
    STACK                                    0x20002110   Section     1024  startup_stm32f446xx.o(STACK)
    Stack_Mem                                0x20002110   Data        1024  startup_stm32f446xx.o(STACK)
    __initial_sp                             0x20002510   Data           0  startup_stm32f446xx.o(STACK)

    Global Symbols

    Symbol Name                              Value     Ov Type        Size  Object(Section)

    BuildAttributes$$THM_ISAv4$E$P$D$K$B$S$7EM$VFPi3$EXTD16$VFPS$VFMA$PE$A:L22UL41UL21$X:L11$S22US41US21$IEEE1$IW$USESV6$~STKCKD$USESV7$~SHL$OSPACE$ROPI$EBA8$UX$STANDARDLIB$REQ8$PRES8$EABIv2 0x00000000   Number         0  anon$$obj.o ABSOLUTE
    __ARM_use_no_argv                        0x00000000   Number         0  main.o ABSOLUTE
    __ARM_exceptions_init                     - Undefined Weak Reference
    __alloca_initialize                       - Undefined Weak Reference
    __arm_fini_                               - Undefined Weak Reference
    __arm_preinit_                            - Undefined Weak Reference
    __cpp_initialize__aeabi_                  - Undefined Weak Reference
    __cxa_finalize                            - Undefined Weak Reference
    __rt_locale                               - Undefined Weak Reference
    __sigvec_lookup                           - Undefined Weak Reference
    _atexit_init                              - Undefined Weak Reference
    _call_atexit_fns                          - Undefined Weak Reference
    _clock_init                               - Undefined Weak Reference
    _fp_trap_init                             - Undefined Weak Reference
    _fp_trap_shutdown                         - Undefined Weak Reference
    _get_lc_collate                           - Undefined Weak Reference
    _get_lc_ctype                             - Undefined Weak Reference
    _get_lc_monetary                          - Undefined Weak Reference
    _get_lc_numeric                           - Undefined Weak Reference
    _get_lc_time                              - Undefined Weak Reference
    _getenv_init                              - Undefined Weak Reference
    _handle_redirection                       - Undefined Weak Reference
    _init_alloc                               - Undefined Weak Reference
    _init_user_alloc                          - Undefined Weak Reference
    _initio                                   - Undefined Weak Reference
    _rand_init                                - Undefined Weak Reference
    _signal_finish                            - Undefined Weak Reference
    _signal_init                              - Undefined Weak Reference
    _terminate_alloc                          - Undefined Weak Reference
    _terminate_user_alloc                     - Undefined Weak Reference
    _terminateio                              - Undefined Weak Reference
    __Vectors_Size                           0x000001c4   Number         0  startup_stm32f446xx.o ABSOLUTE
    __Vectors                                0x08000000   Data           4  startup_stm32f446xx.o(RESET)
    __Vectors_End                            0x080001c4   Data           0  startup_stm32f446xx.o(RESET)
    __main                                   0x080001c5   Thumb Code     8  __main.o(!!!main)
    __scatterload                            0x080001cd   Thumb Code     0  __scatter.o(!!!scatter)
    __scatterload_rt2                        0x080001cd   Thumb Code    44  __scatter.o(!!!scatter)
    __scatterload_rt2_thumb_only             0x080001cd   Thumb Code     0  __scatter.o(!!!scatter)
    __scatterload_null                       0x080001db   Thumb Code     0  __scatter.o(!!!scatter)
    __scatterload_copy                       0x08000201   Thumb Code    26  __scatter_copy.o(!!handler_copy)
    __scatterload_zeroinit                   0x0800021d   Thumb Code    28  __scatter_zi.o(!!handler_zi)
    __rt_lib_init                            0x08000239   Thumb Code     0  libinit.o(.ARM.Collect$$libinit$$00000000)
    __rt_lib_init_fp_1                       0x0800023b   Thumb Code     0  libinit2.o(.ARM.Collect$$libinit$$00000001)
    __rt_lib_init_alloca_1                   0x0800023f   Thumb Code     0  libinit2.o(.ARM.Collect$$libinit$$0000002E)
    __rt_lib_init_argv_1                     0x0800023f   Thumb Code     0  libinit2.o(.ARM.Collect$$libinit$$0000002C)
    __rt_lib_init_atexit_1                   0x0800023f   Thumb Code     0  libinit2.o(.ARM.Collect$$libinit$$0000001B)
    __rt_lib_init_clock_1                    0x0800023f   Thumb Code     0  libinit2.o(.ARM.Collect$$libinit$$00000021)
    __rt_lib_init_cpp_1                      0x0800023f   Thumb Code     0  libinit2.o(.ARM.Collect$$libinit$$00000032)
    __rt_lib_init_exceptions_1               0x0800023f   Thumb Code     0  libinit2.o(.ARM.Collect$$libinit$$00000030)
    __rt_lib_init_fp_trap_1                  0x0800023f   Thumb Code     0  libinit2.o(.ARM.Collect$$libinit$$0000001F)
    __rt_lib_init_getenv_1                   0x0800023f   Thumb Code     0  libinit2.o(.ARM.Collect$$libinit$$00000023)
    __rt_lib_init_heap_1                     0x0800023f   Thumb Code     0  libinit2.o(.ARM.Collect$$libinit$$0000000A)
    __rt_lib_init_lc_collate_1               0x0800023f   Thumb Code     0  libinit2.o(.ARM.Collect$$libinit$$00000011)
    __rt_lib_init_lc_ctype_1                 0x0800023f   Thumb Code     0  libinit2.o(.ARM.Collect$$libinit$$00000013)
    __rt_lib_init_lc_monetary_1              0x0800023f   Thumb Code     0  libinit2.o(.ARM.Collect$$libinit$$00000015)
    __rt_lib_init_lc_numeric_1               0x0800023f   Thumb Code     0  libinit2.o(.ARM.Collect$$libinit$$00000017)
    __rt_lib_init_lc_time_1                  0x0800023f   Thumb Code     0  libinit2.o(.ARM.Collect$$libinit$$00000019)
    __rt_lib_init_preinit_1                  0x0800023f   Thumb Code     0  libinit2.o(.ARM.Collect$$libinit$$00000004)
    __rt_lib_init_rand_1                     0x0800023f   Thumb Code     0  libinit2.o(.ARM.Collect$$libinit$$0000000E)
    __rt_lib_init_return                     0x0800023f   Thumb Code     0  libinit2.o(.ARM.Collect$$libinit$$00000033)
    __rt_lib_init_signal_1                   0x0800023f   Thumb Code     0  libinit2.o(.ARM.Collect$$libinit$$0000001D)
    __rt_lib_init_stdio_1                    0x0800023f   Thumb Code     0  libinit2.o(.ARM.Collect$$libinit$$00000025)
    __rt_lib_init_user_alloc_1               0x0800023f   Thumb Code     0  libinit2.o(.ARM.Collect$$libinit$$0000000C)
    __rt_lib_shutdown                        0x08000241   Thumb Code     0  libshutdown.o(.ARM.Collect$$libshutdown$$00000000)
    __rt_lib_shutdown_cpp_1                  0x08000243   Thumb Code     0  libshutdown2.o(.ARM.Collect$$libshutdown$$00000004)
    __rt_lib_shutdown_fini_1                 0x08000243   Thumb Code     0  libshutdown2.o(.ARM.Collect$$libshutdown$$00000002)
    __rt_lib_shutdown_fp_trap_1              0x08000243   Thumb Code     0  libshutdown2.o(.ARM.Collect$$libshutdown$$00000009)
    __rt_lib_shutdown_heap_1                 0x08000243   Thumb Code     0  libshutdown2.o(.ARM.Collect$$libshutdown$$00000011)
    __rt_lib_shutdown_return                 0x08000243   Thumb Code     0  libshutdown2.o(.ARM.Collect$$libshutdown$$00000012)
    __rt_lib_shutdown_signal_1               0x08000243   Thumb Code     0  libshutdown2.o(.ARM.Collect$$libshutdown$$0000000C)
    __rt_lib_shutdown_stdio_1                0x08000243   Thumb Code     0  libshutdown2.o(.ARM.Collect$$libshutdown$$00000006)
    __rt_lib_shutdown_user_alloc_1           0x08000243   Thumb Code     0  libshutdown2.o(.ARM.Collect$$libshutdown$$0000000E)
    __rt_entry                               0x08000245   Thumb Code     0  __rtentry.o(.ARM.Collect$$rtentry$$00000000)
    __rt_entry_presh_1                       0x08000245   Thumb Code     0  __rtentry2.o(.ARM.Collect$$rtentry$$00000002)
    __rt_entry_sh                            0x08000245   Thumb Code     0  __rtentry4.o(.ARM.Collect$$rtentry$$00000004)
    __rt_entry_li                            0x0800024b   Thumb Code     0  __rtentry2.o(.ARM.Collect$$rtentry$$0000000A)
    __rt_entry_postsh_1                      0x0800024b   Thumb Code     0  __rtentry2.o(.ARM.Collect$$rtentry$$00000009)
    __rt_entry_main                          0x0800024f   Thumb Code     0  __rtentry2.o(.ARM.Collect$$rtentry$$0000000D)
    __rt_entry_postli_1                      0x0800024f   Thumb Code     0  __rtentry2.o(.ARM.Collect$$rtentry$$0000000C)
    __rt_exit                                0x08000257   Thumb Code     0  rtexit.o(.ARM.Collect$$rtexit$$00000000)
    __rt_exit_ls                             0x08000259   Thumb Code     0  rtexit2.o(.ARM.Collect$$rtexit$$00000003)
    __rt_exit_prels_1                        0x08000259   Thumb Code     0  rtexit2.o(.ARM.Collect$$rtexit$$00000002)
    __rt_exit_exit                           0x0800025d   Thumb Code     0  rtexit2.o(.ARM.Collect$$rtexit$$00000004)
    Reset_Handler                            0x08000265   Thumb Code     8  startup_stm32f446xx.o(.text)
    ADC_IRQHandler                           0x0800027f   Thumb Code     0  startup_stm32f446xx.o(.text)
    CAN1_SCE_IRQHandler                      0x0800027f   Thumb Code     0  startup_stm32f446xx.o(.text)
    CAN1_TX_IRQHandler                       0x0800027f   Thumb Code     0  startup_stm32f446xx.o(.text)
    CAN2_SCE_IRQHandler                      0x0800027f   Thumb Code     0  startup_stm32f446xx.o(.text)
    CAN2_TX_IRQHandler                       0x0800027f   Thumb Code     0  startup_stm32f446xx.o(.text)
    CEC_IRQHandler                           0x0800027f   Thumb Code     0  startup_stm32f446xx.o(.text)
    DCMI_IRQHandler                          0x0800027f   Thumb Code     0  startup_stm32f446xx.o(.text)
    DMA1_Stream0_IRQHandler                  0x0800027f   Thumb Code     0  startup_stm32f446xx.o(.text)
    DMA1_Stream1_IRQHandler                  0x0800027f   Thumb Code     0  startup_stm32f446xx.o(.text)
    DMA1_Stream2_IRQHandler                  0x0800027f   Thumb Code     0  startup_stm32f446xx.o(.text)
    DMA1_Stream3_IRQHandler                  0x0800027f   Thumb Code     0  startup_stm32f446xx.o(.text)
    DMA1_Stream4_IRQHandler                  0x0800027f   Thumb Code     0  startup_stm32f446xx.o(.text)
    DMA1_Stream5_IRQHandler                  0x0800027f   Thumb Code     0  startup_stm32f446xx.o(.text)
    DMA1_Stream6_IRQHandler                  0x0800027f   Thumb Code     0  startup_stm32f446xx.o(.text)
    DMA1_Stream7_IRQHandler                  0x0800027f   Thumb Code     0  startup_stm32f446xx.o(.text)
    DMA2_Stream0_IRQHandler                  0x0800027f   Thumb Code     0  startup_stm32f446xx.o(.text)
    DMA2_Stream1_IRQHandler                  0x0800027f   Thumb Code     0  startup_stm32f446xx.o(.text)
    DMA2_Stream2_IRQHandler                  0x0800027f   Thumb Code     0  startup_stm32f446xx.o(.text)
    DMA2_Stream3_IRQHandler                  0x0800027f   Thumb Code     0  startup_stm32f446xx.o(.text)
    DMA2_Stream4_IRQHandler                  0x0800027f   Thumb Code     0  startup_stm32f446xx.o(.text)
    DMA2_Stream5_IRQHandler                  0x0800027f   Thumb Code     0  startup_stm32f446xx.o(.text)
    DMA2_Stream6_IRQHandler                  0x0800027f   Thumb Code     0  startup_stm32f446xx.o(.text)
    DMA2_Stream7_IRQHandler                  0x0800027f   Thumb Code     0  startup_stm32f446xx.o(.text)
    EXTI0_IRQHandler                         0x0800027f   Thumb Code     0  startup_stm32f446xx.o(.text)
    EXTI15_10_IRQHandler                     0x0800027f   Thumb Code     0  startup_stm32f446xx.o(.text)
    EXTI1_IRQHandler                         0x0800027f   Thumb Code     0  startup_stm32f446xx.o(.text)
    EXTI2_IRQHandler                         0x0800027f   Thumb Code     0  startup_stm32f446xx.o(.text)
    EXTI3_IRQHandler                         0x0800027f   Thumb Code     0  startup_stm32f446xx.o(.text)
    EXTI4_IRQHandler                         0x0800027f   Thumb Code     0  startup_stm32f446xx.o(.text)
    EXTI9_5_IRQHandler                       0x0800027f   Thumb Code     0  startup_stm32f446xx.o(.text)
    FLASH_IRQHandler                         0x0800027f   Thumb Code     0  startup_stm32f446xx.o(.text)
    FMC_IRQHandler                           0x0800027f   Thumb Code     0  startup_stm32f446xx.o(.text)
    FMPI2C1_ER_IRQHandler                    0x0800027f   Thumb Code     0  startup_stm32f446xx.o(.text)
    FMPI2C1_EV_IRQHandler                    0x0800027f   Thumb Code     0  startup_stm32f446xx.o(.text)
    FPU_IRQHandler                           0x0800027f   Thumb Code     0  startup_stm32f446xx.o(.text)
    I2C1_ER_IRQHandler                       0x0800027f   Thumb Code     0  startup_stm32f446xx.o(.text)
    I2C1_EV_IRQHandler                       0x0800027f   Thumb Code     0  startup_stm32f446xx.o(.text)
    I2C2_ER_IRQHandler                       0x0800027f   Thumb Code     0  startup_stm32f446xx.o(.text)
    I2C2_EV_IRQHandler                       0x0800027f   Thumb Code     0  startup_stm32f446xx.o(.text)
    I2C3_ER_IRQHandler                       0x0800027f   Thumb Code     0  startup_stm32f446xx.o(.text)
    I2C3_EV_IRQHandler                       0x0800027f   Thumb Code     0  startup_stm32f446xx.o(.text)
    OTG_FS_WKUP_IRQHandler                   0x0800027f   Thumb Code     0  startup_stm32f446xx.o(.text)
    OTG_HS_EP1_IN_IRQHandler                 0x0800027f   Thumb Code     0  startup_stm32f446xx.o(.text)
    OTG_HS_EP1_OUT_IRQHandler                0x0800027f   Thumb Code     0  startup_stm32f446xx.o(.text)
    OTG_HS_IRQHandler                        0x0800027f   Thumb Code     0  startup_stm32f446xx.o(.text)
    OTG_HS_WKUP_IRQHandler                   0x0800027f   Thumb Code     0  startup_stm32f446xx.o(.text)
    PVD_IRQHandler                           0x0800027f   Thumb Code     0  startup_stm32f446xx.o(.text)
    QUADSPI_IRQHandler                       0x0800027f   Thumb Code     0  startup_stm32f446xx.o(.text)
    RCC_IRQHandler                           0x0800027f   Thumb Code     0  startup_stm32f446xx.o(.text)
    RTC_Alarm_IRQHandler                     0x0800027f   Thumb Code     0  startup_stm32f446xx.o(.text)
    RTC_WKUP_IRQHandler                      0x0800027f   Thumb Code     0  startup_stm32f446xx.o(.text)
    SAI1_IRQHandler                          0x0800027f   Thumb Code     0  startup_stm32f446xx.o(.text)
    SAI2_IRQHandler                          0x0800027f   Thumb Code     0  startup_stm32f446xx.o(.text)
    SDIO_IRQHandler                          0x0800027f   Thumb Code     0  startup_stm32f446xx.o(.text)
    SPDIF_RX_IRQHandler                      0x0800027f   Thumb Code     0  startup_stm32f446xx.o(.text)
    SPI1_IRQHandler                          0x0800027f   Thumb Code     0  startup_stm32f446xx.o(.text)
    SPI2_IRQHandler                          0x0800027f   Thumb Code     0  startup_stm32f446xx.o(.text)
    SPI3_IRQHandler                          0x0800027f   Thumb Code     0  startup_stm32f446xx.o(.text)
    SPI4_IRQHandler                          0x0800027f   Thumb Code     0  startup_stm32f446xx.o(.text)
    TAMP_STAMP_IRQHandler                    0x0800027f   Thumb Code     0  startup_stm32f446xx.o(.text)
    TIM1_BRK_TIM9_IRQHandler                 0x0800027f   Thumb Code     0  startup_stm32f446xx.o(.text)
    TIM1_CC_IRQHandler                       0x0800027f   Thumb Code     0  startup_stm32f446xx.o(.text)
    TIM1_TRG_COM_TIM11_IRQHandler            0x0800027f   Thumb Code     0  startup_stm32f446xx.o(.text)
    TIM2_IRQHandler                          0x0800027f   Thumb Code     0  startup_stm32f446xx.o(.text)
    TIM3_IRQHandler                          0x0800027f   Thumb Code     0  startup_stm32f446xx.o(.text)
    TIM4_IRQHandler                          0x0800027f   Thumb Code     0  startup_stm32f446xx.o(.text)
    TIM5_IRQHandler                          0x0800027f   Thumb Code     0  startup_stm32f446xx.o(.text)
    TIM6_DAC_IRQHandler                      0x0800027f   Thumb Code     0  startup_stm32f446xx.o(.text)
    TIM7_IRQHandler                          0x0800027f   Thumb Code     0  startup_stm32f446xx.o(.text)
    TIM8_BRK_TIM12_IRQHandler                0x0800027f   Thumb Code     0  startup_stm32f446xx.o(.text)
    TIM8_CC_IRQHandler                       0x0800027f   Thumb Code     0  startup_stm32f446xx.o(.text)
    TIM8_TRG_COM_TIM14_IRQHandler            0x0800027f   Thumb Code     0  startup_stm32f446xx.o(.text)
    TIM8_UP_TIM13_IRQHandler                 0x0800027f   Thumb Code     0  startup_stm32f446xx.o(.text)
    UART4_IRQHandler                         0x0800027f   Thumb Code     0  startup_stm32f446xx.o(.text)
    UART5_IRQHandler                         0x0800027f   Thumb Code     0  startup_stm32f446xx.o(.text)
    USART1_IRQHandler                        0x0800027f   Thumb Code     0  startup_stm32f446xx.o(.text)
    USART2_IRQHandler                        0x0800027f   Thumb Code     0  startup_stm32f446xx.o(.text)
    USART3_IRQHandler                        0x0800027f   Thumb Code     0  startup_stm32f446xx.o(.text)
    USART6_IRQHandler                        0x0800027f   Thumb Code     0  startup_stm32f446xx.o(.text)
    WWDG_IRQHandler                          0x0800027f   Thumb Code     0  startup_stm32f446xx.o(.text)
    __user_initial_stackheap                 0x08000281   Thumb Code     0  startup_stm32f446xx.o(.text)
    __aeabi_uldivmod                         0x080002a5   Thumb Code     0  lludivv7m.o(.text)
    _ll_udiv                                 0x080002a5   Thumb Code   238  lludivv7m.o(.text)
    __aeabi_memclr4                          0x08000393   Thumb Code     0  rt_memclr_w.o(.text)
    __aeabi_memclr8                          0x08000393   Thumb Code     0  rt_memclr_w.o(.text)
    __rt_memclr_w                            0x08000393   Thumb Code    78  rt_memclr_w.o(.text)
    _memset_w                                0x08000397   Thumb Code     0  rt_memclr_w.o(.text)
    __use_two_region_memory                  0x080003e1   Thumb Code     2  heapauxi.o(.text)
    __rt_heap_escrow$2region                 0x080003e3   Thumb Code     2  heapauxi.o(.text)
    __rt_heap_expand$2region                 0x080003e5   Thumb Code     2  heapauxi.o(.text)
    __user_setup_stackheap                   0x080003e7   Thumb Code    74  sys_stackheap_outer.o(.text)
    exit                                     0x08000431   Thumb Code    18  exit.o(.text)
    __user_libspace                          0x08000445   Thumb Code     8  libspace.o(.text)
    __user_perproc_libspace                  0x08000445   Thumb Code     0  libspace.o(.text)
    __user_perthread_libspace                0x08000445   Thumb Code     0  libspace.o(.text)
    _sys_exit                                0x0800044d   Thumb Code     8  sys_exit.o(.text)
    __I$use$semihosting                      0x08000459   Thumb Code     0  use_no_semi.o(.text)
    __use_no_semihosting_swi                 0x08000459   Thumb Code     2  use_no_semi.o(.text)
    BusFault_Handler                         0x0800045b   Thumb Code     4  stm32f4xx_it.o(i.BusFault_Handler)
    __semihosting_library_function           0x0800045b   Thumb Code     0  indicate_semi.o(.text)
    CAN1_RX0_IRQHandler                      0x08000461   Thumb Code    10  stm32f4xx_it.o(i.CAN1_RX0_IRQHandler)
    CAN1_RX1_IRQHandler                      0x08000471   Thumb Code    10  stm32f4xx_it.o(i.CAN1_RX1_IRQHandler)
    CAN2_RX0_IRQHandler                      0x08000481   Thumb Code    10  stm32f4xx_it.o(i.CAN2_RX0_IRQHandler)
    CAN2_RX1_IRQHandler                      0x08000491   Thumb Code    10  stm32f4xx_it.o(i.CAN2_RX1_IRQHandler)
    CAN_FilterInit                           0x080004a1   Thumb Code    78  can.o(i.CAN_FilterInit)
    DebugMon_Handler                         0x0800058d   Thumb Code     2  stm32f4xx_it.o(i.DebugMon_Handler)
    Error_Handler                            0x0800058f   Thumb Code     6  main.o(i.Error_Handler)
    HAL_CAN_ActivateNotification             0x080005c9   Thumb Code    42  stm32f4xx_hal_can.o(i.HAL_CAN_ActivateNotification)
    HAL_CAN_AddTxMessage                     0x080005f3   Thumb Code   330  stm32f4xx_hal_can.o(i.HAL_CAN_AddTxMessage)
    HAL_CAN_ConfigFilter                     0x0800073d   Thumb Code   286  stm32f4xx_hal_can.o(i.HAL_CAN_ConfigFilter)
    HAL_CAN_ErrorCallback                    0x08000861   Thumb Code     2  stm32f4xx_hal_can.o(i.HAL_CAN_ErrorCallback)
    HAL_CAN_GetRxMessage                     0x08000863   Thumb Code   404  stm32f4xx_hal_can.o(i.HAL_CAN_GetRxMessage)
    HAL_CAN_GetTxMailboxesFreeLevel          0x080009f7   Thumb Code    54  stm32f4xx_hal_can.o(i.HAL_CAN_GetTxMailboxesFreeLevel)
    HAL_CAN_IRQHandler                       0x08000a2d   Thumb Code   590  stm32f4xx_hal_can.o(i.HAL_CAN_IRQHandler)
    HAL_CAN_Init                             0x08000c7d   Thumb Code   434  stm32f4xx_hal_can.o(i.HAL_CAN_Init)
    HAL_CAN_MspInit                          0x08000e69   Thumb Code   364  can.o(i.HAL_CAN_MspInit)
    HAL_CAN_RxFifo0FullCallback              0x08000fe9   Thumb Code     2  stm32f4xx_hal_can.o(i.HAL_CAN_RxFifo0FullCallback)
    HAL_CAN_RxFifo0MsgPendingCallback        0x08000fed   Thumb Code    74  can.o(i.HAL_CAN_RxFifo0MsgPendingCallback)
    HAL_CAN_RxFifo1FullCallback              0x08001041   Thumb Code     2  stm32f4xx_hal_can.o(i.HAL_CAN_RxFifo1FullCallback)
    HAL_CAN_RxFifo1MsgPendingCallback        0x08001043   Thumb Code     2  stm32f4xx_hal_can.o(i.HAL_CAN_RxFifo1MsgPendingCallback)
    HAL_CAN_SleepCallback                    0x08001045   Thumb Code     2  stm32f4xx_hal_can.o(i.HAL_CAN_SleepCallback)
    HAL_CAN_Start                            0x08001047   Thumb Code    94  stm32f4xx_hal_can.o(i.HAL_CAN_Start)
    HAL_CAN_TxMailbox0AbortCallback          0x080010a5   Thumb Code     2  stm32f4xx_hal_can.o(i.HAL_CAN_TxMailbox0AbortCallback)
    HAL_CAN_TxMailbox0CompleteCallback       0x080010a7   Thumb Code     2  stm32f4xx_hal_can.o(i.HAL_CAN_TxMailbox0CompleteCallback)
    HAL_CAN_TxMailbox1AbortCallback          0x080010a9   Thumb Code     2  stm32f4xx_hal_can.o(i.HAL_CAN_TxMailbox1AbortCallback)
    HAL_CAN_TxMailbox1CompleteCallback       0x080010ab   Thumb Code     2  stm32f4xx_hal_can.o(i.HAL_CAN_TxMailbox1CompleteCallback)
    HAL_CAN_TxMailbox2AbortCallback          0x080010ad   Thumb Code     2  stm32f4xx_hal_can.o(i.HAL_CAN_TxMailbox2AbortCallback)
    HAL_CAN_TxMailbox2CompleteCallback       0x080010af   Thumb Code     2  stm32f4xx_hal_can.o(i.HAL_CAN_TxMailbox2CompleteCallback)
    HAL_CAN_WakeUpFromRxMsgCallback          0x080010b1   Thumb Code     2  stm32f4xx_hal_can.o(i.HAL_CAN_WakeUpFromRxMsgCallback)
    HAL_Delay                                0x080010b5   Thumb Code    36  stm32f4xx_hal.o(i.HAL_Delay)
    HAL_GPIO_Init                            0x080010dd   Thumb Code   444  stm32f4xx_hal_gpio.o(i.HAL_GPIO_Init)
    HAL_GPIO_WritePin                        0x080012c1   Thumb Code    12  stm32f4xx_hal_gpio.o(i.HAL_GPIO_WritePin)
    HAL_GetTick                              0x080012cd   Thumb Code     6  stm32f4xx_hal.o(i.HAL_GetTick)
    HAL_IncTick                              0x080012d9   Thumb Code    16  stm32f4xx_hal.o(i.HAL_IncTick)
    HAL_Init                                 0x080012f1   Thumb Code    54  stm32f4xx_hal.o(i.HAL_Init)
    HAL_InitTick                             0x0800132d   Thumb Code    64  stm32f4xx_hal.o(i.HAL_InitTick)
    HAL_MspInit                              0x08001379   Thumb Code    68  stm32f4xx_hal_msp.o(i.HAL_MspInit)
    HAL_NVIC_EnableIRQ                       0x080013c1   Thumb Code    40  stm32f4xx_hal_cortex.o(i.HAL_NVIC_EnableIRQ)
    HAL_NVIC_SetPriority                     0x080013e9   Thumb Code   124  stm32f4xx_hal_cortex.o(i.HAL_NVIC_SetPriority)
    HAL_NVIC_SetPriorityGrouping             0x08001465   Thumb Code    32  stm32f4xx_hal_cortex.o(i.HAL_NVIC_SetPriorityGrouping)
    HAL_PCDEx_ActivateLPM                    0x0800148d   Thumb Code    36  stm32f4xx_hal_pcd_ex.o(i.HAL_PCDEx_ActivateLPM)
    HAL_PCDEx_LPM_Callback                   0x080014b5   Thumb Code   106  usbd_conf.o(i.HAL_PCDEx_LPM_Callback)
    HAL_PCDEx_SetRxFiFo                      0x08001525   Thumb Code    10  stm32f4xx_hal_pcd_ex.o(i.HAL_PCDEx_SetRxFiFo)
    HAL_PCDEx_SetTxFiFo                      0x0800152f   Thumb Code    78  stm32f4xx_hal_pcd_ex.o(i.HAL_PCDEx_SetTxFiFo)
    HAL_PCD_ConnectCallback                  0x0800157d   Thumb Code    14  usbd_conf.o(i.HAL_PCD_ConnectCallback)
    HAL_PCD_DataInStageCallback              0x0800158b   Thumb Code    32  usbd_conf.o(i.HAL_PCD_DataInStageCallback)
    HAL_PCD_DataOutStageCallback             0x080015ab   Thumb Code    32  usbd_conf.o(i.HAL_PCD_DataOutStageCallback)
    HAL_PCD_DisconnectCallback               0x080015cb   Thumb Code    14  usbd_conf.o(i.HAL_PCD_DisconnectCallback)
    HAL_PCD_EP_Abort                         0x080015d9   Thumb Code    66  stm32f4xx_hal_pcd.o(i.HAL_PCD_EP_Abort)
    HAL_PCD_EP_Close                         0x0800161b   Thumb Code   106  stm32f4xx_hal_pcd.o(i.HAL_PCD_EP_Close)
    HAL_PCD_EP_ClrStall                      0x08001685   Thumb Code   124  stm32f4xx_hal_pcd.o(i.HAL_PCD_EP_ClrStall)
    HAL_PCD_EP_GetRxCount                    0x08001701   Thumb Code    22  stm32f4xx_hal_pcd.o(i.HAL_PCD_EP_GetRxCount)
    HAL_PCD_EP_Open                          0x08001717   Thumb Code   142  stm32f4xx_hal_pcd.o(i.HAL_PCD_EP_Open)
    HAL_PCD_EP_Receive                       0x080017a5   Thumb Code    70  stm32f4xx_hal_pcd.o(i.HAL_PCD_EP_Receive)
    HAL_PCD_EP_SetStall                      0x080017eb   Thumb Code   138  stm32f4xx_hal_pcd.o(i.HAL_PCD_EP_SetStall)
    HAL_PCD_EP_Transmit                      0x08001875   Thumb Code    72  stm32f4xx_hal_pcd.o(i.HAL_PCD_EP_Transmit)
    HAL_PCD_IRQHandler                       0x080018bd   Thumb Code  1806  stm32f4xx_hal_pcd.o(i.HAL_PCD_IRQHandler)
    HAL_PCD_ISOINIncompleteCallback          0x08001fcb   Thumb Code    18  usbd_conf.o(i.HAL_PCD_ISOINIncompleteCallback)
    HAL_PCD_ISOOUTIncompleteCallback         0x08001fdd   Thumb Code    18  usbd_conf.o(i.HAL_PCD_ISOOUTIncompleteCallback)
    HAL_PCD_Init                             0x08001fef   Thumb Code   362  stm32f4xx_hal_pcd.o(i.HAL_PCD_Init)
    HAL_PCD_MspInit                          0x08002159   Thumb Code   190  usbd_conf.o(i.HAL_PCD_MspInit)
    HAL_PCD_ResetCallback                    0x08002221   Thumb Code    48  usbd_conf.o(i.HAL_PCD_ResetCallback)
    HAL_PCD_ResumeCallback                   0x08002251   Thumb Code    14  usbd_conf.o(i.HAL_PCD_ResumeCallback)
    HAL_PCD_SOFCallback                      0x0800225f   Thumb Code    14  usbd_conf.o(i.HAL_PCD_SOFCallback)
    HAL_PCD_SetAddress                       0x0800226d   Thumb Code    52  stm32f4xx_hal_pcd.o(i.HAL_PCD_SetAddress)
    HAL_PCD_SetupStageCallback               0x080022a1   Thumb Code    18  usbd_conf.o(i.HAL_PCD_SetupStageCallback)
    HAL_PCD_Start                            0x080022b3   Thumb Code    76  stm32f4xx_hal_pcd.o(i.HAL_PCD_Start)
    HAL_PCD_SuspendCallback                  0x08002301   Thumb Code    46  usbd_conf.o(i.HAL_PCD_SuspendCallback)
    HAL_RCCEx_PeriphCLKConfig                0x08002335   Thumb Code  1360  stm32f4xx_hal_rcc_ex.o(i.HAL_RCCEx_PeriphCLKConfig)
    HAL_RCC_ClockConfig                      0x0800288d   Thumb Code   368  stm32f4xx_hal_rcc.o(i.HAL_RCC_ClockConfig)
    HAL_RCC_GetHCLKFreq                      0x08002a11   Thumb Code     6  stm32f4xx_hal_rcc.o(i.HAL_RCC_GetHCLKFreq)
    HAL_RCC_GetSysClockFreq                  0x08002a1d   Thumb Code   266  stm32f4xx_hal_rcc_ex.o(i.HAL_RCC_GetSysClockFreq)
    HAL_RCC_OscConfig                        0x08002b35   Thumb Code  1246  stm32f4xx_hal_rcc_ex.o(i.HAL_RCC_OscConfig)
    HAL_SYSTICK_Config                       0x0800301d   Thumb Code    52  stm32f4xx_hal_cortex.o(i.HAL_SYSTICK_Config)
    HAL_TIMEx_BreakCallback                  0x08003051   Thumb Code     2  stm32f4xx_hal_tim_ex.o(i.HAL_TIMEx_BreakCallback)
    HAL_TIMEx_CommutCallback                 0x08003053   Thumb Code     2  stm32f4xx_hal_tim_ex.o(i.HAL_TIMEx_CommutCallback)
    HAL_TIMEx_CommutHalfCpltCallback         0x08003055   Thumb Code     2  stm32f4xx_hal_tim_ex.o(i.HAL_TIMEx_CommutHalfCpltCallback)
    HAL_TIMEx_MasterConfigSynchronization    0x08003059   Thumb Code   150  stm32f4xx_hal_tim_ex.o(i.HAL_TIMEx_MasterConfigSynchronization)
    HAL_TIM_Base_Init                        0x0800310d   Thumb Code   116  stm32f4xx_hal_tim.o(i.HAL_TIM_Base_Init)
    HAL_TIM_Base_MspInit                     0x08003185   Thumb Code    62  tim.o(i.HAL_TIM_Base_MspInit)
    HAL_TIM_Base_Start_IT                    0x080031cd   Thumb Code   138  stm32f4xx_hal_tim.o(i.HAL_TIM_Base_Start_IT)
    HAL_TIM_ConfigClockSource                0x08003275   Thumb Code   268  stm32f4xx_hal_tim.o(i.HAL_TIM_ConfigClockSource)
    HAL_TIM_ErrorCallback                    0x08003381   Thumb Code     2  stm32f4xx_hal_tim.o(i.HAL_TIM_ErrorCallback)
    HAL_TIM_IC_CaptureCallback               0x08003383   Thumb Code     2  stm32f4xx_hal_tim.o(i.HAL_TIM_IC_CaptureCallback)
    HAL_TIM_IC_CaptureHalfCpltCallback       0x08003385   Thumb Code     2  stm32f4xx_hal_tim.o(i.HAL_TIM_IC_CaptureHalfCpltCallback)
    HAL_TIM_IRQHandler                       0x08003387   Thumb Code   396  stm32f4xx_hal_tim.o(i.HAL_TIM_IRQHandler)
    HAL_TIM_OC_DelayElapsedCallback          0x08003513   Thumb Code     2  stm32f4xx_hal_tim.o(i.HAL_TIM_OC_DelayElapsedCallback)
    HAL_TIM_PWM_PulseFinishedCallback        0x08003515   Thumb Code     2  stm32f4xx_hal_tim.o(i.HAL_TIM_PWM_PulseFinishedCallback)
    HAL_TIM_PWM_PulseFinishedHalfCpltCallback 0x08003517   Thumb Code     2  stm32f4xx_hal_tim.o(i.HAL_TIM_PWM_PulseFinishedHalfCpltCallback)
    HAL_TIM_PeriodElapsedCallback            0x08003519   Thumb Code    30  tim.o(i.HAL_TIM_PeriodElapsedCallback)
    HAL_TIM_PeriodElapsedHalfCpltCallback    0x08003541   Thumb Code     2  stm32f4xx_hal_tim.o(i.HAL_TIM_PeriodElapsedHalfCpltCallback)
    HAL_TIM_TriggerCallback                  0x08003543   Thumb Code     2  stm32f4xx_hal_tim.o(i.HAL_TIM_TriggerCallback)
    HAL_TIM_TriggerHalfCpltCallback          0x08003545   Thumb Code     2  stm32f4xx_hal_tim.o(i.HAL_TIM_TriggerHalfCpltCallback)
    HardFault_Handler                        0x08003547   Thumb Code     4  stm32f4xx_it.o(i.HardFault_Handler)
    IMU_SendUpdateFrame                      0x0800354d   Thumb Code    52  dm_imu.o(i.IMU_SendUpdateFrame)
    IMU_UpdateAccel                          0x08003589   Thumb Code   114  dm_imu.o(i.IMU_UpdateAccel)
    IMU_UpdateData                           0x08003609   Thumb Code    60  dm_imu.o(i.IMU_UpdateData)
    IMU_UpdateEuler                          0x08003645   Thumb Code   102  dm_imu.o(i.IMU_UpdateEuler)
    IMU_UpdateGyro                           0x080036c1   Thumb Code   114  dm_imu.o(i.IMU_UpdateGyro)
    IMU_UpdateQuaternion                     0x08003741   Thumb Code   156  dm_imu.o(i.IMU_UpdateQuaternion)
    MX_CAN1_Init                             0x08003821   Thumb Code    68  can.o(i.MX_CAN1_Init)
    MX_CAN2_Init                             0x0800386d   Thumb Code    66  can.o(i.MX_CAN2_Init)
    MX_GPIO_Init                             0x080038b9   Thumb Code   172  gpio.o(i.MX_GPIO_Init)
    MX_TIM1_Init                             0x0800396d   Thumb Code   108  tim.o(i.MX_TIM1_Init)
    MX_USB_DEVICE_Init                       0x080039e1   Thumb Code    60  usb_device.o(i.MX_USB_DEVICE_Init)
    MemManage_Handler                        0x08003a2d   Thumb Code     4  stm32f4xx_it.o(i.MemManage_Handler)
    NMI_Handler                              0x08003a31   Thumb Code     4  stm32f4xx_it.o(i.NMI_Handler)
    OTG_FS_IRQHandler                        0x08003a35   Thumb Code    10  stm32f4xx_it.o(i.OTG_FS_IRQHandler)
    PendSV_Handler                           0x08003ca3   Thumb Code     2  stm32f4xx_it.o(i.PendSV_Handler)
    SVC_Handler                              0x08003ca5   Thumb Code     2  stm32f4xx_it.o(i.SVC_Handler)
    SysTick_Handler                          0x08003cb9   Thumb Code     8  stm32f4xx_it.o(i.SysTick_Handler)
    SystemClock_Config                       0x08003cc1   Thumb Code   176  main.o(i.SystemClock_Config)
    SystemInit                               0x08003d79   Thumb Code    14  system_stm32f4xx.o(i.SystemInit)
    TIM1_UP_TIM10_IRQHandler                 0x08003d8d   Thumb Code    10  stm32f4xx_it.o(i.TIM1_UP_TIM10_IRQHandler)
    TIM_Base_SetConfig                       0x08003d9d   Thumb Code   186  stm32f4xx_hal_tim.o(i.TIM_Base_SetConfig)
    TIM_ETR_SetConfig                        0x08003e85   Thumb Code    22  stm32f4xx_hal_tim.o(i.TIM_ETR_SetConfig)
    TIM_ResetCallback                        0x08003ead   Thumb Code    58  stm32f4xx_hal_tim.o(i.TIM_ResetCallback)
    USBD_CDC_GetDeviceQualifierDescriptor    0x0800419d   Thumb Code    10  usbd_cdc.o(i.USBD_CDC_GetDeviceQualifierDescriptor)
    USBD_CDC_ReceivePacket                   0x0800441d   Thumb Code    74  usbd_cdc.o(i.USBD_CDC_ReceivePacket)
    USBD_CDC_RegisterInterface               0x0800446d   Thumb Code    24  usbd_cdc.o(i.USBD_CDC_RegisterInterface)
    USBD_CDC_SetRxBuffer                     0x08004485   Thumb Code    30  usbd_cdc.o(i.USBD_CDC_SetRxBuffer)
    USBD_CDC_SetTxBuffer                     0x080044a3   Thumb Code    36  usbd_cdc.o(i.USBD_CDC_SetTxBuffer)
    USBD_ClrClassConfig                      0x08004607   Thumb Code    28  usbd_core.o(i.USBD_ClrClassConfig)
    USBD_CoreFindEP                          0x08004661   Thumb Code     6  usbd_core.o(i.USBD_CoreFindEP)
    USBD_CoreFindIF                          0x08004667   Thumb Code     6  usbd_core.o(i.USBD_CoreFindIF)
    USBD_CtlContinueRx                       0x0800466d   Thumb Code    24  usbd_ioreq.o(i.USBD_CtlContinueRx)
    USBD_CtlContinueSendData                 0x08004685   Thumb Code    24  usbd_ioreq.o(i.USBD_CtlContinueSendData)
    USBD_CtlError                            0x0800469d   Thumb Code    24  usbd_ctlreq.o(i.USBD_CtlError)
    USBD_CtlPrepareRx                        0x080046b5   Thumb Code    40  usbd_ioreq.o(i.USBD_CtlPrepareRx)
    USBD_CtlReceiveStatus                    0x080046dd   Thumb Code    26  usbd_ioreq.o(i.USBD_CtlReceiveStatus)
    USBD_CtlSendData                         0x080046f7   Thumb Code    34  usbd_ioreq.o(i.USBD_CtlSendData)
    USBD_CtlSendStatus                       0x08004719   Thumb Code    26  usbd_ioreq.o(i.USBD_CtlSendStatus)
    USBD_FS_ConfigStrDescriptor              0x08004735   Thumb Code    34  usbd_desc.o(i.USBD_FS_ConfigStrDescriptor)
    USBD_FS_DeviceDescriptor                 0x08004769   Thumb Code    10  usbd_desc.o(i.USBD_FS_DeviceDescriptor)
    USBD_FS_InterfaceStrDescriptor           0x08004779   Thumb Code    34  usbd_desc.o(i.USBD_FS_InterfaceStrDescriptor)
    USBD_FS_LangIDStrDescriptor              0x080047b1   Thumb Code    10  usbd_desc.o(i.USBD_FS_LangIDStrDescriptor)
    USBD_FS_ManufacturerStrDescriptor        0x080047c1   Thumb Code    20  usbd_desc.o(i.USBD_FS_ManufacturerStrDescriptor)
    USBD_FS_ProductStrDescriptor             0x080047ed   Thumb Code    34  usbd_desc.o(i.USBD_FS_ProductStrDescriptor)
    USBD_FS_SerialStrDescriptor              0x0800482d   Thumb Code    18  usbd_desc.o(i.USBD_FS_SerialStrDescriptor)
    USBD_FS_USR_BOSDescriptor                0x08004845   Thumb Code    10  usbd_desc.o(i.USBD_FS_USR_BOSDescriptor)
    USBD_GetEpDesc                           0x08004add   Thumb Code    80  usbd_core.o(i.USBD_GetEpDesc)
    USBD_GetNextDesc                         0x08004b43   Thumb Code    20  usbd_core.o(i.USBD_GetNextDesc)
    USBD_GetString                           0x08004bb1   Thumb Code   104  usbd_ctlreq.o(i.USBD_GetString)
    USBD_Get_USB_Status                      0x08004c19   Thumb Code    44  usbd_conf.o(i.USBD_Get_USB_Status)
    USBD_Init                                0x08004c45   Thumb Code    58  usbd_core.o(i.USBD_Init)
    USBD_LL_ClearStallEP                     0x08004c7f   Thumb Code    38  usbd_conf.o(i.USBD_LL_ClearStallEP)
    USBD_LL_CloseEP                          0x08004ca5   Thumb Code    38  usbd_conf.o(i.USBD_LL_CloseEP)
    USBD_LL_DataInStage                      0x08004ccb   Thumb Code   264  usbd_core.o(i.USBD_LL_DataInStage)
    USBD_LL_DataOutStage                     0x08004dd3   Thumb Code   258  usbd_core.o(i.USBD_LL_DataOutStage)
    USBD_LL_DevConnected                     0x08004ed5   Thumb Code     6  usbd_core.o(i.USBD_LL_DevConnected)
    USBD_LL_DevDisconnected                  0x08004edb   Thumb Code    38  usbd_core.o(i.USBD_LL_DevDisconnected)
    USBD_LL_GetRxDataSize                    0x08004f01   Thumb Code    18  usbd_conf.o(i.USBD_LL_GetRxDataSize)
    USBD_LL_Init                             0x08004f15   Thumb Code   100  usbd_conf.o(i.USBD_LL_Init)
    USBD_LL_IsStallEP                        0x08004f7d   Thumb Code    56  usbd_conf.o(i.USBD_LL_IsStallEP)
    USBD_LL_IsoINIncomplete                  0x08004fb5   Thumb Code    72  usbd_core.o(i.USBD_LL_IsoINIncomplete)
    USBD_LL_IsoOUTIncomplete                 0x08004ffd   Thumb Code    72  usbd_core.o(i.USBD_LL_IsoOUTIncomplete)
    USBD_LL_OpenEP                           0x08005045   Thumb Code    48  usbd_conf.o(i.USBD_LL_OpenEP)
    USBD_LL_PrepareReceive                   0x08005075   Thumb Code    48  usbd_conf.o(i.USBD_LL_PrepareReceive)
    USBD_LL_Reset                            0x080050a5   Thumb Code   108  usbd_core.o(i.USBD_LL_Reset)
    USBD_LL_Resume                           0x08005111   Thumb Code    22  usbd_core.o(i.USBD_LL_Resume)
    USBD_LL_SOF                              0x08005127   Thumb Code    40  usbd_core.o(i.USBD_LL_SOF)
    USBD_LL_SetSpeed                         0x0800514f   Thumb Code     8  usbd_core.o(i.USBD_LL_SetSpeed)
    USBD_LL_SetUSBAddress                    0x08005157   Thumb Code    38  usbd_conf.o(i.USBD_LL_SetUSBAddress)
    USBD_LL_SetupStage                       0x0800517d   Thumb Code   118  usbd_core.o(i.USBD_LL_SetupStage)
    USBD_LL_StallEP                          0x080051f3   Thumb Code    38  usbd_conf.o(i.USBD_LL_StallEP)
    USBD_LL_Start                            0x08005219   Thumb Code    30  usbd_conf.o(i.USBD_LL_Start)
    USBD_LL_Suspend                          0x08005237   Thumb Code    28  usbd_core.o(i.USBD_LL_Suspend)
    USBD_LL_Transmit                         0x08005253   Thumb Code    48  usbd_conf.o(i.USBD_LL_Transmit)
    USBD_ParseSetupRequest                   0x08005283   Thumb Code    54  usbd_ctlreq.o(i.USBD_ParseSetupRequest)
    USBD_RegisterClass                       0x080052b9   Thumb Code    72  usbd_core.o(i.USBD_RegisterClass)
    USBD_RunTestMode                         0x08005301   Thumb Code     6  usbd_core.o(i.USBD_RunTestMode)
    USBD_SetClassConfig                      0x08005361   Thumb Code    32  usbd_core.o(i.USBD_SetClassConfig)
    USBD_Start                               0x080054bd   Thumb Code    12  usbd_core.o(i.USBD_Start)
    USBD_StdDevReq                           0x080054c9   Thumb Code   174  usbd_ctlreq.o(i.USBD_StdDevReq)
    USBD_StdEPReq                            0x08005577   Thumb Code   640  usbd_ctlreq.o(i.USBD_StdEPReq)
    USBD_StdItfReq                           0x080057f7   Thumb Code   174  usbd_ctlreq.o(i.USBD_StdItfReq)
    USBD_static_free                         0x080058a5   Thumb Code     2  usbd_conf.o(i.USBD_static_free)
    USBD_static_malloc                       0x080058a9   Thumb Code     6  usbd_conf.o(i.USBD_static_malloc)
    USB_ActivateEndpoint                     0x080058b5   Thumb Code   202  stm32f4xx_ll_usb.o(i.USB_ActivateEndpoint)
    USB_ActivateSetup                        0x08005985   Thumb Code    40  stm32f4xx_ll_usb.o(i.USB_ActivateSetup)
    USB_CoreInit                             0x080059ad   Thumb Code   136  stm32f4xx_ll_usb.o(i.USB_CoreInit)
    USB_DeactivateEndpoint                   0x08005a8d   Thumb Code   318  stm32f4xx_ll_usb.o(i.USB_DeactivateEndpoint)
    USB_DevConnect                           0x08005bd9   Thumb Code    36  stm32f4xx_ll_usb.o(i.USB_DevConnect)
    USB_DevDisconnect                        0x08005bfd   Thumb Code    36  stm32f4xx_ll_usb.o(i.USB_DevDisconnect)
    USB_DevInit                              0x08005c21   Thumb Code   472  stm32f4xx_ll_usb.o(i.USB_DevInit)
    USB_DisableGlobalInt                     0x08005e01   Thumb Code    14  stm32f4xx_ll_usb.o(i.USB_DisableGlobalInt)
    USB_EP0_OutStart                         0x08005e11   Thumb Code   106  stm32f4xx_ll_usb.o(i.USB_EP0_OutStart)
    USB_EPClearStall                         0x08005e81   Thumb Code   142  stm32f4xx_ll_usb.o(i.USB_EPClearStall)
    USB_EPSetStall                           0x08005f0f   Thumb Code   154  stm32f4xx_ll_usb.o(i.USB_EPSetStall)
    USB_EPStartXfer                          0x08005fa9   Thumb Code   954  stm32f4xx_ll_usb.o(i.USB_EPStartXfer)
    USB_EPStopXfer                           0x08006369   Thumb Code   236  stm32f4xx_ll_usb.o(i.USB_EPStopXfer)
    USB_EnableGlobalInt                      0x08006455   Thumb Code    14  stm32f4xx_ll_usb.o(i.USB_EnableGlobalInt)
    USB_FlushRxFifo                          0x08006463   Thumb Code    80  stm32f4xx_ll_usb.o(i.USB_FlushRxFifo)
    USB_FlushTxFifo                          0x080064b3   Thumb Code    84  stm32f4xx_ll_usb.o(i.USB_FlushTxFifo)
    USB_GetDevSpeed                          0x08006507   Thumb Code    38  stm32f4xx_ll_usb.o(i.USB_GetDevSpeed)
    USB_GetMode                              0x0800652d   Thumb Code    10  stm32f4xx_ll_usb.o(i.USB_GetMode)
    USB_ReadDevAllInEpInterrupt              0x08006537   Thumb Code    20  stm32f4xx_ll_usb.o(i.USB_ReadDevAllInEpInterrupt)
    USB_ReadDevAllOutEpInterrupt             0x0800654b   Thumb Code    20  stm32f4xx_ll_usb.o(i.USB_ReadDevAllOutEpInterrupt)
    USB_ReadDevInEPInterrupt                 0x0800655f   Thumb Code    50  stm32f4xx_ll_usb.o(i.USB_ReadDevInEPInterrupt)
    USB_ReadDevOutEPInterrupt                0x08006591   Thumb Code    26  stm32f4xx_ll_usb.o(i.USB_ReadDevOutEPInterrupt)
    USB_ReadInterrupts                       0x080065ab   Thumb Code    10  stm32f4xx_ll_usb.o(i.USB_ReadInterrupts)
    USB_ReadPacket                           0x080065b5   Thumb Code    96  stm32f4xx_ll_usb.o(i.USB_ReadPacket)
    USB_SetCurrentMode                       0x08006615   Thumb Code   104  stm32f4xx_ll_usb.o(i.USB_SetCurrentMode)
    USB_SetDevAddress                        0x0800667d   Thumb Code    42  stm32f4xx_ll_usb.o(i.USB_SetDevAddress)
    USB_SetDevSpeed                          0x080066a7   Thumb Code    18  stm32f4xx_ll_usb.o(i.USB_SetDevSpeed)
    USB_SetTurnaroundTime                    0x080066b9   Thumb Code   192  stm32f4xx_ll_usb.o(i.USB_SetTurnaroundTime)
    USB_WritePacket                          0x080067a1   Thumb Code    68  stm32f4xx_ll_usb.o(i.USB_WritePacket)
    UsageFault_Handler                       0x080067e5   Thumb Code     4  stm32f4xx_it.o(i.UsageFault_Handler)
    main                                     0x08006821   Thumb Code    48  main.o(i.main)
    uint_to_float                            0x08006859   Thumb Code    52  dm_imu.o(i.uint_to_float)
    _fp_init                                 0x0800688d   Thumb Code    10  fpinit.o(x$fpl$fpinit)
    __fplib_config_fpu_vfp                   0x08006895   Thumb Code     0  fpinit.o(x$fpl$fpinit)
    __fplib_config_pureend_doubles           0x08006895   Thumb Code     0  fpinit.o(x$fpl$fpinit)
    AHBPrescTable                            0x08006896   Data          16  system_stm32f4xx.o(.constdata)
    APBPrescTable                            0x080068a6   Data           8  system_stm32f4xx.o(.constdata)
    Region$$Table$$Base                      0x080068b0   Number         0  anon$$obj.o(Region$$Table)
    Region$$Table$$Limit                     0x080068d0   Number         0  anon$$obj.o(Region$$Table)
    FS_Desc                                  0x20000008   Data          32  usbd_desc.o(.data)
    USBD_FS_DeviceDesc                       0x20000028   Data          18  usbd_desc.o(.data)
    USBD_FS_BOSDesc                          0x2000003c   Data          12  usbd_desc.o(.data)
    USBD_LangIDDesc                          0x20000048   Data           4  usbd_desc.o(.data)
    USBD_StringSerial                        0x2000004c   Data          26  usbd_desc.o(.data)
    USBD_Interface_fops_FS                   0x20000068   Data          20  usbd_cdc_if.o(.data)
    uwTick                                   0x2000007c   Data           4  stm32f4xx_hal.o(.data)
    uwTickPrio                               0x20000080   Data           4  stm32f4xx_hal.o(.data)
    uwTickFreq                               0x20000084   Data           1  stm32f4xx_hal.o(.data)
    SystemCoreClock                          0x20000088   Data           4  system_stm32f4xx.o(.data)
    USBD_CDC                                 0x2000009c   Data          56  usbd_cdc.o(.data)
    hcan1                                    0x2000011c   Data         100  can.o(.bss)
    hcan2                                    0x20000180   Data         100  can.o(.bss)
    htim1                                    0x200001e4   Data         180  tim.o(.bss)
    hUsbDeviceFS                             0x20000298   Data         732  usb_device.o(.bss)
    USBD_StrDesc                             0x20000574   Data         512  usbd_desc.o(.bss)
    UserRxBufferFS                           0x20000774   Data        2048  usbd_cdc_if.o(.bss)
    UserTxBufferFS                           0x20000f74   Data        2048  usbd_cdc_if.o(.bss)
    hpcd_USB_OTG_FS                          0x20001774   Data        1252  usbd_conf.o(.bss)
    imu                                      0x20001e78   Data          56  dm_imu.o(.bss)
    __libspace_start                         0x20001eb0   Data          96  libspace.o(.bss)
    __temporary_stack_top$libspace           0x20001f10   Data           0  libspace.o(.bss)



==============================================================================

Memory Map of the image

  Image Entry point : 0x080001c5

  Load Region LR_IROM1 (Base: 0x08000000, Size: 0x000069ec, Max: 0x00040000, ABSOLUTE)

    Execution Region ER_IROM1 (Exec base: 0x08000000, Load base: 0x08000000, Size: 0x000068d0, Max: 0x00040000, ABSOLUTE)

    Exec Addr    Load Addr    Size         Type   Attr      Idx    E Section Name        Object

    0x08000000   0x08000000   0x000001c4   Data   RO            3    RESET               startup_stm32f446xx.o
    0x080001c4   0x080001c4   0x00000008   Code   RO         4695  * !!!main             c_w.l(__main.o)
    0x080001cc   0x080001cc   0x00000034   Code   RO         4864    !!!scatter          c_w.l(__scatter.o)
    0x08000200   0x08000200   0x0000001a   Code   RO         4866    !!handler_copy      c_w.l(__scatter_copy.o)
    0x0800021a   0x0800021a   0x00000002   PAD
    0x0800021c   0x0800021c   0x0000001c   Code   RO         4868    !!handler_zi        c_w.l(__scatter_zi.o)
    0x08000238   0x08000238   0x00000002   Code   RO         4732    .ARM.Collect$$libinit$$00000000  c_w.l(libinit.o)
    0x0800023a   0x0800023a   0x00000004   Code   RO         4744    .ARM.Collect$$libinit$$00000001  c_w.l(libinit2.o)
    0x0800023e   0x0800023e   0x00000000   Code   RO         4747    .ARM.Collect$$libinit$$00000004  c_w.l(libinit2.o)
    0x0800023e   0x0800023e   0x00000000   Code   RO         4750    .ARM.Collect$$libinit$$0000000A  c_w.l(libinit2.o)
    0x0800023e   0x0800023e   0x00000000   Code   RO         4752    .ARM.Collect$$libinit$$0000000C  c_w.l(libinit2.o)
    0x0800023e   0x0800023e   0x00000000   Code   RO         4754    .ARM.Collect$$libinit$$0000000E  c_w.l(libinit2.o)
    0x0800023e   0x0800023e   0x00000000   Code   RO         4757    .ARM.Collect$$libinit$$00000011  c_w.l(libinit2.o)
    0x0800023e   0x0800023e   0x00000000   Code   RO         4759    .ARM.Collect$$libinit$$00000013  c_w.l(libinit2.o)
    0x0800023e   0x0800023e   0x00000000   Code   RO         4761    .ARM.Collect$$libinit$$00000015  c_w.l(libinit2.o)
    0x0800023e   0x0800023e   0x00000000   Code   RO         4763    .ARM.Collect$$libinit$$00000017  c_w.l(libinit2.o)
    0x0800023e   0x0800023e   0x00000000   Code   RO         4765    .ARM.Collect$$libinit$$00000019  c_w.l(libinit2.o)
    0x0800023e   0x0800023e   0x00000000   Code   RO         4767    .ARM.Collect$$libinit$$0000001B  c_w.l(libinit2.o)
    0x0800023e   0x0800023e   0x00000000   Code   RO         4769    .ARM.Collect$$libinit$$0000001D  c_w.l(libinit2.o)
    0x0800023e   0x0800023e   0x00000000   Code   RO         4771    .ARM.Collect$$libinit$$0000001F  c_w.l(libinit2.o)
    0x0800023e   0x0800023e   0x00000000   Code   RO         4773    .ARM.Collect$$libinit$$00000021  c_w.l(libinit2.o)
    0x0800023e   0x0800023e   0x00000000   Code   RO         4775    .ARM.Collect$$libinit$$00000023  c_w.l(libinit2.o)
    0x0800023e   0x0800023e   0x00000000   Code   RO         4777    .ARM.Collect$$libinit$$00000025  c_w.l(libinit2.o)
    0x0800023e   0x0800023e   0x00000000   Code   RO         4781    .ARM.Collect$$libinit$$0000002C  c_w.l(libinit2.o)
    0x0800023e   0x0800023e   0x00000000   Code   RO         4783    .ARM.Collect$$libinit$$0000002E  c_w.l(libinit2.o)
    0x0800023e   0x0800023e   0x00000000   Code   RO         4785    .ARM.Collect$$libinit$$00000030  c_w.l(libinit2.o)
    0x0800023e   0x0800023e   0x00000000   Code   RO         4787    .ARM.Collect$$libinit$$00000032  c_w.l(libinit2.o)
    0x0800023e   0x0800023e   0x00000002   Code   RO         4788    .ARM.Collect$$libinit$$00000033  c_w.l(libinit2.o)
    0x08000240   0x08000240   0x00000002   Code   RO         4819    .ARM.Collect$$libshutdown$$00000000  c_w.l(libshutdown.o)
    0x08000242   0x08000242   0x00000000   Code   RO         4845    .ARM.Collect$$libshutdown$$00000002  c_w.l(libshutdown2.o)
    0x08000242   0x08000242   0x00000000   Code   RO         4847    .ARM.Collect$$libshutdown$$00000004  c_w.l(libshutdown2.o)
    0x08000242   0x08000242   0x00000000   Code   RO         4849    .ARM.Collect$$libshutdown$$00000006  c_w.l(libshutdown2.o)
    0x08000242   0x08000242   0x00000000   Code   RO         4852    .ARM.Collect$$libshutdown$$00000009  c_w.l(libshutdown2.o)
    0x08000242   0x08000242   0x00000000   Code   RO         4855    .ARM.Collect$$libshutdown$$0000000C  c_w.l(libshutdown2.o)
    0x08000242   0x08000242   0x00000000   Code   RO         4857    .ARM.Collect$$libshutdown$$0000000E  c_w.l(libshutdown2.o)
    0x08000242   0x08000242   0x00000000   Code   RO         4860    .ARM.Collect$$libshutdown$$00000011  c_w.l(libshutdown2.o)
    0x08000242   0x08000242   0x00000002   Code   RO         4861    .ARM.Collect$$libshutdown$$00000012  c_w.l(libshutdown2.o)
    0x08000244   0x08000244   0x00000000   Code   RO         4697    .ARM.Collect$$rtentry$$00000000  c_w.l(__rtentry.o)
    0x08000244   0x08000244   0x00000000   Code   RO         4703    .ARM.Collect$$rtentry$$00000002  c_w.l(__rtentry2.o)
    0x08000244   0x08000244   0x00000006   Code   RO         4715    .ARM.Collect$$rtentry$$00000004  c_w.l(__rtentry4.o)
    0x0800024a   0x0800024a   0x00000000   Code   RO         4705    .ARM.Collect$$rtentry$$00000009  c_w.l(__rtentry2.o)
    0x0800024a   0x0800024a   0x00000004   Code   RO         4706    .ARM.Collect$$rtentry$$0000000A  c_w.l(__rtentry2.o)
    0x0800024e   0x0800024e   0x00000000   Code   RO         4708    .ARM.Collect$$rtentry$$0000000C  c_w.l(__rtentry2.o)
    0x0800024e   0x0800024e   0x00000008   Code   RO         4709    .ARM.Collect$$rtentry$$0000000D  c_w.l(__rtentry2.o)
    0x08000256   0x08000256   0x00000002   Code   RO         4736    .ARM.Collect$$rtexit$$00000000  c_w.l(rtexit.o)
    0x08000258   0x08000258   0x00000000   Code   RO         4792    .ARM.Collect$$rtexit$$00000002  c_w.l(rtexit2.o)
    0x08000258   0x08000258   0x00000004   Code   RO         4793    .ARM.Collect$$rtexit$$00000003  c_w.l(rtexit2.o)
    0x0800025c   0x0800025c   0x00000006   Code   RO         4794    .ARM.Collect$$rtexit$$00000004  c_w.l(rtexit2.o)
    0x08000262   0x08000262   0x00000002   PAD
    0x08000264   0x08000264   0x00000040   Code   RO            4    .text               startup_stm32f446xx.o
    0x080002a4   0x080002a4   0x000000ee   Code   RO         4689    .text               c_w.l(lludivv7m.o)
    0x08000392   0x08000392   0x0000004e   Code   RO         4691    .text               c_w.l(rt_memclr_w.o)
    0x080003e0   0x080003e0   0x00000006   Code   RO         4693    .text               c_w.l(heapauxi.o)
    0x080003e6   0x080003e6   0x0000004a   Code   RO         4719    .text               c_w.l(sys_stackheap_outer.o)
    0x08000430   0x08000430   0x00000012   Code   RO         4721    .text               c_w.l(exit.o)
    0x08000442   0x08000442   0x00000002   PAD
    0x08000444   0x08000444   0x00000008   Code   RO         4733    .text               c_w.l(libspace.o)
    0x0800044c   0x0800044c   0x0000000c   Code   RO         4789    .text               c_w.l(sys_exit.o)
    0x08000458   0x08000458   0x00000002   Code   RO         4808    .text               c_w.l(use_no_semi.o)
    0x0800045a   0x0800045a   0x00000000   Code   RO         4810    .text               c_w.l(indicate_semi.o)
    0x0800045a   0x0800045a   0x00000004   Code   RO          424    i.BusFault_Handler  stm32f4xx_it.o
    0x0800045e   0x0800045e   0x00000002   PAD
    0x08000460   0x08000460   0x00000010   Code   RO          425    i.CAN1_RX0_IRQHandler  stm32f4xx_it.o
    0x08000470   0x08000470   0x00000010   Code   RO          426    i.CAN1_RX1_IRQHandler  stm32f4xx_it.o
    0x08000480   0x08000480   0x00000010   Code   RO          427    i.CAN2_RX0_IRQHandler  stm32f4xx_it.o
    0x08000490   0x08000490   0x00000010   Code   RO          428    i.CAN2_RX1_IRQHandler  stm32f4xx_it.o
    0x080004a0   0x080004a0   0x00000058   Code   RO          311    i.CAN_FilterInit    can.o
    0x080004f8   0x080004f8   0x00000044   Code   RO          713    i.CDC_Control_FS    usbd_cdc_if.o
    0x0800053c   0x0800053c   0x00000004   Code   RO          714    i.CDC_DeInit_FS     usbd_cdc_if.o
    0x08000540   0x08000540   0x00000024   Code   RO          715    i.CDC_Init_FS       usbd_cdc_if.o
    0x08000564   0x08000564   0x0000001c   Code   RO          716    i.CDC_Receive_FS    usbd_cdc_if.o
    0x08000580   0x08000580   0x0000000c   Code   RO          717    i.CDC_TransmitCplt_FS  usbd_cdc_if.o
    0x0800058c   0x0800058c   0x00000002   Code   RO          429    i.DebugMon_Handler  stm32f4xx_it.o
    0x0800058e   0x0800058e   0x00000006   Code   RO           13    i.Error_Handler     main.o
    0x08000594   0x08000594   0x00000034   Code   RO          617    i.Get_SerialNum     usbd_desc.o
    0x080005c8   0x080005c8   0x0000002a   Code   RO         2904    i.HAL_CAN_ActivateNotification  stm32f4xx_hal_can.o
    0x080005f2   0x080005f2   0x0000014a   Code   RO         2905    i.HAL_CAN_AddTxMessage  stm32f4xx_hal_can.o
    0x0800073c   0x0800073c   0x00000124   Code   RO         2906    i.HAL_CAN_ConfigFilter  stm32f4xx_hal_can.o
    0x08000860   0x08000860   0x00000002   Code   RO         2909    i.HAL_CAN_ErrorCallback  stm32f4xx_hal_can.o
    0x08000862   0x08000862   0x00000194   Code   RO         2912    i.HAL_CAN_GetRxMessage  stm32f4xx_hal_can.o
    0x080009f6   0x080009f6   0x00000036   Code   RO         2914    i.HAL_CAN_GetTxMailboxesFreeLevel  stm32f4xx_hal_can.o
    0x08000a2c   0x08000a2c   0x0000024e   Code   RO         2916    i.HAL_CAN_IRQHandler  stm32f4xx_hal_can.o
    0x08000c7a   0x08000c7a   0x00000002   PAD
    0x08000c7c   0x08000c7c   0x000001ec   Code   RO         2917    i.HAL_CAN_Init      stm32f4xx_hal_can.o
    0x08000e68   0x08000e68   0x00000180   Code   RO          313    i.HAL_CAN_MspInit   can.o
    0x08000fe8   0x08000fe8   0x00000002   Code   RO         2925    i.HAL_CAN_RxFifo0FullCallback  stm32f4xx_hal_can.o
    0x08000fea   0x08000fea   0x00000002   PAD
    0x08000fec   0x08000fec   0x00000054   Code   RO          314    i.HAL_CAN_RxFifo0MsgPendingCallback  can.o
    0x08001040   0x08001040   0x00000002   Code   RO         2927    i.HAL_CAN_RxFifo1FullCallback  stm32f4xx_hal_can.o
    0x08001042   0x08001042   0x00000002   Code   RO         2928    i.HAL_CAN_RxFifo1MsgPendingCallback  stm32f4xx_hal_can.o
    0x08001044   0x08001044   0x00000002   Code   RO         2929    i.HAL_CAN_SleepCallback  stm32f4xx_hal_can.o
    0x08001046   0x08001046   0x0000005e   Code   RO         2930    i.HAL_CAN_Start     stm32f4xx_hal_can.o
    0x080010a4   0x080010a4   0x00000002   Code   RO         2932    i.HAL_CAN_TxMailbox0AbortCallback  stm32f4xx_hal_can.o
    0x080010a6   0x080010a6   0x00000002   Code   RO         2933    i.HAL_CAN_TxMailbox0CompleteCallback  stm32f4xx_hal_can.o
    0x080010a8   0x080010a8   0x00000002   Code   RO         2934    i.HAL_CAN_TxMailbox1AbortCallback  stm32f4xx_hal_can.o
    0x080010aa   0x080010aa   0x00000002   Code   RO         2935    i.HAL_CAN_TxMailbox1CompleteCallback  stm32f4xx_hal_can.o
    0x080010ac   0x080010ac   0x00000002   Code   RO         2936    i.HAL_CAN_TxMailbox2AbortCallback  stm32f4xx_hal_can.o
    0x080010ae   0x080010ae   0x00000002   Code   RO         2937    i.HAL_CAN_TxMailbox2CompleteCallback  stm32f4xx_hal_can.o
    0x080010b0   0x080010b0   0x00000002   Code   RO         2940    i.HAL_CAN_WakeUpFromRxMsgCallback  stm32f4xx_hal_can.o
    0x080010b2   0x080010b2   0x00000002   PAD
    0x080010b4   0x080010b4   0x00000028   Code   RO         2652    i.HAL_Delay         stm32f4xx_hal.o
    0x080010dc   0x080010dc   0x000001e4   Code   RO         2085    i.HAL_GPIO_Init     stm32f4xx_hal_gpio.o
    0x080012c0   0x080012c0   0x0000000c   Code   RO         2089    i.HAL_GPIO_WritePin  stm32f4xx_hal_gpio.o
    0x080012cc   0x080012cc   0x0000000c   Code   RO         2658    i.HAL_GetTick       stm32f4xx_hal.o
    0x080012d8   0x080012d8   0x00000018   Code   RO         2664    i.HAL_IncTick       stm32f4xx_hal.o
    0x080012f0   0x080012f0   0x0000003c   Code   RO         2665    i.HAL_Init          stm32f4xx_hal.o
    0x0800132c   0x0800132c   0x0000004c   Code   RO         2666    i.HAL_InitTick      stm32f4xx_hal.o
    0x08001378   0x08001378   0x00000048   Code   RO          536    i.HAL_MspInit       stm32f4xx_hal_msp.o
    0x080013c0   0x080013c0   0x00000028   Code   RO         2495    i.HAL_NVIC_EnableIRQ  stm32f4xx_hal_cortex.o
    0x080013e8   0x080013e8   0x0000007c   Code   RO         2501    i.HAL_NVIC_SetPriority  stm32f4xx_hal_cortex.o
    0x08001464   0x08001464   0x00000028   Code   RO         2502    i.HAL_NVIC_SetPriorityGrouping  stm32f4xx_hal_cortex.o
    0x0800148c   0x0800148c   0x00000028   Code   RO         1226    i.HAL_PCDEx_ActivateLPM  stm32f4xx_hal_pcd_ex.o
    0x080014b4   0x080014b4   0x00000070   Code   RO          770    i.HAL_PCDEx_LPM_Callback  usbd_conf.o
    0x08001524   0x08001524   0x0000000a   Code   RO         1230    i.HAL_PCDEx_SetRxFiFo  stm32f4xx_hal_pcd_ex.o
    0x0800152e   0x0800152e   0x0000004e   Code   RO         1231    i.HAL_PCDEx_SetTxFiFo  stm32f4xx_hal_pcd_ex.o
    0x0800157c   0x0800157c   0x0000000e   Code   RO          771    i.HAL_PCD_ConnectCallback  usbd_conf.o
    0x0800158a   0x0800158a   0x00000020   Code   RO          772    i.HAL_PCD_DataInStageCallback  usbd_conf.o
    0x080015aa   0x080015aa   0x00000020   Code   RO          773    i.HAL_PCD_DataOutStageCallback  usbd_conf.o
    0x080015ca   0x080015ca   0x0000000e   Code   RO          774    i.HAL_PCD_DisconnectCallback  usbd_conf.o
    0x080015d8   0x080015d8   0x00000042   Code   RO          992    i.HAL_PCD_EP_Abort  stm32f4xx_hal_pcd.o
    0x0800161a   0x0800161a   0x0000006a   Code   RO          993    i.HAL_PCD_EP_Close  stm32f4xx_hal_pcd.o
    0x08001684   0x08001684   0x0000007c   Code   RO          994    i.HAL_PCD_EP_ClrStall  stm32f4xx_hal_pcd.o
    0x08001700   0x08001700   0x00000016   Code   RO          996    i.HAL_PCD_EP_GetRxCount  stm32f4xx_hal_pcd.o
    0x08001716   0x08001716   0x0000008e   Code   RO          997    i.HAL_PCD_EP_Open   stm32f4xx_hal_pcd.o
    0x080017a4   0x080017a4   0x00000046   Code   RO          998    i.HAL_PCD_EP_Receive  stm32f4xx_hal_pcd.o
    0x080017ea   0x080017ea   0x0000008a   Code   RO          999    i.HAL_PCD_EP_SetStall  stm32f4xx_hal_pcd.o
    0x08001874   0x08001874   0x00000048   Code   RO         1000    i.HAL_PCD_EP_Transmit  stm32f4xx_hal_pcd.o
    0x080018bc   0x080018bc   0x0000070e   Code   RO         1002    i.HAL_PCD_IRQHandler  stm32f4xx_hal_pcd.o
    0x08001fca   0x08001fca   0x00000012   Code   RO          775    i.HAL_PCD_ISOINIncompleteCallback  usbd_conf.o
    0x08001fdc   0x08001fdc   0x00000012   Code   RO          776    i.HAL_PCD_ISOOUTIncompleteCallback  usbd_conf.o
    0x08001fee   0x08001fee   0x0000016a   Code   RO         1005    i.HAL_PCD_Init      stm32f4xx_hal_pcd.o
    0x08002158   0x08002158   0x000000c8   Code   RO          778    i.HAL_PCD_MspInit   usbd_conf.o
    0x08002220   0x08002220   0x00000030   Code   RO          779    i.HAL_PCD_ResetCallback  usbd_conf.o
    0x08002250   0x08002250   0x0000000e   Code   RO          780    i.HAL_PCD_ResumeCallback  usbd_conf.o
    0x0800225e   0x0800225e   0x0000000e   Code   RO          781    i.HAL_PCD_SOFCallback  usbd_conf.o
    0x0800226c   0x0800226c   0x00000034   Code   RO         1011    i.HAL_PCD_SetAddress  stm32f4xx_hal_pcd.o
    0x080022a0   0x080022a0   0x00000012   Code   RO          782    i.HAL_PCD_SetupStageCallback  usbd_conf.o
    0x080022b2   0x080022b2   0x0000004c   Code   RO         1014    i.HAL_PCD_Start     stm32f4xx_hal_pcd.o
    0x080022fe   0x080022fe   0x00000002   PAD
    0x08002300   0x08002300   0x00000034   Code   RO          783    i.HAL_PCD_SuspendCallback  usbd_conf.o
    0x08002334   0x08002334   0x00000558   Code   RO         1699    i.HAL_RCCEx_PeriphCLKConfig  stm32f4xx_hal_rcc_ex.o
    0x0800288c   0x0800288c   0x00000184   Code   RO         1592    i.HAL_RCC_ClockConfig  stm32f4xx_hal_rcc.o
    0x08002a10   0x08002a10   0x0000000c   Code   RO         1597    i.HAL_RCC_GetHCLKFreq  stm32f4xx_hal_rcc.o
    0x08002a1c   0x08002a1c   0x00000118   Code   RO         1703    i.HAL_RCC_GetSysClockFreq  stm32f4xx_hal_rcc_ex.o
    0x08002b34   0x08002b34   0x000004e8   Code   RO         1704    i.HAL_RCC_OscConfig  stm32f4xx_hal_rcc_ex.o
    0x0800301c   0x0800301c   0x00000034   Code   RO         2506    i.HAL_SYSTICK_Config  stm32f4xx_hal_cortex.o
    0x08003050   0x08003050   0x00000002   Code   RO         3884    i.HAL_TIMEx_BreakCallback  stm32f4xx_hal_tim_ex.o
    0x08003052   0x08003052   0x00000002   Code   RO         3885    i.HAL_TIMEx_CommutCallback  stm32f4xx_hal_tim_ex.o
    0x08003054   0x08003054   0x00000002   Code   RO         3886    i.HAL_TIMEx_CommutHalfCpltCallback  stm32f4xx_hal_tim_ex.o
    0x08003056   0x08003056   0x00000002   PAD
    0x08003058   0x08003058   0x000000b4   Code   RO         3903    i.HAL_TIMEx_MasterConfigSynchronization  stm32f4xx_hal_tim_ex.o
    0x0800310c   0x0800310c   0x00000078   Code   RO         3151    i.HAL_TIM_Base_Init  stm32f4xx_hal_tim.o
    0x08003184   0x08003184   0x00000048   Code   RO          376    i.HAL_TIM_Base_MspInit  tim.o
    0x080031cc   0x080031cc   0x000000a8   Code   RO         3156    i.HAL_TIM_Base_Start_IT  stm32f4xx_hal_tim.o
    0x08003274   0x08003274   0x0000010c   Code   RO         3160    i.HAL_TIM_ConfigClockSource  stm32f4xx_hal_tim.o
    0x08003380   0x08003380   0x00000002   Code   RO         3181    i.HAL_TIM_ErrorCallback  stm32f4xx_hal_tim.o
    0x08003382   0x08003382   0x00000002   Code   RO         3185    i.HAL_TIM_IC_CaptureCallback  stm32f4xx_hal_tim.o
    0x08003384   0x08003384   0x00000002   Code   RO         3186    i.HAL_TIM_IC_CaptureHalfCpltCallback  stm32f4xx_hal_tim.o
    0x08003386   0x08003386   0x0000018c   Code   RO         3199    i.HAL_TIM_IRQHandler  stm32f4xx_hal_tim.o
    0x08003512   0x08003512   0x00000002   Code   RO         3202    i.HAL_TIM_OC_DelayElapsedCallback  stm32f4xx_hal_tim.o
    0x08003514   0x08003514   0x00000002   Code   RO         3229    i.HAL_TIM_PWM_PulseFinishedCallback  stm32f4xx_hal_tim.o
    0x08003516   0x08003516   0x00000002   Code   RO         3230    i.HAL_TIM_PWM_PulseFinishedHalfCpltCallback  stm32f4xx_hal_tim.o
    0x08003518   0x08003518   0x00000028   Code   RO          377    i.HAL_TIM_PeriodElapsedCallback  tim.o
    0x08003540   0x08003540   0x00000002   Code   RO         3238    i.HAL_TIM_PeriodElapsedHalfCpltCallback  stm32f4xx_hal_tim.o
    0x08003542   0x08003542   0x00000002   Code   RO         3243    i.HAL_TIM_TriggerCallback  stm32f4xx_hal_tim.o
    0x08003544   0x08003544   0x00000002   Code   RO         3244    i.HAL_TIM_TriggerHalfCpltCallback  stm32f4xx_hal_tim.o
    0x08003546   0x08003546   0x00000004   Code   RO          430    i.HardFault_Handler  stm32f4xx_it.o
    0x0800354a   0x0800354a   0x00000002   PAD
    0x0800354c   0x0800354c   0x0000003c   Code   RO         4618    i.IMU_SendUpdateFrame  dm_imu.o
    0x08003588   0x08003588   0x00000080   Code   RO         4619    i.IMU_UpdateAccel   dm_imu.o
    0x08003608   0x08003608   0x0000003c   Code   RO         4620    i.IMU_UpdateData    dm_imu.o
    0x08003644   0x08003644   0x0000007c   Code   RO         4621    i.IMU_UpdateEuler   dm_imu.o
    0x080036c0   0x080036c0   0x00000080   Code   RO         4622    i.IMU_UpdateGyro    dm_imu.o
    0x08003740   0x08003740   0x000000a0   Code   RO         4623    i.IMU_UpdateQuaternion  dm_imu.o
    0x080037e0   0x080037e0   0x0000003e   Code   RO          618    i.IntToUnicode      usbd_desc.o
    0x0800381e   0x0800381e   0x00000002   PAD
    0x08003820   0x08003820   0x0000004c   Code   RO          315    i.MX_CAN1_Init      can.o
    0x0800386c   0x0800386c   0x0000004c   Code   RO          316    i.MX_CAN2_Init      can.o
    0x080038b8   0x080038b8   0x000000b4   Code   RO          185    i.MX_GPIO_Init      gpio.o
    0x0800396c   0x0800396c   0x00000074   Code   RO          378    i.MX_TIM1_Init      tim.o
    0x080039e0   0x080039e0   0x0000004c   Code   RO          560    i.MX_USB_DEVICE_Init  usb_device.o
    0x08003a2c   0x08003a2c   0x00000004   Code   RO          431    i.MemManage_Handler  stm32f4xx_it.o
    0x08003a30   0x08003a30   0x00000004   Code   RO          432    i.NMI_Handler       stm32f4xx_it.o
    0x08003a34   0x08003a34   0x00000010   Code   RO          433    i.OTG_FS_IRQHandler  stm32f4xx_it.o
    0x08003a44   0x08003a44   0x00000064   Code   RO         1018    i.PCD_EP_OutSetupPacket_int  stm32f4xx_hal_pcd.o
    0x08003aa8   0x08003aa8   0x00000144   Code   RO         1019    i.PCD_EP_OutXfrComplete_int  stm32f4xx_hal_pcd.o
    0x08003bec   0x08003bec   0x000000b6   Code   RO         1020    i.PCD_WriteEmptyTxFifo  stm32f4xx_hal_pcd.o
    0x08003ca2   0x08003ca2   0x00000002   Code   RO          434    i.PendSV_Handler    stm32f4xx_it.o
    0x08003ca4   0x08003ca4   0x00000002   Code   RO          435    i.SVC_Handler       stm32f4xx_it.o
    0x08003ca6   0x08003ca6   0x00000012   Code   RO         4350    i.SWAPBYTE          usbd_ctlreq.o
    0x08003cb8   0x08003cb8   0x00000008   Code   RO          436    i.SysTick_Handler   stm32f4xx_it.o
    0x08003cc0   0x08003cc0   0x000000b8   Code   RO           14    i.SystemClock_Config  main.o
    0x08003d78   0x08003d78   0x00000014   Code   RO         4152    i.SystemInit        system_stm32f4xx.o
    0x08003d8c   0x08003d8c   0x00000010   Code   RO          437    i.TIM1_UP_TIM10_IRQHandler  stm32f4xx_it.o
    0x08003d9c   0x08003d9c   0x000000e8   Code   RO         3246    i.TIM_Base_SetConfig  stm32f4xx_hal_tim.o
    0x08003e84   0x08003e84   0x00000016   Code   RO         3257    i.TIM_ETR_SetConfig  stm32f4xx_hal_tim.o
    0x08003e9a   0x08003e9a   0x00000012   Code   RO         3258    i.TIM_ITRx_SetConfig  stm32f4xx_hal_tim.o
    0x08003eac   0x08003eac   0x00000070   Code   RO         3263    i.TIM_ResetCallback  stm32f4xx_hal_tim.o
    0x08003f1c   0x08003f1c   0x00000026   Code   RO         3265    i.TIM_TI1_ConfigInputStage  stm32f4xx_hal_tim.o
    0x08003f42   0x08003f42   0x00000028   Code   RO         3267    i.TIM_TI2_ConfigInputStage  stm32f4xx_hal_tim.o
    0x08003f6a   0x08003f6a   0x000000c4   Code   RO         4513    i.USBD_CDC_DataIn   usbd_cdc.o
    0x0800402e   0x0800402e   0x00000048   Code   RO         4514    i.USBD_CDC_DataOut  usbd_cdc.o
    0x08004076   0x08004076   0x00000002   PAD
    0x08004078   0x08004078   0x000000d4   Code   RO         4515    i.USBD_CDC_DeInit   usbd_cdc.o
    0x0800414c   0x0800414c   0x00000050   Code   RO         4516    i.USBD_CDC_EP0_RxReady  usbd_cdc.o
    0x0800419c   0x0800419c   0x00000010   Code   RO         4517    i.USBD_CDC_GetDeviceQualifierDescriptor  usbd_cdc.o
    0x080041ac   0x080041ac   0x00000044   Code   RO         4518    i.USBD_CDC_GetFSCfgDesc  usbd_cdc.o
    0x080041f0   0x080041f0   0x00000048   Code   RO         4519    i.USBD_CDC_GetHSCfgDesc  usbd_cdc.o
    0x08004238   0x08004238   0x00000044   Code   RO         4520    i.USBD_CDC_GetOtherSpeedCfgDesc  usbd_cdc.o
    0x0800427c   0x0800427c   0x000001a0   Code   RO         4521    i.USBD_CDC_Init     usbd_cdc.o
    0x0800441c   0x0800441c   0x00000050   Code   RO         4522    i.USBD_CDC_ReceivePacket  usbd_cdc.o
    0x0800446c   0x0800446c   0x00000018   Code   RO         4523    i.USBD_CDC_RegisterInterface  usbd_cdc.o
    0x08004484   0x08004484   0x0000001e   Code   RO         4524    i.USBD_CDC_SetRxBuffer  usbd_cdc.o
    0x080044a2   0x080044a2   0x00000024   Code   RO         4525    i.USBD_CDC_SetTxBuffer  usbd_cdc.o
    0x080044c6   0x080044c6   0x00000140   Code   RO         4526    i.USBD_CDC_Setup    usbd_cdc.o
    0x08004606   0x08004606   0x0000001c   Code   RO         4188    i.USBD_ClrClassConfig  usbd_core.o
    0x08004622   0x08004622   0x0000003e   Code   RO         4351    i.USBD_ClrFeature   usbd_ctlreq.o
    0x08004660   0x08004660   0x00000006   Code   RO         4189    i.USBD_CoreFindEP   usbd_core.o
    0x08004666   0x08004666   0x00000006   Code   RO         4190    i.USBD_CoreFindIF   usbd_core.o
    0x0800466c   0x0800466c   0x00000018   Code   RO         4453    i.USBD_CtlContinueRx  usbd_ioreq.o
    0x08004684   0x08004684   0x00000018   Code   RO         4454    i.USBD_CtlContinueSendData  usbd_ioreq.o
    0x0800469c   0x0800469c   0x00000018   Code   RO         4352    i.USBD_CtlError     usbd_ctlreq.o
    0x080046b4   0x080046b4   0x00000028   Code   RO         4455    i.USBD_CtlPrepareRx  usbd_ioreq.o
    0x080046dc   0x080046dc   0x0000001a   Code   RO         4456    i.USBD_CtlReceiveStatus  usbd_ioreq.o
    0x080046f6   0x080046f6   0x00000022   Code   RO         4457    i.USBD_CtlSendData  usbd_ioreq.o
    0x08004718   0x08004718   0x0000001a   Code   RO         4458    i.USBD_CtlSendStatus  usbd_ioreq.o
    0x08004732   0x08004732   0x00000002   PAD
    0x08004734   0x08004734   0x00000034   Code   RO          619    i.USBD_FS_ConfigStrDescriptor  usbd_desc.o
    0x08004768   0x08004768   0x00000010   Code   RO          620    i.USBD_FS_DeviceDescriptor  usbd_desc.o
    0x08004778   0x08004778   0x00000038   Code   RO          621    i.USBD_FS_InterfaceStrDescriptor  usbd_desc.o
    0x080047b0   0x080047b0   0x00000010   Code   RO          622    i.USBD_FS_LangIDStrDescriptor  usbd_desc.o
    0x080047c0   0x080047c0   0x0000002c   Code   RO          623    i.USBD_FS_ManufacturerStrDescriptor  usbd_desc.o
    0x080047ec   0x080047ec   0x00000040   Code   RO          624    i.USBD_FS_ProductStrDescriptor  usbd_desc.o
    0x0800482c   0x0800482c   0x00000018   Code   RO          625    i.USBD_FS_SerialStrDescriptor  usbd_desc.o
    0x08004844   0x08004844   0x00000010   Code   RO          626    i.USBD_FS_USR_BOSDescriptor  usbd_desc.o
    0x08004854   0x08004854   0x00000056   Code   RO         4353    i.USBD_GetConfig    usbd_ctlreq.o
    0x080048aa   0x080048aa   0x00000232   Code   RO         4354    i.USBD_GetDescriptor  usbd_ctlreq.o
    0x08004adc   0x08004adc   0x00000050   Code   RO         4192    i.USBD_GetEpDesc    usbd_core.o
    0x08004b2c   0x08004b2c   0x00000016   Code   RO         4355    i.USBD_GetLen       usbd_ctlreq.o
    0x08004b42   0x08004b42   0x00000014   Code   RO         4193    i.USBD_GetNextDesc  usbd_core.o
    0x08004b56   0x08004b56   0x0000005a   Code   RO         4356    i.USBD_GetStatus    usbd_ctlreq.o
    0x08004bb0   0x08004bb0   0x00000068   Code   RO         4357    i.USBD_GetString    usbd_ctlreq.o
    0x08004c18   0x08004c18   0x0000002c   Code   RO          784    i.USBD_Get_USB_Status  usbd_conf.o
    0x08004c44   0x08004c44   0x0000003a   Code   RO         4194    i.USBD_Init         usbd_core.o
    0x08004c7e   0x08004c7e   0x00000026   Code   RO          785    i.USBD_LL_ClearStallEP  usbd_conf.o
    0x08004ca4   0x08004ca4   0x00000026   Code   RO          786    i.USBD_LL_CloseEP   usbd_conf.o
    0x08004cca   0x08004cca   0x00000108   Code   RO         4195    i.USBD_LL_DataInStage  usbd_core.o
    0x08004dd2   0x08004dd2   0x00000102   Code   RO         4196    i.USBD_LL_DataOutStage  usbd_core.o
    0x08004ed4   0x08004ed4   0x00000006   Code   RO         4197    i.USBD_LL_DevConnected  usbd_core.o
    0x08004eda   0x08004eda   0x00000026   Code   RO         4198    i.USBD_LL_DevDisconnected  usbd_core.o
    0x08004f00   0x08004f00   0x00000012   Code   RO          790    i.USBD_LL_GetRxDataSize  usbd_conf.o
    0x08004f12   0x08004f12   0x00000002   PAD
    0x08004f14   0x08004f14   0x00000068   Code   RO          791    i.USBD_LL_Init      usbd_conf.o
    0x08004f7c   0x08004f7c   0x00000038   Code   RO          792    i.USBD_LL_IsStallEP  usbd_conf.o
    0x08004fb4   0x08004fb4   0x00000048   Code   RO         4199    i.USBD_LL_IsoINIncomplete  usbd_core.o
    0x08004ffc   0x08004ffc   0x00000048   Code   RO         4200    i.USBD_LL_IsoOUTIncomplete  usbd_core.o
    0x08005044   0x08005044   0x00000030   Code   RO          793    i.USBD_LL_OpenEP    usbd_conf.o
    0x08005074   0x08005074   0x00000030   Code   RO          794    i.USBD_LL_PrepareReceive  usbd_conf.o
    0x080050a4   0x080050a4   0x0000006c   Code   RO         4201    i.USBD_LL_Reset     usbd_core.o
    0x08005110   0x08005110   0x00000016   Code   RO         4202    i.USBD_LL_Resume    usbd_core.o
    0x08005126   0x08005126   0x00000028   Code   RO         4203    i.USBD_LL_SOF       usbd_core.o
    0x0800514e   0x0800514e   0x00000008   Code   RO         4204    i.USBD_LL_SetSpeed  usbd_core.o
    0x08005156   0x08005156   0x00000026   Code   RO          795    i.USBD_LL_SetUSBAddress  usbd_conf.o
    0x0800517c   0x0800517c   0x00000076   Code   RO         4205    i.USBD_LL_SetupStage  usbd_core.o
    0x080051f2   0x080051f2   0x00000026   Code   RO          796    i.USBD_LL_StallEP   usbd_conf.o
    0x08005218   0x08005218   0x0000001e   Code   RO          797    i.USBD_LL_Start     usbd_conf.o
    0x08005236   0x08005236   0x0000001c   Code   RO         4206    i.USBD_LL_Suspend   usbd_core.o
    0x08005252   0x08005252   0x00000030   Code   RO          799    i.USBD_LL_Transmit  usbd_conf.o
    0x08005282   0x08005282   0x00000036   Code   RO         4358    i.USBD_ParseSetupRequest  usbd_ctlreq.o
    0x080052b8   0x080052b8   0x00000048   Code   RO         4207    i.USBD_RegisterClass  usbd_core.o
    0x08005300   0x08005300   0x00000006   Code   RO         4208    i.USBD_RunTestMode  usbd_core.o
    0x08005306   0x08005306   0x0000005a   Code   RO         4359    i.USBD_SetAddress   usbd_ctlreq.o
    0x08005360   0x08005360   0x00000020   Code   RO         4209    i.USBD_SetClassConfig  usbd_core.o
    0x08005380   0x08005380   0x00000104   Code   RO         4360    i.USBD_SetConfig    usbd_ctlreq.o
    0x08005484   0x08005484   0x00000038   Code   RO         4361    i.USBD_SetFeature   usbd_ctlreq.o
    0x080054bc   0x080054bc   0x0000000c   Code   RO         4210    i.USBD_Start        usbd_core.o
    0x080054c8   0x080054c8   0x000000ae   Code   RO         4362    i.USBD_StdDevReq    usbd_ctlreq.o
    0x08005576   0x08005576   0x00000280   Code   RO         4363    i.USBD_StdEPReq     usbd_ctlreq.o
    0x080057f6   0x080057f6   0x000000ae   Code   RO         4364    i.USBD_StdItfReq    usbd_ctlreq.o
    0x080058a4   0x080058a4   0x00000002   Code   RO          800    i.USBD_static_free  usbd_conf.o
    0x080058a6   0x080058a6   0x00000002   PAD
    0x080058a8   0x080058a8   0x0000000c   Code   RO          801    i.USBD_static_malloc  usbd_conf.o
    0x080058b4   0x080058b4   0x000000d0   Code   RO         1281    i.USB_ActivateEndpoint  stm32f4xx_ll_usb.o
    0x08005984   0x08005984   0x00000028   Code   RO         1283    i.USB_ActivateSetup  stm32f4xx_ll_usb.o
    0x080059ac   0x080059ac   0x0000008c   Code   RO         1285    i.USB_CoreInit      stm32f4xx_ll_usb.o
    0x08005a38   0x08005a38   0x00000054   Code   RO         1286    i.USB_CoreReset     stm32f4xx_ll_usb.o
    0x08005a8c   0x08005a8c   0x0000014c   Code   RO         1289    i.USB_DeactivateEndpoint  stm32f4xx_ll_usb.o
    0x08005bd8   0x08005bd8   0x00000024   Code   RO         1290    i.USB_DevConnect    stm32f4xx_ll_usb.o
    0x08005bfc   0x08005bfc   0x00000024   Code   RO         1291    i.USB_DevDisconnect  stm32f4xx_ll_usb.o
    0x08005c20   0x08005c20   0x000001e0   Code   RO         1292    i.USB_DevInit       stm32f4xx_ll_usb.o
    0x08005e00   0x08005e00   0x0000000e   Code   RO         1293    i.USB_DisableGlobalInt  stm32f4xx_ll_usb.o
    0x08005e0e   0x08005e0e   0x00000002   PAD
    0x08005e10   0x08005e10   0x00000070   Code   RO         1296    i.USB_EP0_OutStart  stm32f4xx_ll_usb.o
    0x08005e80   0x08005e80   0x0000008e   Code   RO         1297    i.USB_EPClearStall  stm32f4xx_ll_usb.o
    0x08005f0e   0x08005f0e   0x0000009a   Code   RO         1298    i.USB_EPSetStall    stm32f4xx_ll_usb.o
    0x08005fa8   0x08005fa8   0x000003c0   Code   RO         1299    i.USB_EPStartXfer   stm32f4xx_ll_usb.o
    0x08006368   0x08006368   0x000000ec   Code   RO         1300    i.USB_EPStopXfer    stm32f4xx_ll_usb.o
    0x08006454   0x08006454   0x0000000e   Code   RO         1301    i.USB_EnableGlobalInt  stm32f4xx_ll_usb.o
    0x08006462   0x08006462   0x00000050   Code   RO         1302    i.USB_FlushRxFifo   stm32f4xx_ll_usb.o
    0x080064b2   0x080064b2   0x00000054   Code   RO         1303    i.USB_FlushTxFifo   stm32f4xx_ll_usb.o
    0x08006506   0x08006506   0x00000026   Code   RO         1305    i.USB_GetDevSpeed   stm32f4xx_ll_usb.o
    0x0800652c   0x0800652c   0x0000000a   Code   RO         1307    i.USB_GetMode       stm32f4xx_ll_usb.o
    0x08006536   0x08006536   0x00000014   Code   RO         1315    i.USB_ReadDevAllInEpInterrupt  stm32f4xx_ll_usb.o
    0x0800654a   0x0800654a   0x00000014   Code   RO         1316    i.USB_ReadDevAllOutEpInterrupt  stm32f4xx_ll_usb.o
    0x0800655e   0x0800655e   0x00000032   Code   RO         1317    i.USB_ReadDevInEPInterrupt  stm32f4xx_ll_usb.o
    0x08006590   0x08006590   0x0000001a   Code   RO         1318    i.USB_ReadDevOutEPInterrupt  stm32f4xx_ll_usb.o
    0x080065aa   0x080065aa   0x0000000a   Code   RO         1319    i.USB_ReadInterrupts  stm32f4xx_ll_usb.o
    0x080065b4   0x080065b4   0x00000060   Code   RO         1320    i.USB_ReadPacket    stm32f4xx_ll_usb.o
    0x08006614   0x08006614   0x00000068   Code   RO         1322    i.USB_SetCurrentMode  stm32f4xx_ll_usb.o
    0x0800667c   0x0800667c   0x0000002a   Code   RO         1323    i.USB_SetDevAddress  stm32f4xx_ll_usb.o
    0x080066a6   0x080066a6   0x00000012   Code   RO         1324    i.USB_SetDevSpeed   stm32f4xx_ll_usb.o
    0x080066b8   0x080066b8   0x000000e8   Code   RO         1325    i.USB_SetTurnaroundTime  stm32f4xx_ll_usb.o
    0x080067a0   0x080067a0   0x00000044   Code   RO         1328    i.USB_WritePacket   stm32f4xx_ll_usb.o
    0x080067e4   0x080067e4   0x00000004   Code   RO          438    i.UsageFault_Handler  stm32f4xx_it.o
    0x080067e8   0x080067e8   0x00000010   Code   RO         2508    i.__NVIC_GetPriorityGrouping  stm32f4xx_hal_cortex.o
    0x080067f8   0x080067f8   0x00000028   Code   RO         2509    i.__NVIC_SetPriority  stm32f4xx_hal_cortex.o
    0x08006820   0x08006820   0x00000038   Code   RO           15    i.main              main.o
    0x08006858   0x08006858   0x00000034   Code   RO         4625    i.uint_to_float     dm_imu.o
    0x0800688c   0x0800688c   0x0000000a   Code   RO         4804    x$fpl$fpinit        fz_wm.l(fpinit.o)
    0x08006896   0x08006896   0x00000018   Data   RO         4153    .constdata          system_stm32f4xx.o
    0x080068ae   0x080068ae   0x00000002   PAD
    0x080068b0   0x080068b0   0x00000020   Data   RO         4862    Region$$Table       anon$$obj.o


    Execution Region RW_IRAM1 (Exec base: 0x20000000, Load base: 0x080068d0, Size: 0x00002510, Max: 0x00020000, ABSOLUTE)

    Exec Addr    Load Addr    Size         Type   Attr      Idx    E Section Name        Object

    0x20000000   0x080068d0   0x00000004   Data   RW          318    .data               can.o
    0x20000004   0x080068d4   0x00000004   Data   RW          380    .data               tim.o
    0x20000008   0x080068d8   0x0000005e   Data   RW          628    .data               usbd_desc.o
    0x20000066   0x08006936   0x00000002   PAD
    0x20000068   0x08006938   0x00000014   Data   RW          720    .data               usbd_cdc_if.o
    0x2000007c   0x0800694c   0x00000009   Data   RW         2672    .data               stm32f4xx_hal.o
    0x20000085   0x08006955   0x00000003   PAD
    0x20000088   0x08006958   0x00000004   Data   RW         4154    .data               system_stm32f4xx.o
    0x2000008c   0x0800695c   0x00000001   Data   RW         4365    .data               usbd_ctlreq.o
    0x2000008d   0x0800695d   0x00000003   PAD
    0x20000090   0x08006960   0x0000008a   Data   RW         4528    .data               usbd_cdc.o
    0x2000011a   0x080069ea   0x00000002   PAD
    0x2000011c        -       0x000000c8   Zero   RW          317    .bss                can.o
    0x200001e4        -       0x000000b4   Zero   RW          379    .bss                tim.o
    0x20000298        -       0x000002dc   Zero   RW          561    .bss                usb_device.o
    0x20000574        -       0x00000200   Zero   RW          627    .bss                usbd_desc.o
    0x20000774        -       0x00001000   Zero   RW          719    .bss                usbd_cdc_if.o
    0x20001774        -       0x00000704   Zero   RW          802    .bss                usbd_conf.o
    0x20001e78        -       0x00000038   Zero   RW         4626    .bss                dm_imu.o
    0x20001eb0        -       0x00000060   Zero   RW         4734    .bss                c_w.l(libspace.o)
    0x20001f10        -       0x00000200   Zero   RW            2    HEAP                startup_stm32f446xx.o
    0x20002110        -       0x00000400   Zero   RW            1    STACK               startup_stm32f446xx.o


==============================================================================

Image component sizes


      Code (inc. data)   RO Data    RW Data    ZI Data      Debug   Object Name

       708         58          0          4        200       3779   can.o
       712         62          0          0         56       5513   dm_imu.o
       180          8          0          0          0     722531   gpio.o
       246         16          0          0          0     718140   main.o
        64         26        452          0       1536        852   startup_stm32f446xx.o
       212         36          0          9          0       9329   stm32f4xx_hal.o
      2322         64          0          0          0      15317   stm32f4xx_hal_can.o
       312         22          0          0          0      34391   stm32f4xx_hal_cortex.o
       496         40          0          0          0       2124   stm32f4xx_hal_gpio.o
        72          4          0          0          0        878   stm32f4xx_hal_msp.o
      3642         16          0          0          0      13976   stm32f4xx_hal_pcd.o
       128          4          0          0          0       2508   stm32f4xx_hal_pcd_ex.o
       400         26          0          0          0       2152   stm32f4xx_hal_rcc.o
      2904         72          0          0          0       4662   stm32f4xx_hal_rcc_ex.o
      1432        134          0          0          0      13614   stm32f4xx_hal_tim.o
       186         30          0          0          0       3160   stm32f4xx_hal_tim_ex.o
       130         36          0          0          0       7361   stm32f4xx_it.o
      3886         84          0          0          0      23092   stm32f4xx_ll_usb.o
        20          6         24          4          0       1151   system_stm32f4xx.o
       228         28          0          4        180       2330   tim.o
        76         16          0          0        732       8459   usb_device.o
      1690         48          0        138          0      13611   usbd_cdc.o
       148         16          0         20       4096       3574   usbd_cdc_if.o
      1148         32          0          0       1796      18593   usbd_conf.o
      1354          0          0          0          0      16745   usbd_core.o
      2416         22          0          1          0      18060   usbd_ctlreq.o
       402        128          0         94        512       7661   usbd_desc.o
       174          0          0          0          0       4776   usbd_ioreq.o

    ----------------------------------------------------------------------
     25714       1034        510        284       9108    1678339   Object Totals
         0          0         32          0          0          0   (incl. Generated)
        26          0          2         10          0          0   (incl. Padding)

    ----------------------------------------------------------------------

      Code (inc. data)   RO Data    RW Data    ZI Data      Debug   Library Member Name

         8          0          0          0          0         68   __main.o
         0          0          0          0          0          0   __rtentry.o
        12          0          0          0          0          0   __rtentry2.o
         6          0          0          0          0          0   __rtentry4.o
        52          8          0          0          0          0   __scatter.o
        26          0          0          0          0          0   __scatter_copy.o
        28          0          0          0          0          0   __scatter_zi.o
        18          0          0          0          0         80   exit.o
         6          0          0          0          0        152   heapauxi.o
         0          0          0          0          0          0   indicate_semi.o
         2          0          0          0          0          0   libinit.o
         6          0          0          0          0          0   libinit2.o
         2          0          0          0          0          0   libshutdown.o
         2          0          0          0          0          0   libshutdown2.o
         8          4          0          0         96         68   libspace.o
       238          0          0          0          0        100   lludivv7m.o
        78          0          0          0          0         80   rt_memclr_w.o
         2          0          0          0          0          0   rtexit.o
        10          0          0          0          0          0   rtexit2.o
        12          4          0          0          0         68   sys_exit.o
        74          0          0          0          0         80   sys_stackheap_outer.o
         2          0          0          0          0         68   use_no_semi.o
        10          0          0          0          0        116   fpinit.o

    ----------------------------------------------------------------------
       608         16          0          0         96        880   Library Totals
         6          0          0          0          0          0   (incl. Padding)

    ----------------------------------------------------------------------

      Code (inc. data)   RO Data    RW Data    ZI Data      Debug   Library Name

       592         16          0          0         96        764   c_w.l
        10          0          0          0          0        116   fz_wm.l

    ----------------------------------------------------------------------
       608         16          0          0         96        880   Library Totals

    ----------------------------------------------------------------------

==============================================================================


      Code (inc. data)   RO Data    RW Data    ZI Data      Debug   

     26322       1050        510        284       9204    1655359   Grand Totals
     26322       1050        510        284       9204    1655359   ELF Image Totals
     26322       1050        510        284          0          0   ROM Totals

==============================================================================

    Total RO  Size (Code + RO Data)                26832 (  26.20kB)
    Total RW  Size (RW Data + ZI Data)              9488 (   9.27kB)
    Total ROM Size (Code + RO Data + RW Data)      27116 (  26.48kB)

==============================================================================

